Archive member included to satisfy reference by file (symbol)

../ChromaKey_bsp/\libhal_bsp.a(alt_load.o)
                              ../ChromaKey_bsp//obj/HAL/src/crt0.o (alt_load)
../ChromaKey_bsp/\libhal_bsp.a(alt_main.o)
                              ../ChromaKey_bsp//obj/HAL/src/crt0.o (alt_main)
../ChromaKey_bsp/\libhal_bsp.a(alt_sys_init.o)
                              ../ChromaKey_bsp/\libhal_bsp.a(alt_main.o) (alt_irq_init)
../ChromaKey_bsp/\libhal_bsp.a(altera_avalon_cfi_flash.o)
                              ../ChromaKey_bsp/\libhal_bsp.a(alt_sys_init.o) (alt_flash_cfi_init)
../ChromaKey_bsp/\libhal_bsp.a(altera_avalon_cfi_flash_table.o)
                              ../ChromaKey_bsp/\libhal_bsp.a(altera_avalon_cfi_flash.o) (alt_set_flash_width_func)
../ChromaKey_bsp/\libhal_bsp.a(altera_avalon_jtag_uart_fd.o)
                              ../ChromaKey_bsp/\libhal_bsp.a(alt_sys_init.o) (altera_avalon_jtag_uart_read_fd)
../ChromaKey_bsp/\libhal_bsp.a(altera_avalon_jtag_uart_init.o)
                              ../ChromaKey_bsp/\libhal_bsp.a(alt_sys_init.o) (altera_avalon_jtag_uart_init)
../ChromaKey_bsp/\libhal_bsp.a(altera_avalon_jtag_uart_ioctl.o)
                              ../ChromaKey_bsp/\libhal_bsp.a(altera_avalon_jtag_uart_fd.o) (altera_avalon_jtag_uart_ioctl)
../ChromaKey_bsp/\libhal_bsp.a(altera_avalon_jtag_uart_read.o)
                              ../ChromaKey_bsp/\libhal_bsp.a(altera_avalon_jtag_uart_fd.o) (altera_avalon_jtag_uart_read)
../ChromaKey_bsp/\libhal_bsp.a(altera_avalon_jtag_uart_write.o)
                              ../ChromaKey_bsp/\libhal_bsp.a(altera_avalon_jtag_uart_fd.o) (altera_avalon_jtag_uart_write)
../ChromaKey_bsp/\libhal_bsp.a(altera_avalon_timer_sc.o)
                              ../ChromaKey_bsp/\libhal_bsp.a(alt_sys_init.o) (alt_avalon_timer_sc_init)
../ChromaKey_bsp/\libhal_bsp.a(altera_ro_zipfs.o)
                              ../ChromaKey_bsp/\libhal_bsp.a(alt_sys_init.o) (alt_ro_zipfs_open)
../ChromaKey_bsp/\libhal_bsp.a(altera_up_avalon_character_lcd.o)
                              ../ChromaKey_bsp/\libhal_bsp.a(alt_sys_init.o) (alt_up_character_lcd_init)
../ChromaKey_bsp/\libhal_bsp.a(altera_up_avalon_ps2.o)
                              ../ChromaKey_bsp/\libhal_bsp.a(alt_sys_init.o) (alt_up_ps2_init)
../ChromaKey_bsp/\libhal_bsp.a(altera_up_avalon_rs232.o)
                              ../ChromaKey_bsp/\libhal_bsp.a(alt_sys_init.o) (alt_up_rs232_read_fd)
../ChromaKey_bsp/\libhal_bsp.a(altera_up_avalon_video_character_buffer_with_dma.o)
                              ../ChromaKey_bsp/\libhal_bsp.a(alt_sys_init.o) (alt_up_char_buffer_init)
../ChromaKey_bsp/\libhal_bsp.a(alt_alarm_start.o)
                              ../ChromaKey_bsp/\libhal_bsp.a(altera_avalon_jtag_uart_init.o) (alt_alarm_start)
../ChromaKey_bsp/\libhal_bsp.a(alt_close.o)
                              ../ChromaKey_bsp/\libhal_bsp.a(alt_main.o) (close)
../ChromaKey_bsp/\libhal_bsp.a(alt_dcache_flush.o)
                              ../ChromaKey_bsp/\libhal_bsp.a(altera_avalon_cfi_flash.o) (alt_dcache_flush)
../ChromaKey_bsp/\libhal_bsp.a(alt_dcache_flush_all.o)
                              ../ChromaKey_bsp/\libhal_bsp.a(alt_load.o) (alt_dcache_flush_all)
../ChromaKey_bsp/\libhal_bsp.a(alt_dev.o)
                              ../ChromaKey_bsp/\libhal_bsp.a(alt_sys_init.o) (alt_dev_list)
../ChromaKey_bsp/\libhal_bsp.a(alt_dev_llist_insert.o)
                              ../ChromaKey_bsp/\libhal_bsp.a(alt_sys_init.o) (alt_dev_llist_insert)
../ChromaKey_bsp/\libhal_bsp.a(alt_do_ctors.o)
                              ../ChromaKey_bsp/\libhal_bsp.a(alt_main.o) (_do_ctors)
../ChromaKey_bsp/\libhal_bsp.a(alt_do_dtors.o)
                              ../ChromaKey_bsp/\libhal_bsp.a(alt_main.o) (_do_dtors)
../ChromaKey_bsp/\libhal_bsp.a(alt_errno.o)
                              ../ChromaKey_bsp/\libhal_bsp.a(alt_close.o) (alt_errno)
../ChromaKey_bsp/\libhal_bsp.a(alt_find_dev.o)
                              ../ChromaKey_bsp/\libhal_bsp.a(altera_up_avalon_character_lcd.o) (alt_find_dev)
../ChromaKey_bsp/\libhal_bsp.a(alt_flash_dev.o)
                              ../ChromaKey_bsp/\libhal_bsp.a(altera_avalon_cfi_flash.o) (alt_flash_dev_list)
../ChromaKey_bsp/\libhal_bsp.a(alt_fs_reg.o)
                              ../ChromaKey_bsp/\libhal_bsp.a(alt_sys_init.o) (alt_fs_reg)
../ChromaKey_bsp/\libhal_bsp.a(alt_icache_flush_all.o)
                              ../ChromaKey_bsp/\libhal_bsp.a(alt_load.o) (alt_icache_flush_all)
../ChromaKey_bsp/\libhal_bsp.a(alt_io_redirect.o)
                              ../ChromaKey_bsp/\libhal_bsp.a(alt_main.o) (alt_io_redirect)
../ChromaKey_bsp/\libhal_bsp.a(alt_irq_register.o)
                              ../ChromaKey_bsp/\libhal_bsp.a(altera_avalon_jtag_uart_init.o) (alt_irq_register)
../ChromaKey_bsp/\libhal_bsp.a(alt_irq_vars.o)
                              ../ChromaKey_bsp/\libhal_bsp.a(alt_irq_register.o) (alt_irq_active)
[...]
Memory Configuration

Name             Origin             Length             Attributes
reset            0x0000000000000000 0x0000000000000020
sdram            0x0000000000000020 0x0000000007ffffe0
flash_controller 0x0000000008000000 0x0000000000800000
onchip_memory    0x0000000008800000 0x0000000000008000
*default*        0x0000000000000000 0xffffffffffffffff

Linker script and memory map

LOAD ../ChromaKey_bsp//obj/HAL/src/crt0.o
LOAD obj/default/test_mtl.o
LOAD c:/intelfpga/17.1/nios2eds/bin/gnu/h-x86_64-mingw32/bin/../lib/gcc/nios2-elf/5.3.0/../../../../../H-x86_64-mingw32/nios2-elf/lib\libstdc++.a
LOAD c:/intelfpga/17.1/nios2eds/bin/gnu/h-x86_64-mingw32/bin/../lib/gcc/nios2-elf/5.3.0/../../../../../H-x86_64-mingw32/nios2-elf/lib\libm.a
LOAD c:/intelfpga/17.1/nios2eds/bin/gnu/h-x86_64-mingw32/bin/../lib/gcc/nios2-elf/5.3.0\libgcc.a
START GROUP
LOAD c:/intelfpga/17.1/nios2eds/bin/gnu/h-x86_64-mingw32/bin/../lib/gcc/nios2-elf/5.3.0/../../../../../H-x86_64-mingw32/nios2-elf/lib\libc.a
LOAD c:/intelfpga/17.1/nios2eds/bin/gnu/h-x86_64-mingw32/bin/../lib/gcc/nios2-elf/5.3.0\libgcc.a
LOAD ../ChromaKey_bsp/\libhal_bsp.a
LOAD c:/intelfpga/17.1/nios2eds/bin/gnu/h-x86_64-mingw32/bin/../lib/gcc/nios2-elf/5.3.0/../../../../../H-x86_64-mingw32/nios2-elf/lib\libm.a
END GROUP
LOAD c:/intelfpga/17.1/nios2eds/bin/gnu/h-x86_64-mingw32/bin/../lib/gcc/nios2-elf/5.3.0\libgcc.a
                0x0000000000000000                __alt_mem_sdram = 0x0
                0x0000000008000000                __alt_mem_flash_controller = 0x8000000
                0x0000000008800000                __alt_mem_onchip_memory = 0x8800000

.entry          0x0000000000000000       0x20
 *(.entry)
 .entry         0x0000000000000000       0x20 ../ChromaKey_bsp//obj/HAL/src/crt0.o
                0x0000000000000000                __reset

.exceptions     0x0000000000000020      0x228
                0x0000000000000020                PROVIDE (__ram_exceptions_start, ABSOLUTE (.))
                0x0000000000000020                . = ALIGN (0x20)
 *(.irq)
 *(.exceptions.entry.label)
 .exceptions.entry.label
                0x0000000000000020        0x0 ../ChromaKey_bsp/\libhal_bsp.a(alt_irq_entry.o)
                0x0000000000000020                alt_irq_entry
 .exceptions.entry.label
                0x0000000000000020        0x0 ../ChromaKey_bsp/\libhal_bsp.a(alt_exception_entry.o)
                0x0000000000000020                alt_exception
 *(.exceptions.entry.user)
 *(.exceptions.entry.ecc_fatal)
 *(.exceptions.entry)
 .exceptions.entry
                0x0000000000000020       0x54 ../ChromaKey_bsp/\libhal_bsp.a(alt_exception_entry.o)
 *(.exceptions.irqtest.user)
 *(.exceptions.irqtest)
 .exceptions.irqtest
                0x0000000000000074       0x10 ../ChromaKey_bsp/\libhal_bsp.a(alt_irq_entry.o)
 *(.exceptions.irqhandler.user)
 *(.exceptions.irqhandler)
 .exceptions.irqhandler
                0x0000000000000084        0x4 ../ChromaKey_bsp/\libhal_bsp.a(alt_irq_entry.o)
 *(.exceptions.irqreturn.user)
 *(.exceptions.irqreturn)
 .exceptions.irqreturn
                0x0000000000000088        0x4 ../ChromaKey_bsp/\libhal_bsp.a(alt_irq_entry.o)
 *(.exceptions.notirq.label)
 .exceptions.notirq.label
                0x000000000000008c        0x0 ../ChromaKey_bsp/\libhal_bsp.a(alt_irq_entry.o)
 *(.exceptions.notirq.user)
 *(.exceptions.notirq)
 .exceptions.notirq
                0x000000000000008c        0x8 ../ChromaKey_bsp/\libhal_bsp.a(alt_exception_entry.o)
 *(.exceptions.soft.user)
 *(.exceptions.soft)
 *(.exceptions.unknown.user)
 *(.exceptions.unknown)
 .exceptions.unknown
                0x0000000000000094       0x14 ../ChromaKey_bsp/\libhal_bsp.a(alt_exception_entry.o)
 *(.exceptions.exit.label)
 .exceptions.exit.label
                0x00000000000000a8        0x0 ../ChromaKey_bsp/\libhal_bsp.a(alt_irq_entry.o)
 .exceptions.exit.label
                0x00000000000000a8        0x0 ../ChromaKey_bsp/\libhal_bsp.a(alt_exception_entry.o)
 *(.exceptions.exit.user)
 *(.exceptions.exit)
 .exceptions.exit
                0x00000000000000a8       0x54 ../ChromaKey_bsp/\libhal_bsp.a(alt_exception_entry.o)
 *(.exceptions)
 .exceptions    0x00000000000000fc       0xd8 ../ChromaKey_bsp/\libhal_bsp.a(alt_irq_handler.o)
                0x00000000000000fc                alt_irq_handler
 .exceptions    0x00000000000001d4       0x74 ../ChromaKey_bsp/\libhal_bsp.a(alt_instruction_exception_entry.o)
                0x00000000000001d4                alt_instruction_exception_entry
                0x0000000000000248                PROVIDE (__ram_exceptions_end, ABSOLUTE (.))
                0x0000000000000020                PROVIDE (__flash_exceptions_start, LOADADDR (.exceptions))

.text           0x0000000000000248     0x7164
                [!provide]                        PROVIDE (stext, ABSOLUTE (.))
 *(.interp)
 *(.hash)
 *(.dynsym)
 *(.dynstr)
 *(.gnu.version)
 *(.gnu.version_d)
 *(.gnu.version_r)
 *(.rel.init)
 *(.rela.init)
 *(.rel.text .rel.text.* .rel.gnu.linkonce.t.*)
 *(.rela.text .rela.text.* .rela.gnu.linkonce.t.*)
 *(.rel.fini)
 *(.rela.fini)
 *(.rel.rodata .rel.rodata.* .rel.gnu.linkonce.r.*)
 *(.rela.rodata .rela.rodata.* .rela.gnu.linkonce.r.*)
 *(.rel.data .rel.data.* .rel.gnu.linkonce.d.*)
 *(.rela.data .rela.data.* .rela.gnu.linkonce.d.*)
 *(.rel.tdata .rel.tdata.* .rel.gnu.linkonce.td.*)
 *(.rela.tdata .rela.tdata.* .rela.gnu.linkonce.td.*)
 *(.rel.tbss .rel.tbss.* .rel.gnu.linkonce.tb.*)
 *(.rela.tbss .rela.tbss.* .rela.gnu.linkonce.tb.*)
 *(.rel.ctors)
 *(.rela.ctors)
 *(.rel.dtors)
 *(.rela.dtors)
 *(.rel.got)
 *(.rela.got)
 *(.rel.sdata .rel.sdata.* .rel.gnu.linkonce.s.*)
 *(.rela.sdata .rela.sdata.* .rela.gnu.linkonce.s.*)
 *(.rel.sbss .rel.sbss.* .rel.gnu.linkonce.sb.*)
 *(.rela.sbss .rela.sbss.* .rela.gnu.linkonce.sb.*)
 *(.rel.sdata2 .rel.sdata2.* .rel.gnu.linkonce.s2.*)
 *(.rela.sdata2 .rela.sdata2.* .rela.gnu.linkonce.s2.*)
 *(.rel.sbss2 .rel.sbss2.* .rel.gnu.linkonce.sb2.*)
 *(.rela.sbss2 .rela.sbss2.* .rela.gnu.linkonce.sb2.*)
 *(.rel.bss .rel.bss.* .rel.gnu.linkonce.b.*)
 *(.rela.bss .rela.bss.* .rela.gnu.linkonce.b.*)
 *(.rel.plt)
 *(.rela.plt)
 *(.rel.dyn)
 *(.init)
 *(.plt)
 *(.text .stub .text.* .gnu.linkonce.t.*)
 .text          0x0000000000000248       0x4c ../ChromaKey_bsp//obj/HAL/src/crt0.o
                0x0000000000000248                _start
 .text          0x0000000000000294      0x35c obj/default/test_mtl.o
                0x0000000000000294                main
                0x0000000000000388                LCD_cursor
                0x00000000000003f4                LCD_text
                0x0000000000000460                LCD_cursor_off
                0x0000000000000498                MTL_text
                0x0000000000000530                MTL_box
 .text          0x00000000000005f0       0xec ../ChromaKey_bsp/\libhal_bsp.a(alt_load.o)
                0x0000000000000658                alt_load
 .text          0x00000000000006dc       0x7c ../ChromaKey_bsp/\libhal_bsp.a(alt_main.o)
                0x00000000000006dc                alt_main
 .text          0x0000000000000758      0x280 ../ChromaKey_bsp/\libhal_bsp.a(alt_sys_init.o)
                0x000000000000078c                alt_irq_init
                0x00000000000007c4                alt_sys_init
 .text          0x00000000000009d8      0x898 ../ChromaKey_bsp/\libhal_bsp.a(altera_avalon_cfi_flash.o)
                0x0000000000000a0c                alt_flash_cfi_init
                0x0000000000000a9c                alt_flash_cfi_write
                0x0000000000000d44                alt_flash_cfi_get_info
                0x0000000000000dd0                alt_flash_cfi_read
                0x0000000000000e34                alt_write_value_to_flash
                0x0000000000000f90                alt_flash_program_block
 .text          0x0000000000001270     0x1448 ../ChromaKey_bsp/\libhal_bsp.a(altera_avalon_cfi_flash_table.o)
                0x0000000000001270                alt_read_query_entry_8bit
                0x00000000000012ac                alt_read_query_entry_16bit
                0x00000000000012ec                alt_read_query_entry_32bit
                0x000000000000132c                alt_write_flash_command_8bit_device_8bit_mode
                0x0000000000001370                alt_write_flash_command_16bit_device_8bit_mode
                0x00000000000013e8                alt_write_flash_command_32bit_device_8bit_mode
                0x0000000000001438                alt_write_flash_command_16bit_device_16bit_mode
                0x0000000000001484                alt_write_flash_command_32bit_device_16bit_mode
                0x00000000000014d4                alt_write_flash_command_32bit_device_32bit_mode
                0x0000000000001524                alt_write_native_8bit
                0x000000000000155c                alt_write_native_16bit
                0x0000000000001594                alt_write_native_32bit
                0x00000000000015c8                alt_set_flash_width_func
                0x000000000000178c                alt_set_flash_algorithm_func
                0x00000000000018a8                alt_read_cfi_table
                0x0000000000001e70                alt_read_cfi_width
                0x00000000000025e0                alt_check_primary_table
 .text          0x00000000000026b8      0x164 ../ChromaKey_bsp/\libhal_bsp.a(altera_avalon_jtag_uart_fd.o)
                0x00000000000026b8                altera_avalon_jtag_uart_read_fd
                0x0000000000002718                altera_avalon_jtag_uart_write_fd
                0x0000000000002778                altera_avalon_jtag_uart_close_fd
                0x00000000000027c8                altera_avalon_jtag_uart_ioctl_fd
 .text          0x000000000000281c      0x3cc ../ChromaKey_bsp/\libhal_bsp.a(altera_avalon_jtag_uart_init.o)
                0x000000000000281c                altera_avalon_jtag_uart_init
                0x0000000000002b80                altera_avalon_jtag_uart_close
 .text          0x0000000000002be8       0xf0 ../ChromaKey_bsp/\libhal_bsp.a(altera_avalon_jtag_uart_ioctl.o)
                0x0000000000002be8                altera_avalon_jtag_uart_ioctl
 .text          0x0000000000002cd8      0x21c ../ChromaKey_bsp/\libhal_bsp.a(altera_avalon_jtag_uart_read.o)
                0x0000000000002cd8                altera_avalon_jtag_uart_read
 .text          0x0000000000002ef4      0x224 ../ChromaKey_bsp/\libhal_bsp.a(altera_avalon_jtag_uart_write.o)
                0x0000000000002ef4                altera_avalon_jtag_uart_write
 .text          0x0000000000003118       0xf0 ../ChromaKey_bsp/\libhal_bsp.a(altera_avalon_timer_sc.o)
                0x0000000000003194                alt_avalon_timer_sc_init
 .text          0x0000000000003208      0xb9c ../ChromaKey_bsp/\libhal_bsp.a(altera_ro_zipfs.o)
                0x0000000000003488                check_directory_header
                0x0000000000003a20                alt_ro_zipfs_open
                0x0000000000003ab0                alt_ro_zipfs_read
                0x0000000000003b98                alt_ro_zipfs_seek
                0x0000000000003cd4                alt_ro_zipfs_fstat
                0x0000000000003d4c                alt_ro_zipfs_check_valid
 .text          0x0000000000003da4      0x4f4 ../ChromaKey_bsp/\libhal_bsp.a(altera_up_avalon_character_lcd.o)
                0x0000000000003da4                get_DDRAM_addr
                0x0000000000003e18                alt_up_character_lcd_send_cmd
                0x0000000000003e58                alt_up_character_lcd_init
                0x0000000000003e90                alt_up_character_lcd_open_dev
                0x0000000000003ecc                alt_up_character_lcd_write
                0x0000000000003f48                alt_up_character_lcd_string
                0x0000000000003fc0                alt_up_character_lcd_write_fd
                0x0000000000004010                alt_up_character_lcd_set_cursor_pos
                0x0000000000004084                alt_up_character_lcd_shift_cursor
                0x0000000000004110                alt_up_character_lcd_shift_display
                0x000000000000419c                alt_up_character_lcd_erase_pos
                0x0000000000004228                alt_up_character_lcd_cursor_off
                0x0000000000004260                alt_up_character_lcd_cursor_blink_on
 .text          0x0000000000004298      0x6b0 ../ChromaKey_bsp/\libhal_bsp.a(altera_up_avalon_ps2.o)
                0x0000000000004298                read_RI_bit
                0x00000000000042cc                read_RE_bit
                0x00000000000042fc                read_CE_bit
                0x0000000000004330                read_num_bytes_available
                0x0000000000004360                read_data_valid
                0x0000000000004394                read_data_byte
                0x00000000000043c0                alt_up_ps2_init
                0x0000000000004488                alt_up_ps2_enable_read_interrupt
                0x00000000000044e4                alt_up_ps2_disable_read_interrupt
                0x0000000000004544                alt_up_ps2_write_data_byte
                0x00000000000045b8                alt_up_ps2_wait_for_ack
                0x0000000000004620                alt_up_ps2_write_data_byte_with_ack
                0x0000000000004684                alt_up_ps2_read_data_byte_timeout
                0x0000000000004720                alt_up_ps2_read_data_byte
                0x0000000000004790                alt_up_ps2_clear_fifo
                0x00000000000047e8                alt_up_ps2_read_fd
                0x0000000000004874                alt_up_ps2_write_fd
                0x000000000000490c                alt_up_ps2_open_dev
 .text          0x0000000000004948      0x390 ../ChromaKey_bsp/\libhal_bsp.a(altera_up_avalon_rs232.o)
                0x0000000000004948                alt_up_rs232_enable_read_interrupt
                0x00000000000049a4                alt_up_rs232_disable_read_interrupt
                0x0000000000004a04                alt_up_rs232_get_used_space_in_read_FIFO
                0x0000000000004a44                alt_up_rs232_get_available_space_in_write_FIFO
                0x0000000000004a80                alt_up_rs232_check_parity
                0x0000000000004ac4                alt_up_rs232_write_data
                0x0000000000004b04                alt_up_rs232_read_data
                0x0000000000004b78                alt_up_rs232_read_fd
                0x0000000000004c08                alt_up_rs232_write_fd
                0x0000000000004c9c                alt_up_rs232_open_dev
 .text          0x0000000000004cd8      0x2e0 ../ChromaKey_bsp/\libhal_bsp.a(altera_up_avalon_video_character_buffer_with_dma.o)
                0x0000000000004cd8                alt_up_char_buffer_init
                0x0000000000004d58                alt_up_char_buffer_open_dev
                0x0000000000004d94                alt_up_char_buffer_draw
                0x0000000000004e60                alt_up_char_buffer_string
                0x0000000000004f5c                alt_up_char_buffer_clear
 .text          0x0000000000004fb8      0x12c ../ChromaKey_bsp/\libhal_bsp.a(alt_alarm_start.o)
                0x0000000000004fb8                alt_alarm_start
 .text          0x00000000000050e4      0x10c ../ChromaKey_bsp/\libhal_bsp.a(alt_close.o)
                0x0000000000005120                close
 .text          0x00000000000051f0       0x78 ../ChromaKey_bsp/\libhal_bsp.a(alt_dcache_flush.o)
                0x00000000000051f0                alt_dcache_flush
 .text          0x0000000000005268       0x48 ../ChromaKey_bsp/\libhal_bsp.a(alt_dcache_flush_all.o)
                0x0000000000005268                alt_dcache_flush_all
 .text          0x00000000000052b0       0x2c ../ChromaKey_bsp/\libhal_bsp.a(alt_dev.o)
 .text          0x00000000000052dc       0xe0 ../ChromaKey_bsp/\libhal_bsp.a(alt_dev_llist_insert.o)
                0x0000000000005318                alt_dev_llist_insert
 .text          0x00000000000053bc       0x60 ../ChromaKey_bsp/\libhal_bsp.a(alt_do_ctors.o)
                0x00000000000053bc                _do_ctors
 .text          0x000000000000541c       0x60 ../ChromaKey_bsp/\libhal_bsp.a(alt_do_dtors.o)
                0x000000000000541c                _do_dtors
 .text          0x000000000000547c        0x0 ../ChromaKey_bsp/\libhal_bsp.a(alt_errno.o)
 .text          0x000000000000547c       0x90 ../ChromaKey_bsp/\libhal_bsp.a(alt_find_dev.o)
                0x000000000000547c                alt_find_dev
 .text          0x000000000000550c       0xbc ../ChromaKey_bsp/\libhal_bsp.a(alt_flash_dev.o)
                0x000000000000550c                alt_flash_open_dev
                0x0000000000005574                alt_flash_close_dev
 .text          0x00000000000055c8       0x80 ../ChromaKey_bsp/\libhal_bsp.a(alt_fs_reg.o)
                0x00000000000055c8                alt_fs_reg
 .text          0x0000000000005648       0x34 ../ChromaKey_bsp/\libhal_bsp.a(alt_icache_flush_all.o)
                0x0000000000005648                alt_icache_flush_all
 .text          0x000000000000567c      0x140 ../ChromaKey_bsp/\libhal_bsp.a(alt_io_redirect.o)
                0x0000000000005740                alt_io_redirect
 .text          0x00000000000057bc      0x180 ../ChromaKey_bsp/\libhal_bsp.a(alt_irq_register.o)
                0x00000000000057bc                alt_irq_register
 .text          0x000000000000593c        0x0 ../ChromaKey_bsp/\libhal_bsp.a(alt_irq_vars.o)
 .text          0x000000000000593c      0x254 ../ChromaKey_bsp/\libhal_bsp.a(alt_open.o)
                0x0000000000005a3c                open
 .text          0x0000000000005b90       0x64 ../ChromaKey_bsp/\libhal_bsp.a(alt_release_fd.o)
                0x0000000000005b90                alt_release_fd
 .text          0x0000000000005bf4      0x1a4 ../ChromaKey_bsp/\libhal_bsp.a(alt_tick.o)
                0x0000000000005bf4                alt_alarm_stop
                0x0000000000005c90                alt_tick
 .text          0x0000000000005d98       0x24 ../ChromaKey_bsp/\libhal_bsp.a(altera_nios2_gen2_irq.o)
                0x0000000000005d98                altera_nios2_gen2_irq_init
 .text          0x0000000000005dbc      0x460 ../ChromaKey_bsp/\libhal_bsp.a(altera_avalon_cfi_flash_amd.o)
                0x0000000000005dbc                alt_program_amd
                0x0000000000005e24                alt_erase_block_amd
 .text          0x000000000000621c      0x45c ../ChromaKey_bsp/\libhal_bsp.a(altera_avalon_cfi_flash_intel.o)
                0x000000000000621c                alt_program_intel
                0x000000000000629c                alt_erase_block_intel
 .text          0x0000000000006678      0x108 ../ChromaKey_bsp/\libhal_bsp.a(alt_find_file.o)
                0x0000000000006678                alt_find_file
 .text          0x0000000000006780       0xa4 ../ChromaKey_bsp/\libhal_bsp.a(alt_get_fd.o)
                0x0000000000006780                alt_get_fd
 .text          0x0000000000006824       0x90 ../ChromaKey_bsp/\libhal_bsp.a(alt_icache_flush.o)
                0x0000000000006824                alt_icache_flush
 .text          0x00000000000068b4        0x0 ../ChromaKey_bsp/\libhal_bsp.a(alt_irq_entry.o)
 .text          0x00000000000068b4        0x0 ../ChromaKey_bsp/\libhal_bsp.a(alt_irq_handler.o)
 .text          0x00000000000068b4       0x30 ../ChromaKey_bsp/\libhal_bsp.a(alt_usleep.o)
                0x00000000000068b4                usleep
 .text          0x00000000000068e4      0x158 ../ChromaKey_bsp/\libhal_bsp.a(alt_busy_sleep.o)
                0x00000000000068e4                alt_busy_sleep
 .text          0x0000000000006a3c        0x0 ../ChromaKey_bsp/\libhal_bsp.a(alt_exception_entry.o)
 .text          0x0000000000006a3c       0x9c ../ChromaKey_bsp/\libhal_bsp.a(alt_instruction_exception_entry.o)
                0x0000000000006a3c                alt_exception_cause_generated_bad_addr
 .text          0x0000000000006ad8        0x0 c:/intelfpga/17.1/nios2eds/bin/gnu/h-x86_64-mingw32/bin/../lib/gcc/nios2-elf/5.3.0/../../../../../H-x86_64-mingw32/nios2-elf/lib\libc.a(lib_a-atexit.o)
 .text.atexit   0x0000000000006ad8       0x14 c:/intelfpga/17.1/nios2eds/bin/gnu/h-x86_64-mingw32/bin/../lib/gcc/nios2-elf/5.3.0/../../../../../H-x86_64-mingw32/nios2-elf/lib\libc.a(lib_a-atexit.o)
                0x0000000000006ad8                atexit
 .text          0x0000000000006aec        0x0 c:/intelfpga/17.1/nios2eds/bin/gnu/h-x86_64-mingw32/bin/../lib/gcc/nios2-elf/5.3.0/../../../../../H-x86_64-mingw32/nios2-elf/lib\libc.a(lib_a-exit.o)
 .text.exit     0x0000000000006aec       0x38 c:/intelfpga/17.1/nios2eds/bin/gnu/h-x86_64-mingw32/bin/../lib/gcc/nios2-elf/5.3.0/../../../../../H-x86_64-mingw32/nios2-elf/lib\libc.a(lib_a-exit.o)
                0x0000000000006aec                exit
 .text          0x0000000000006b24        0x0 c:/intelfpga/17.1/nios2eds/bin/gnu/h-x86_64-mingw32/bin/../lib/gcc/nios2-elf/5.3.0/../../../../../H-x86_64-mingw32/nios2-elf/lib\libc.a(lib_a-impure.o)
 .text          0x0000000000006b24        0x0 c:/intelfpga/17.1/nios2eds/bin/gnu/h-x86_64-mingw32/bin/../lib/gcc/nios2-elf/5.3.0/../../../../../H-x86_64-mingw32/nios2-elf/lib\libc.a(lib_a-int_errno.o)
 .text          0x0000000000006b24        0x0 c:/intelfpga/17.1/nios2eds/bin/gnu/h-x86_64-mingw32/bin/../lib/gcc/nios2-elf/5.3.0/../../../../../H-x86_64-mingw32/nios2-elf/lib\libc.a(lib_a-memcmp.o)
 .text.memcmp   0x0000000000006b24       0x7c c:/intelfpga/17.1/nios2eds/bin/gnu/h-x86_64-mingw32/bin/../lib/gcc/nios2-elf/5.3.0/../../../../../H-x86_64-mingw32/nios2-elf/lib\libc.a(lib_a-memcmp.o)
                0x0000000000006b24                memcmp
 .text          0x0000000000006ba0        0x0 c:/intelfpga/17.1/nios2eds/bin/gnu/h-x86_64-mingw32/bin/../lib/gcc/nios2-elf/5.3.0/../../../../../H-x86_64-mingw32/nios2-elf/lib\libc.a(lib_a-memcpy.o)
 .text.memcpy   0x0000000000006ba0      0x148 c:/intelfpga/17.1/nios2eds/bin/gnu/h-x86_64-mingw32/bin/../lib/gcc/nios2-elf/5.3.0/../../../../../H-x86_64-mingw32/nios2-elf/lib\libc.a(lib_a-memcpy.o)
                0x0000000000006ba0                memcpy
 .text          0x0000000000006ce8        0x0 c:/intelfpga/17.1/nios2eds/bin/gnu/h-x86_64-mingw32/bin/../lib/gcc/nios2-elf/5.3.0/../../../../../H-x86_64-mingw32/nios2-elf/lib\libc.a(lib_a-strcmp.o)
 .text.strcmp   0x0000000000006ce8       0xdc c:/intelfpga/17.1/nios2eds/bin/gnu/h-x86_64-mingw32/bin/../lib/gcc/nios2-elf/5.3.0/../../../../../H-x86_64-mingw32/nios2-elf/lib\libc.a(lib_a-strcmp.o)
                0x0000000000006ce8                strcmp
 .text          0x0000000000006dc4        0x0 c:/intelfpga/17.1/nios2eds/bin/gnu/h-x86_64-mingw32/bin/../lib/gcc/nios2-elf/5.3.0/../../../../../H-x86_64-mingw32/nios2-elf/lib\libc.a(lib_a-strlen.o)
 .text.strlen   0x0000000000006dc4       0x98 c:/intelfpga/17.1/nios2eds/bin/gnu/h-x86_64-mingw32/bin/../lib/gcc/nios2-elf/5.3.0/../../../../../H-x86_64-mingw32/nios2-elf/lib\libc.a(lib_a-strlen.o)
                0x0000000000006dc4                strlen
 .text          0x0000000000006e5c        0x0 c:/intelfpga/17.1/nios2eds/bin/gnu/h-x86_64-mingw32/bin/../lib/gcc/nios2-elf/5.3.0/../../../../../H-x86_64-mingw32/nios2-elf/lib\libc.a(lib_a-strncmp.o)
 .text.strncmp  0x0000000000006e5c       0xd0 c:/intelfpga/17.1/nios2eds/bin/gnu/h-x86_64-mingw32/bin/../lib/gcc/nios2-elf/5.3.0/../../../../../H-x86_64-mingw32/nios2-elf/lib\libc.a(lib_a-strncmp.o)
                0x0000000000006e5c                strncmp
 .text          0x0000000000006f2c        0x0 c:/intelfpga/17.1/nios2eds/bin/gnu/h-x86_64-mingw32/bin/../lib/gcc/nios2-elf/5.3.0/../../../../../H-x86_64-mingw32/nios2-elf/lib\libc.a(lib_a-__atexit.o)
 .text.__register_exitproc
                0x0000000000006f2c      0x118 c:/intelfpga/17.1/nios2eds/bin/gnu/h-x86_64-mingw32/bin/../lib/gcc/nios2-elf/5.3.0/../../../../../H-x86_64-mingw32/nios2-elf/lib\libc.a(lib_a-__atexit.o)
                0x0000000000006f2c                __register_exitproc
 .text          0x0000000000007044        0x0 c:/intelfpga/17.1/nios2eds/bin/gnu/h-x86_64-mingw32/bin/../lib/gcc/nios2-elf/5.3.0/../../../../../H-x86_64-mingw32/nios2-elf/lib\libc.a(lib_a-__call_atexit.o)
 .text.__call_exitprocs
                0x0000000000007044      0x180 c:/intelfpga/17.1/nios2eds/bin/gnu/h-x86_64-mingw32/bin/../lib/gcc/nios2-elf/5.3.0/../../../../../H-x86_64-mingw32/nios2-elf/lib\libc.a(lib_a-__call_atexit.o)
                0x0000000000007044                __call_exitprocs
 .text          0x00000000000071c4      0x1b4 c:/intelfpga/17.1/nios2eds/bin/gnu/h-x86_64-mingw32/bin/../lib/gcc/nios2-elf/5.3.0\libgcc.a(lib2-divmod.o)
                0x00000000000071c4                __divsi3
                0x0000000000007248                __modsi3
                0x00000000000072bc                __udivsi3
                0x0000000000007320                __umodsi3
 .text          0x0000000000007378       0x34 ../ChromaKey_bsp/\libhal_bsp.a(alt_exit.o)
                0x0000000000007378                _exit
 *(.gnu.warning.*)
 *(.fini)
                [!provide]                        PROVIDE (__etext, ABSOLUTE (.))
                [!provide]                        PROVIDE (_etext, ABSOLUTE (.))
                [!provide]                        PROVIDE (etext, ABSOLUTE (.))
 *(.eh_frame_hdr)
                0x00000000000073ac                . = ALIGN (0x4)
                [!provide]                        PROVIDE (__preinit_array_start, ABSOLUTE (.))
 *(.preinit_array)
                [!provide]                        PROVIDE (__preinit_array_end, ABSOLUTE (.))
                [!provide]                        PROVIDE (__init_array_start, ABSOLUTE (.))
 *(.init_array)
                [!provide]                        PROVIDE (__init_array_end, ABSOLUTE (.))
                [!provide]                        PROVIDE (__fini_array_start, ABSOLUTE (.))
 *(.fini_array)
                [!provide]                        PROVIDE (__fini_array_end, ABSOLUTE (.))
 *(.eh_frame)
 *(.gcc_except_table .gcc_except_table.*)
 *(.dynamic)
                0x00000000000073ac                PROVIDE (__CTOR_LIST__, ABSOLUTE (.))
 *(.ctors)
 *(SORT(.ctors.*))
                0x00000000000073ac                PROVIDE (__CTOR_END__, ABSOLUTE (.))
                0x00000000000073ac                PROVIDE (__DTOR_LIST__, ABSOLUTE (.))
 *(.dtors)
 *(SORT(.dtors.*))
                0x00000000000073ac                PROVIDE (__DTOR_END__, ABSOLUTE (.))
 *(.jcr)
                0x00000000000073ac                . = ALIGN (0x4)

.rodata         0x00000000000073ac      0x184
                0x00000000000073ac                PROVIDE (__ram_rodata_start, ABSOLUTE (.))
                0x00000000000073ac                . = ALIGN (0x4)
 *(.rodata .rodata.* .gnu.linkonce.r.*)
 .rodata        0x00000000000073ac        0xf ../ChromaKey_bsp/\libhal_bsp.a(alt_main.o)
 *fill*         0x00000000000073bb        0x1 
 .rodata        0x00000000000073bc      0x145 ../ChromaKey_bsp/\libhal_bsp.a(alt_sys_init.o)
 *fill*         0x0000000000007501        0x3 
 .rodata        0x0000000000007504       0x1a ../ChromaKey_bsp/\libhal_bsp.a(altera_up_avalon_video_character_buffer_with_dma.o)
 *fill*         0x000000000000751e        0x2 
 .rodata        0x0000000000007520        0xa ../ChromaKey_bsp/\libhal_bsp.a(alt_dev.o)
 *fill*         0x000000000000752a        0x2 
 .rodata.str1.4
                0x000000000000752c        0x4 c:/intelfpga/17.1/nios2eds/bin/gnu/h-x86_64-mingw32/bin/../lib/gcc/nios2-elf/5.3.0/../../../../../H-x86_64-mingw32/nios2-elf/lib\libc.a(lib_a-impure.o)
                                          0x2 (size before relaxing)
 *(.rodata1)
                0x0000000000007530                . = ALIGN (0x4)
                0x0000000000007530                PROVIDE (__ram_rodata_end, ABSOLUTE (.))
                0x00000000000073ac                PROVIDE (__flash_rodata_start, LOADADDR (.rodata))

.rwdata         0x0000000000007530     0x1a10 load address 0x0000000000008f40
                0x0000000000007530                PROVIDE (__ram_rwdata_start, ABSOLUTE (.))
                0x0000000000007530                . = ALIGN (0x4)
 *(.got.plt)
 *(.got)
 *(.data1)
 *(.data .data.* .gnu.linkonce.d.*)
 .data          0x0000000000007530        0x0 ../ChromaKey_bsp//obj/HAL/src/crt0.o
 .data          0x0000000000007530        0x0 obj/default/test_mtl.o
 .data          0x0000000000007530        0x0 ../ChromaKey_bsp/\libhal_bsp.a(alt_load.o)
 .data          0x0000000000007530        0x0 ../ChromaKey_bsp/\libhal_bsp.a(alt_main.o)
 .data          0x0000000000007530     0x1410 ../ChromaKey_bsp/\libhal_bsp.a(alt_sys_init.o)
 .data          0x0000000000008940        0x0 ../ChromaKey_bsp/\libhal_bsp.a(altera_avalon_cfi_flash.o)
 .data          0x0000000000008940        0x0 ../ChromaKey_bsp/\libhal_bsp.a(altera_avalon_cfi_flash_table.o)
 .data          0x0000000000008940        0x0 ../ChromaKey_bsp/\libhal_bsp.a(altera_avalon_jtag_uart_fd.o)
 .data          0x0000000000008940        0x0 ../ChromaKey_bsp/\libhal_bsp.a(altera_avalon_jtag_uart_init.o)
 .data          0x0000000000008940        0x0 ../ChromaKey_bsp/\libhal_bsp.a(altera_avalon_jtag_uart_ioctl.o)
 .data          0x0000000000008940        0x0 ../ChromaKey_bsp/\libhal_bsp.a(altera_avalon_jtag_uart_read.o)
 .data          0x0000000000008940        0x0 ../ChromaKey_bsp/\libhal_bsp.a(altera_avalon_jtag_uart_write.o)
 .data          0x0000000000008940        0x0 ../ChromaKey_bsp/\libhal_bsp.a(altera_avalon_timer_sc.o)
 .data          0x0000000000008940        0x0 ../ChromaKey_bsp/\libhal_bsp.a(altera_ro_zipfs.o)
 .data          0x0000000000008940        0x0 ../ChromaKey_bsp/\libhal_bsp.a(altera_up_avalon_character_lcd.o)
 .data          0x0000000000008940        0x0 ../ChromaKey_bsp/\libhal_bsp.a(altera_up_avalon_ps2.o)
 .data          0x0000000000008940        0x0 ../ChromaKey_bsp/\libhal_bsp.a(altera_up_avalon_rs232.o)
 .data          0x0000000000008940        0x0 ../ChromaKey_bsp/\libhal_bsp.a(altera_up_avalon_video_character_buffer_with_dma.o)
 .data          0x0000000000008940        0x0 ../ChromaKey_bsp/\libhal_bsp.a(alt_alarm_start.o)
 .data          0x0000000000008940        0x0 ../ChromaKey_bsp/\libhal_bsp.a(alt_close.o)
 .data          0x0000000000008940        0x0 ../ChromaKey_bsp/\libhal_bsp.a(alt_dcache_flush.o)
 .data          0x0000000000008940        0x0 ../ChromaKey_bsp/\libhal_bsp.a(alt_dcache_flush_all.o)
 .data          0x0000000000008940      0x1a8 ../ChromaKey_bsp/\libhal_bsp.a(alt_dev.o)
                0x0000000000008940                alt_dev_null
                0x0000000000008968                alt_fd_list
 .data          0x0000000000008ae8        0x0 ../ChromaKey_bsp/\libhal_bsp.a(alt_dev_llist_insert.o)
 .data          0x0000000000008ae8        0x0 ../ChromaKey_bsp/\libhal_bsp.a(alt_do_ctors.o)
 .data          0x0000000000008ae8        0x0 ../ChromaKey_bsp/\libhal_bsp.a(alt_do_dtors.o)
 .data          0x0000000000008ae8        0x0 ../ChromaKey_bsp/\libhal_bsp.a(alt_errno.o)
 .data          0x0000000000008ae8        0x0 ../ChromaKey_bsp/\libhal_bsp.a(alt_find_dev.o)
 .data          0x0000000000008ae8        0x0 ../ChromaKey_bsp/\libhal_bsp.a(alt_flash_dev.o)
 .data          0x0000000000008ae8        0x0 ../ChromaKey_bsp/\libhal_bsp.a(alt_fs_reg.o)
 .data          0x0000000000008ae8        0x0 ../ChromaKey_bsp/\libhal_bsp.a(alt_icache_flush_all.o)
 .data          0x0000000000008ae8        0x0 ../ChromaKey_bsp/\libhal_bsp.a(alt_io_redirect.o)
 .data          0x0000000000008ae8        0x0 ../ChromaKey_bsp/\libhal_bsp.a(alt_irq_register.o)
 .data          0x0000000000008ae8        0x0 ../ChromaKey_bsp/\libhal_bsp.a(alt_irq_vars.o)
 .data          0x0000000000008ae8        0x0 ../ChromaKey_bsp/\libhal_bsp.a(alt_open.o)
 .data          0x0000000000008ae8        0x0 ../ChromaKey_bsp/\libhal_bsp.a(alt_release_fd.o)
 .data          0x0000000000008ae8        0x0 ../ChromaKey_bsp/\libhal_bsp.a(alt_tick.o)
 .data          0x0000000000008ae8        0x0 ../ChromaKey_bsp/\libhal_bsp.a(altera_nios2_gen2_irq.o)
 .data          0x0000000000008ae8        0x0 ../ChromaKey_bsp/\libhal_bsp.a(altera_avalon_cfi_flash_amd.o)
 .data          0x0000000000008ae8        0x0 ../ChromaKey_bsp/\libhal_bsp.a(altera_avalon_cfi_flash_intel.o)
 .data          0x0000000000008ae8        0x0 ../ChromaKey_bsp/\libhal_bsp.a(alt_find_file.o)
 .data          0x0000000000008ae8        0x0 ../ChromaKey_bsp/\libhal_bsp.a(alt_get_fd.o)
 .data          0x0000000000008ae8        0x0 ../ChromaKey_bsp/\libhal_bsp.a(alt_icache_flush.o)
 .data          0x0000000000008ae8        0x0 ../ChromaKey_bsp/\libhal_bsp.a(alt_irq_entry.o)
 .data          0x0000000000008ae8        0x0 ../ChromaKey_bsp/\libhal_bsp.a(alt_irq_handler.o)
 .data          0x0000000000008ae8        0x0 ../ChromaKey_bsp/\libhal_bsp.a(alt_usleep.o)
 .data          0x0000000000008ae8        0x0 ../ChromaKey_bsp/\libhal_bsp.a(alt_busy_sleep.o)
 .data          0x0000000000008ae8        0x0 ../ChromaKey_bsp/\libhal_bsp.a(alt_exception_entry.o)
 .data          0x0000000000008ae8        0x0 ../ChromaKey_bsp/\libhal_bsp.a(alt_instruction_exception_entry.o)
 .data          0x0000000000008ae8        0x0 c:/intelfpga/17.1/nios2eds/bin/gnu/h-x86_64-mingw32/bin/../lib/gcc/nios2-elf/5.3.0/../../../../../H-x86_64-mingw32/nios2-elf/lib\libc.a(lib_a-atexit.o)
 .data          0x0000000000008ae8        0x0 c:/intelfpga/17.1/nios2eds/bin/gnu/h-x86_64-mingw32/bin/../lib/gcc/nios2-elf/5.3.0/../../../../../H-x86_64-mingw32/nios2-elf/lib\libc.a(lib_a-exit.o)
 .data          0x0000000000008ae8        0x0 c:/intelfpga/17.1/nios2eds/bin/gnu/h-x86_64-mingw32/bin/../lib/gcc/nios2-elf/5.3.0/../../../../../H-x86_64-mingw32/nios2-elf/lib\libc.a(lib_a-impure.o)
 .data.impure_data
                0x0000000000008ae8      0x424 c:/intelfpga/17.1/nios2eds/bin/gnu/h-x86_64-mingw32/bin/../lib/gcc/nios2-elf/5.3.0/../../../../../H-x86_64-mingw32/nios2-elf/lib\libc.a(lib_a-impure.o)
 .data          0x0000000000008f0c        0x0 c:/intelfpga/17.1/nios2eds/bin/gnu/h-x86_64-mingw32/bin/../lib/gcc/nios2-elf/5.3.0/../../../../../H-x86_64-mingw32/nios2-elf/lib\libc.a(lib_a-int_errno.o)
 .data          0x0000000000008f0c        0x0 c:/intelfpga/17.1/nios2eds/bin/gnu/h-x86_64-mingw32/bin/../lib/gcc/nios2-elf/5.3.0/../../../../../H-x86_64-mingw32/nios2-elf/lib\libc.a(lib_a-memcmp.o)
 .data          0x0000000000008f0c        0x0 c:/intelfpga/17.1/nios2eds/bin/gnu/h-x86_64-mingw32/bin/../lib/gcc/nios2-elf/5.3.0/../../../../../H-x86_64-mingw32/nios2-elf/lib\libc.a(lib_a-memcpy.o)
 .data          0x0000000000008f0c        0x0 c:/intelfpga/17.1/nios2eds/bin/gnu/h-x86_64-mingw32/bin/../lib/gcc/nios2-elf/5.3.0/../../../../../H-x86_64-mingw32/nios2-elf/lib\libc.a(lib_a-strcmp.o)
 .data          0x0000000000008f0c        0x0 c:/intelfpga/17.1/nios2eds/bin/gnu/h-x86_64-mingw32/bin/../lib/gcc/nios2-elf/5.3.0/../../../../../H-x86_64-mingw32/nios2-elf/lib\libc.a(lib_a-strlen.o)
 .data          0x0000000000008f0c        0x0 c:/intelfpga/17.1/nios2eds/bin/gnu/h-x86_64-mingw32/bin/../lib/gcc/nios2-elf/5.3.0/../../../../../H-x86_64-mingw32/nios2-elf/lib\libc.a(lib_a-strncmp.o)
 .data          0x0000000000008f0c        0x0 c:/intelfpga/17.1/nios2eds/bin/gnu/h-x86_64-mingw32/bin/../lib/gcc/nios2-elf/5.3.0/../../../../../H-x86_64-mingw32/nios2-elf/lib\libc.a(lib_a-__atexit.o)
 .data          0x0000000000008f0c        0x0 c:/intelfpga/17.1/nios2eds/bin/gnu/h-x86_64-mingw32/bin/../lib/gcc/nios2-elf/5.3.0/../../../../../H-x86_64-mingw32/nios2-elf/lib\libc.a(lib_a-__call_atexit.o)
 .data          0x0000000000008f0c        0x0 c:/intelfpga/17.1/nios2eds/bin/gnu/h-x86_64-mingw32/bin/../lib/gcc/nios2-elf/5.3.0\libgcc.a(lib2-divmod.o)
 .data          0x0000000000008f0c        0x0 ../ChromaKey_bsp/\libhal_bsp.a(alt_exit.o)
                0x0000000000010f0c                _gp = ABSOLUTE ((. + 0x8000))
                [!provide]                        PROVIDE (gp, _gp)
 *(.rwdata .rwdata.*)
 *(.sdata .sdata.* .gnu.linkonce.s.*)
 .sdata         0x0000000000008f0c       0x14 ../ChromaKey_bsp/\libhal_bsp.a(alt_dev.o)
                0x0000000000008f0c                alt_fs_list
                0x0000000000008f14                alt_dev_list
                0x0000000000008f1c                alt_max_fd
 .sdata         0x0000000000008f20        0x4 ../ChromaKey_bsp/\libhal_bsp.a(alt_errno.o)
                0x0000000000008f20                alt_errno
 .sdata         0x0000000000008f24        0x8 ../ChromaKey_bsp/\libhal_bsp.a(alt_flash_dev.o)
                0x0000000000008f24                alt_flash_dev_list
 .sdata         0x0000000000008f2c        0x4 ../ChromaKey_bsp/\libhal_bsp.a(alt_irq_vars.o)
                0x0000000000008f2c                alt_priority_mask
 .sdata         0x0000000000008f30        0x8 ../ChromaKey_bsp/\libhal_bsp.a(alt_tick.o)
                0x0000000000008f30                alt_alarm_list
 .sdata._global_impure_ptr
                0x0000000000008f38        0x4 c:/intelfpga/17.1/nios2eds/bin/gnu/h-x86_64-mingw32/bin/../lib/gcc/nios2-elf/5.3.0/../../../../../H-x86_64-mingw32/nios2-elf/lib\libc.a(lib_a-impure.o)
                0x0000000000008f38                _global_impure_ptr
 .sdata._impure_ptr
                0x0000000000008f3c        0x4 c:/intelfpga/17.1/nios2eds/bin/gnu/h-x86_64-mingw32/bin/../lib/gcc/nios2-elf/5.3.0/../../../../../H-x86_64-mingw32/nios2-elf/lib\libc.a(lib_a-impure.o)
                0x0000000000008f3c                _impure_ptr
 *(.sdata2 .sdata2.* .gnu.linkonce.s2.*)
                0x0000000000008f40                . = ALIGN (0x4)
                0x0000000000008f40                _edata = ABSOLUTE (.)
                [!provide]                        PROVIDE (edata, ABSOLUTE (.))
                0x0000000000008f40                PROVIDE (__ram_rwdata_end, ABSOLUTE (.))
                0x0000000000008f40                PROVIDE (__flash_rwdata_start, LOADADDR (.rwdata))

.bss            0x000000000000a950      0x120
                0x000000000000a950                __bss_start = ABSOLUTE (.)
                [!provide]                        PROVIDE (__sbss_start, ABSOLUTE (.))
                [!provide]                        PROVIDE (___sbss_start, ABSOLUTE (.))
 *(.dynsbss)
 *(.sbss .sbss.* .gnu.linkonce.sb.*)
 .sbss          0x000000000000a950        0xc ../ChromaKey_bsp/\libhal_bsp.a(alt_main.o)
                0x000000000000a950                alt_argc
                0x000000000000a954                alt_argv
                0x000000000000a958                alt_envp
 .sbss          0x000000000000a95c        0x4 ../ChromaKey_bsp/\libhal_bsp.a(alt_irq_vars.o)
                0x000000000000a95c                alt_irq_active
 .sbss          0x000000000000a960        0x8 ../ChromaKey_bsp/\libhal_bsp.a(alt_tick.o)
                0x000000000000a960                _alt_tick_rate
                0x000000000000a964                _alt_nticks
 .sbss          0x000000000000a968        0x4 ../ChromaKey_bsp/\libhal_bsp.a(alt_instruction_exception_entry.o)
                0x000000000000a968                alt_instruction_exception_handler
 .sbss          0x000000000000a96c        0x4 c:/intelfpga/17.1/nios2eds/bin/gnu/h-x86_64-mingw32/bin/../lib/gcc/nios2-elf/5.3.0/../../../../../H-x86_64-mingw32/nios2-elf/lib\libc.a(lib_a-int_errno.o)
                0x000000000000a96c                errno
 *(.sbss2 .sbss2.* .gnu.linkonce.sb2.*)
 *(.scommon)
                [!provide]                        PROVIDE (__sbss_end, ABSOLUTE (.))
                [!provide]                        PROVIDE (___sbss_end, ABSOLUTE (.))
 *(.dynbss)
 *(.bss .bss.* .gnu.linkonce.b.*)
 .bss           0x000000000000a970        0x0 ../ChromaKey_bsp//obj/HAL/src/crt0.o
 .bss           0x000000000000a970        0x0 obj/default/test_mtl.o
 .bss           0x000000000000a970        0x0 ../ChromaKey_bsp/\libhal_bsp.a(alt_load.o)
 .bss           0x000000000000a970        0x0 ../ChromaKey_bsp/\libhal_bsp.a(alt_main.o)
 .bss           0x000000000000a970        0x0 ../ChromaKey_bsp/\libhal_bsp.a(alt_sys_init.o)
 .bss           0x000000000000a970        0x0 ../ChromaKey_bsp/\libhal_bsp.a(altera_avalon_cfi_flash.o)
 .bss           0x000000000000a970        0x0 ../ChromaKey_bsp/\libhal_bsp.a(altera_avalon_cfi_flash_table.o)
 .bss           0x000000000000a970        0x0 ../ChromaKey_bsp/\libhal_bsp.a(altera_avalon_jtag_uart_fd.o)
 .bss           0x000000000000a970        0x0 ../ChromaKey_bsp/\libhal_bsp.a(altera_avalon_jtag_uart_init.o)
 .bss           0x000000000000a970        0x0 ../ChromaKey_bsp/\libhal_bsp.a(altera_avalon_jtag_uart_ioctl.o)
 .bss           0x000000000000a970        0x0 ../ChromaKey_bsp/\libhal_bsp.a(altera_avalon_jtag_uart_read.o)
 .bss           0x000000000000a970        0x0 ../ChromaKey_bsp/\libhal_bsp.a(altera_avalon_jtag_uart_write.o)
 .bss           0x000000000000a970        0x0 ../ChromaKey_bsp/\libhal_bsp.a(altera_avalon_timer_sc.o)
 .bss           0x000000000000a970        0x0 ../ChromaKey_bsp/\libhal_bsp.a(altera_ro_zipfs.o)
 .bss           0x000000000000a970        0x0 ../ChromaKey_bsp/\libhal_bsp.a(altera_up_avalon_character_lcd.o)
 .bss           0x000000000000a970        0x0 ../ChromaKey_bsp/\libhal_bsp.a(altera_up_avalon_ps2.o)
 .bss           0x000000000000a970        0x0 ../ChromaKey_bsp/\libhal_bsp.a(altera_up_avalon_rs232.o)
 .bss           0x000000000000a970        0x0 ../ChromaKey_bsp/\libhal_bsp.a(altera_up_avalon_video_character_buffer_with_dma.o)
 .bss           0x000000000000a970        0x0 ../ChromaKey_bsp/\libhal_bsp.a(alt_alarm_start.o)
 .bss           0x000000000000a970        0x0 ../ChromaKey_bsp/\libhal_bsp.a(alt_close.o)
 .bss           0x000000000000a970        0x0 ../ChromaKey_bsp/\libhal_bsp.a(alt_dcache_flush.o)
 .bss           0x000000000000a970        0x0 ../ChromaKey_bsp/\libhal_bsp.a(alt_dcache_flush_all.o)
 .bss           0x000000000000a970        0x0 ../ChromaKey_bsp/\libhal_bsp.a(alt_dev.o)
 .bss           0x000000000000a970        0x0 ../ChromaKey_bsp/\libhal_bsp.a(alt_dev_llist_insert.o)
 .bss           0x000000000000a970        0x0 ../ChromaKey_bsp/\libhal_bsp.a(alt_do_ctors.o)
 .bss           0x000000000000a970        0x0 ../ChromaKey_bsp/\libhal_bsp.a(alt_do_dtors.o)
 .bss           0x000000000000a970        0x0 ../ChromaKey_bsp/\libhal_bsp.a(alt_errno.o)
 .bss           0x000000000000a970        0x0 ../ChromaKey_bsp/\libhal_bsp.a(alt_find_dev.o)
 .bss           0x000000000000a970        0x0 ../ChromaKey_bsp/\libhal_bsp.a(alt_flash_dev.o)
 .bss           0x000000000000a970        0x0 ../ChromaKey_bsp/\libhal_bsp.a(alt_fs_reg.o)
 .bss           0x000000000000a970        0x0 ../ChromaKey_bsp/\libhal_bsp.a(alt_icache_flush_all.o)
 .bss           0x000000000000a970        0x0 ../ChromaKey_bsp/\libhal_bsp.a(alt_io_redirect.o)
 .bss           0x000000000000a970        0x0 ../ChromaKey_bsp/\libhal_bsp.a(alt_irq_register.o)
 .bss           0x000000000000a970        0x0 ../ChromaKey_bsp/\libhal_bsp.a(alt_irq_vars.o)
 .bss           0x000000000000a970        0x0 ../ChromaKey_bsp/\libhal_bsp.a(alt_open.o)
 .bss           0x000000000000a970        0x0 ../ChromaKey_bsp/\libhal_bsp.a(alt_release_fd.o)
 .bss           0x000000000000a970        0x0 ../ChromaKey_bsp/\libhal_bsp.a(alt_tick.o)
 .bss           0x000000000000a970        0x0 ../ChromaKey_bsp/\libhal_bsp.a(altera_nios2_gen2_irq.o)
 .bss           0x000000000000a970        0x0 ../ChromaKey_bsp/\libhal_bsp.a(altera_avalon_cfi_flash_amd.o)
 .bss           0x000000000000a970        0x0 ../ChromaKey_bsp/\libhal_bsp.a(altera_avalon_cfi_flash_intel.o)
 .bss           0x000000000000a970        0x0 ../ChromaKey_bsp/\libhal_bsp.a(alt_find_file.o)
 .bss           0x000000000000a970        0x0 ../ChromaKey_bsp/\libhal_bsp.a(alt_get_fd.o)
 .bss           0x000000000000a970        0x0 ../ChromaKey_bsp/\libhal_bsp.a(alt_icache_flush.o)
 .bss           0x000000000000a970        0x0 ../ChromaKey_bsp/\libhal_bsp.a(alt_irq_entry.o)
 .bss           0x000000000000a970        0x0 ../ChromaKey_bsp/\libhal_bsp.a(alt_irq_handler.o)
 .bss           0x000000000000a970        0x0 ../ChromaKey_bsp/\libhal_bsp.a(alt_usleep.o)
 .bss           0x000000000000a970        0x0 ../ChromaKey_bsp/\libhal_bsp.a(alt_busy_sleep.o)
 .bss           0x000000000000a970        0x0 ../ChromaKey_bsp/\libhal_bsp.a(alt_exception_entry.o)
 .bss           0x000000000000a970        0x0 ../ChromaKey_bsp/\libhal_bsp.a(alt_instruction_exception_entry.o)
 .bss           0x000000000000a970        0x0 c:/intelfpga/17.1/nios2eds/bin/gnu/h-x86_64-mingw32/bin/../lib/gcc/nios2-elf/5.3.0/../../../../../H-x86_64-mingw32/nios2-elf/lib\libc.a(lib_a-atexit.o)
 .bss           0x000000000000a970        0x0 c:/intelfpga/17.1/nios2eds/bin/gnu/h-x86_64-mingw32/bin/../lib/gcc/nios2-elf/5.3.0/../../../../../H-x86_64-mingw32/nios2-elf/lib\libc.a(lib_a-exit.o)
 .bss           0x000000000000a970        0x0 c:/intelfpga/17.1/nios2eds/bin/gnu/h-x86_64-mingw32/bin/../lib/gcc/nios2-elf/5.3.0/../../../../../H-x86_64-mingw32/nios2-elf/lib\libc.a(lib_a-impure.o)
 .bss           0x000000000000a970        0x0 c:/intelfpga/17.1/nios2eds/bin/gnu/h-x86_64-mingw32/bin/../lib/gcc/nios2-elf/5.3.0/../../../../../H-x86_64-mingw32/nios2-elf/lib\libc.a(lib_a-int_errno.o)
 .bss           0x000000000000a970        0x0 c:/intelfpga/17.1/nios2eds/bin/gnu/h-x86_64-mingw32/bin/../lib/gcc/nios2-elf/5.3.0/../../../../../H-x86_64-mingw32/nios2-elf/lib\libc.a(lib_a-memcmp.o)
 .bss           0x000000000000a970        0x0 c:/intelfpga/17.1/nios2eds/bin/gnu/h-x86_64-mingw32/bin/../lib/gcc/nios2-elf/5.3.0/../../../../../H-x86_64-mingw32/nios2-elf/lib\libc.a(lib_a-memcpy.o)
 .bss           0x000000000000a970        0x0 c:/intelfpga/17.1/nios2eds/bin/gnu/h-x86_64-mingw32/bin/../lib/gcc/nios2-elf/5.3.0/../../../../../H-x86_64-mingw32/nios2-elf/lib\libc.a(lib_a-strcmp.o)
 .bss           0x000000000000a970        0x0 c:/intelfpga/17.1/nios2eds/bin/gnu/h-x86_64-mingw32/bin/../lib/gcc/nios2-elf/5.3.0/../../../../../H-x86_64-mingw32/nios2-elf/lib\libc.a(lib_a-strlen.o)
 .bss           0x000000000000a970        0x0 c:/intelfpga/17.1/nios2eds/bin/gnu/h-x86_64-mingw32/bin/../lib/gcc/nios2-elf/5.3.0/../../../../../H-x86_64-mingw32/nios2-elf/lib\libc.a(lib_a-strncmp.o)
 .bss           0x000000000000a970        0x0 c:/intelfpga/17.1/nios2eds/bin/gnu/h-x86_64-mingw32/bin/../lib/gcc/nios2-elf/5.3.0/../../../../../H-x86_64-mingw32/nios2-elf/lib\libc.a(lib_a-__atexit.o)
 .bss           0x000000000000a970        0x0 c:/intelfpga/17.1/nios2eds/bin/gnu/h-x86_64-mingw32/bin/../lib/gcc/nios2-elf/5.3.0/../../../../../H-x86_64-mingw32/nios2-elf/lib\libc.a(lib_a-__call_atexit.o)
 .bss           0x000000000000a970        0x0 c:/intelfpga/17.1/nios2eds/bin/gnu/h-x86_64-mingw32/bin/../lib/gcc/nios2-elf/5.3.0\libgcc.a(lib2-divmod.o)
 .bss           0x000000000000a970        0x0 ../ChromaKey_bsp/\libhal_bsp.a(alt_exit.o)
 *(COMMON)
 COMMON         0x000000000000a970      0x100 ../ChromaKey_bsp/\libhal_bsp.a(alt_irq_handler.o)
                0x000000000000a970                alt_irq
                0x000000000000aa70                . = ALIGN (0x4)
                0x000000000000aa70                __bss_end = ABSOLUTE (.)

.sdram          0x000000000000aa70        0x0
                [!provide]                        PROVIDE (_alt_partition_sdram_start, ABSOLUTE (.))
 *(.sdram .sdram. sdram.*)
                0x000000000000aa70                . = ALIGN (0x4)
                [!provide]                        PROVIDE (_alt_partition_sdram_end, ABSOLUTE (.))
                0x000000000000aa70                _end = ABSOLUTE (.)
                0x000000000000aa70                end = ABSOLUTE (.)
                0x000000000000aa70                __alt_stack_base = ABSOLUTE (.)
                [!provide]                        PROVIDE (_alt_partition_sdram_load_addr, LOADADDR (.sdram))

.flash_controller
                0x0000000008000000        0x0 load address 0x000000000000aa70
                [!provide]                        PROVIDE (_alt_partition_flash_controller_start, ABSOLUTE (.))
 *(.flash_controller .flash_controller. flash_controller.*)
                0x0000000008000000                . = ALIGN (0x4)
                [!provide]                        PROVIDE (_alt_partition_flash_controller_end, ABSOLUTE (.))
                [!provide]                        PROVIDE (_alt_partition_flash_controller_load_addr, LOADADDR (.flash_controller))

.onchip_memory  0x0000000008800000        0x0 load address 0x000000000000aa70
                [!provide]                        PROVIDE (_alt_partition_onchip_memory_start, ABSOLUTE (.))
 *(.onchip_memory .onchip_memory. onchip_memory.*)
                0x0000000008800000                . = ALIGN (0x4)
                [!provide]                        PROVIDE (_alt_partition_onchip_memory_end, ABSOLUTE (.))
                [!provide]                        PROVIDE (_alt_partition_onchip_memory_load_addr, LOADADDR (.onchip_memory))

.stab
 *(.stab)

.stabstr
 *(.stabstr)

.stab.excl
 *(.stab.excl)

.stab.exclstr
 *(.stab.exclstr)

.stab.index
 *(.stab.index)

.stab.indexstr
 *(.stab.indexstr)

.comment        0x0000000000000000       0x23
 *(.comment)
 .comment       0x0000000000000000       0x23 obj/default/test_mtl.o
                                         0x24 (size before relaxing)
 .comment       0x0000000000000023       0x24 ../ChromaKey_bsp/\libhal_bsp.a(alt_load.o)
 .comment       0x0000000000000023       0x24 ../ChromaKey_bsp/\libhal_bsp.a(alt_main.o)
 .comment       0x0000000000000023       0x24 ../ChromaKey_bsp/\libhal_bsp.a(alt_sys_init.o)
 .comment       0x0000000000000023       0x24 ../ChromaKey_bsp/\libhal_bsp.a(altera_avalon_cfi_flash.o)
 .comment       0x0000000000000023       0x24 ../ChromaKey_bsp/\libhal_bsp.a(altera_avalon_cfi_flash_table.o)
 .comment       0x0000000000000023       0x24 ../ChromaKey_bsp/\libhal_bsp.a(altera_avalon_jtag_uart_fd.o)
 .comment       0x0000000000000023       0x24 ../ChromaKey_bsp/\libhal_bsp.a(altera_avalon_jtag_uart_init.o)
 .comment       0x0000000000000023       0x24 ../ChromaKey_bsp/\libhal_bsp.a(altera_avalon_jtag_uart_ioctl.o)
 .comment       0x0000000000000023       0x24 ../ChromaKey_bsp/\libhal_bsp.a(altera_avalon_jtag_uart_read.o)
 .comment       0x0000000000000023       0x24 ../ChromaKey_bsp/\libhal_bsp.a(altera_avalon_jtag_uart_write.o)
 .comment       0x0000000000000023       0x24 ../ChromaKey_bsp/\libhal_bsp.a(altera_avalon_timer_sc.o)
 .comment       0x0000000000000023       0x24 ../ChromaKey_bsp/\libhal_bsp.a(altera_ro_zipfs.o)
 .comment       0x0000000000000023       0x24 ../ChromaKey_bsp/\libhal_bsp.a(altera_up_avalon_character_lcd.o)
 .comment       0x0000000000000023       0x24 ../ChromaKey_bsp/\libhal_bsp.a(altera_up_avalon_ps2.o)
 .comment       0x0000000000000023       0x24 ../ChromaKey_bsp/\libhal_bsp.a(altera_up_avalon_rs232.o)
 .comment       0x0000000000000023       0x24 ../ChromaKey_bsp/\libhal_bsp.a(altera_up_avalon_video_character_buffer_with_dma.o)
 .comment       0x0000000000000023       0x24 ../ChromaKey_bsp/\libhal_bsp.a(alt_alarm_start.o)
 .comment       0x0000000000000023       0x24 ../ChromaKey_bsp/\libhal_bsp.a(alt_close.o)
 .comment       0x0000000000000023       0x24 ../ChromaKey_bsp/\libhal_bsp.a(alt_dcache_flush.o)
 .comment       0x0000000000000023       0x24 ../ChromaKey_bsp/\libhal_bsp.a(alt_dcache_flush_all.o)
 .comment       0x0000000000000023       0x24 ../ChromaKey_bsp/\libhal_bsp.a(alt_dev.o)
 .comment       0x0000000000000023       0x24 ../ChromaKey_bsp/\libhal_bsp.a(alt_dev_llist_insert.o)
 .comment       0x0000000000000023       0x24 ../ChromaKey_bsp/\libhal_bsp.a(alt_do_ctors.o)
 .comment       0x0000000000000023       0x24 ../ChromaKey_bsp/\libhal_bsp.a(alt_do_dtors.o)
 .comment       0x0000000000000023       0x24 ../ChromaKey_bsp/\libhal_bsp.a(alt_errno.o)
 .comment       0x0000000000000023       0x24 ../ChromaKey_bsp/\libhal_bsp.a(alt_find_dev.o)
 .comment       0x0000000000000023       0x24 ../ChromaKey_bsp/\libhal_bsp.a(alt_flash_dev.o)
 .comment       0x0000000000000023       0x24 ../ChromaKey_bsp/\libhal_bsp.a(alt_fs_reg.o)
 .comment       0x0000000000000023       0x24 ../ChromaKey_bsp/\libhal_bsp.a(alt_icache_flush_all.o)
 .comment       0x0000000000000023       0x24 ../ChromaKey_bsp/\libhal_bsp.a(alt_io_redirect.o)
 .comment       0x0000000000000023       0x24 ../ChromaKey_bsp/\libhal_bsp.a(alt_irq_register.o)
 .comment       0x0000000000000023       0x24 ../ChromaKey_bsp/\libhal_bsp.a(alt_irq_vars.o)
 .comment       0x0000000000000023       0x24 ../ChromaKey_bsp/\libhal_bsp.a(alt_open.o)
 .comment       0x0000000000000023       0x24 ../ChromaKey_bsp/\libhal_bsp.a(alt_release_fd.o)
 .comment       0x0000000000000023       0x24 ../ChromaKey_bsp/\libhal_bsp.a(alt_tick.o)
 .comment       0x0000000000000023       0x24 ../ChromaKey_bsp/\libhal_bsp.a(altera_nios2_gen2_irq.o)
 .comment       0x0000000000000023       0x24 ../ChromaKey_bsp/\libhal_bsp.a(altera_avalon_cfi_flash_amd.o)
 .comment       0x0000000000000023       0x24 ../ChromaKey_bsp/\libhal_bsp.a(altera_avalon_cfi_flash_intel.o)
 .comment       0x0000000000000023       0x24 ../ChromaKey_bsp/\libhal_bsp.a(alt_find_file.o)
 .comment       0x0000000000000023       0x24 ../ChromaKey_bsp/\libhal_bsp.a(alt_get_fd.o)
 .comment       0x0000000000000023       0x24 ../ChromaKey_bsp/\libhal_bsp.a(alt_icache_flush.o)
 .comment       0x0000000000000023       0x24 ../ChromaKey_bsp/\libhal_bsp.a(alt_irq_handler.o)
 .comment       0x0000000000000023       0x24 ../ChromaKey_bsp/\libhal_bsp.a(alt_usleep.o)
 .comment       0x0000000000000023       0x24 ../ChromaKey_bsp/\libhal_bsp.a(alt_busy_sleep.o)
 .comment       0x0000000000000023       0x24 ../ChromaKey_bsp/\libhal_bsp.a(alt_instruction_exception_entry.o)
 .comment       0x0000000000000023       0x24 c:/intelfpga/17.1/nios2eds/bin/gnu/h-x86_64-mingw32/bin/../lib/gcc/nios2-elf/5.3.0/../../../../../H-x86_64-mingw32/nios2-elf/lib\libc.a(lib_a-atexit.o)
 .comment       0x0000000000000023       0x24 c:/intelfpga/17.1/nios2eds/bin/gnu/h-x86_64-mingw32/bin/../lib/gcc/nios2-elf/5.3.0/../../../../../H-x86_64-mingw32/nios2-elf/lib\libc.a(lib_a-exit.o)
 .comment       0x0000000000000023       0x24 c:/intelfpga/17.1/nios2eds/bin/gnu/h-x86_64-mingw32/bin/../lib/gcc/nios2-elf/5.3.0/../../../../../H-x86_64-mingw32/nios2-elf/lib\libc.a(lib_a-impure.o)
 .comment       0x0000000000000023       0x24 c:/intelfpga/17.1/nios2eds/bin/gnu/h-x86_64-mingw32/bin/../lib/gcc/nios2-elf/5.3.0/../../../../../H-x86_64-mingw32/nios2-elf/lib\libc.a(lib_a-int_errno.o)
 .comment       0x0000000000000023       0x24 c:/intelfpga/17.1/nios2eds/bin/gnu/h-x86_64-mingw32/bin/../lib/gcc/nios2-elf/5.3.0/../../../../../H-x86_64-mingw32/nios2-elf/lib\libc.a(lib_a-memcmp.o)
 .comment       0x0000000000000023       0x24 c:/intelfpga/17.1/nios2eds/bin/gnu/h-x86_64-mingw32/bin/../lib/gcc/nios2-elf/5.3.0/../../../../../H-x86_64-mingw32/nios2-elf/lib\libc.a(lib_a-memcpy.o)
 .comment       0x0000000000000023       0x24 c:/intelfpga/17.1/nios2eds/bin/gnu/h-x86_64-mingw32/bin/../lib/gcc/nios2-elf/5.3.0/../../../../../H-x86_64-mingw32/nios2-elf/lib\libc.a(lib_a-strcmp.o)
 .comment       0x0000000000000023       0x24 c:/intelfpga/17.1/nios2eds/bin/gnu/h-x86_64-mingw32/bin/../lib/gcc/nios2-elf/5.3.0/../../../../../H-x86_64-mingw32/nios2-elf/lib\libc.a(lib_a-strlen.o)
 .comment       0x0000000000000023       0x24 c:/intelfpga/17.1/nios2eds/bin/gnu/h-x86_64-mingw32/bin/../lib/gcc/nios2-elf/5.3.0/../../../../../H-x86_64-mingw32/nios2-elf/lib\libc.a(lib_a-strncmp.o)
 .comment       0x0000000000000023       0x24 c:/intelfpga/17.1/nios2eds/bin/gnu/h-x86_64-mingw32/bin/../lib/gcc/nios2-elf/5.3.0/../../../../../H-x86_64-mingw32/nios2-elf/lib\libc.a(lib_a-__atexit.o)
 .comment       0x0000000000000023       0x24 c:/intelfpga/17.1/nios2eds/bin/gnu/h-x86_64-mingw32/bin/../lib/gcc/nios2-elf/5.3.0/../../../../../H-x86_64-mingw32/nios2-elf/lib\libc.a(lib_a-__call_atexit.o)
 .comment       0x0000000000000023       0x24 c:/intelfpga/17.1/nios2eds/bin/gnu/h-x86_64-mingw32/bin/../lib/gcc/nios2-elf/5.3.0\libgcc.a(lib2-divmod.o)
 .comment       0x0000000000000023       0x24 ../ChromaKey_bsp/\libhal_bsp.a(alt_exit.o)

.debug
 *(.debug)

.line
 *(.line)

.debug_srcinfo
 *(.debug_srcinfo)

.debug_sfnames
 *(.debug_sfnames)

.debug_aranges  0x0000000000000000      0x7d8
 *(.debug_aranges)
 .debug_aranges
                0x0000000000000000       0x28 ../ChromaKey_bsp//obj/HAL/src/crt0.o
 .debug_aranges
                0x0000000000000028       0x20 obj/default/test_mtl.o
 .debug_aranges
                0x0000000000000048       0x20 ../ChromaKey_bsp/\libhal_bsp.a(alt_load.o)
 .debug_aranges
                0x0000000000000068       0x20 ../ChromaKey_bsp/\libhal_bsp.a(alt_main.o)
 .debug_aranges
                0x0000000000000088       0x20 ../ChromaKey_bsp/\libhal_bsp.a(alt_sys_init.o)
 .debug_aranges
                0x00000000000000a8       0x20 ../ChromaKey_bsp/\libhal_bsp.a(altera_avalon_cfi_flash.o)
 .debug_aranges
                0x00000000000000c8       0x20 ../ChromaKey_bsp/\libhal_bsp.a(altera_avalon_cfi_flash_table.o)
 .debug_aranges
                0x00000000000000e8       0x20 ../ChromaKey_bsp/\libhal_bsp.a(altera_avalon_jtag_uart_fd.o)
 .debug_aranges
                0x0000000000000108       0x20 ../ChromaKey_bsp/\libhal_bsp.a(altera_avalon_jtag_uart_init.o)
 .debug_aranges
                0x0000000000000128       0x20 ../ChromaKey_bsp/\libhal_bsp.a(altera_avalon_jtag_uart_ioctl.o)
 .debug_aranges
                0x0000000000000148       0x20 ../ChromaKey_bsp/\libhal_bsp.a(altera_avalon_jtag_uart_read.o)
 .debug_aranges
                0x0000000000000168       0x20 ../ChromaKey_bsp/\libhal_bsp.a(altera_avalon_jtag_uart_write.o)
 .debug_aranges
                0x0000000000000188       0x20 ../ChromaKey_bsp/\libhal_bsp.a(altera_avalon_timer_sc.o)
 .debug_aranges
                0x00000000000001a8       0x20 ../ChromaKey_bsp/\libhal_bsp.a(altera_ro_zipfs.o)
 .debug_aranges
                0x00000000000001c8       0x20 ../ChromaKey_bsp/\libhal_bsp.a(altera_up_avalon_character_lcd.o)
 .debug_aranges
                0x00000000000001e8       0x20 ../ChromaKey_bsp/\libhal_bsp.a(altera_up_avalon_ps2.o)
 .debug_aranges
                0x0000000000000208       0x20 ../ChromaKey_bsp/\libhal_bsp.a(altera_up_avalon_rs232.o)
 .debug_aranges
                0x0000000000000228       0x20 ../ChromaKey_bsp/\libhal_bsp.a(altera_up_avalon_video_character_buffer_with_dma.o)
 .debug_aranges
                0x0000000000000248       0x20 ../ChromaKey_bsp/\libhal_bsp.a(alt_alarm_start.o)
 .debug_aranges
                0x0000000000000268       0x20 ../ChromaKey_bsp/\libhal_bsp.a(alt_close.o)
 .debug_aranges
                0x0000000000000288       0x20 ../ChromaKey_bsp/\libhal_bsp.a(alt_dcache_flush.o)
 .debug_aranges
                0x00000000000002a8       0x20 ../ChromaKey_bsp/\libhal_bsp.a(alt_dcache_flush_all.o)
 .debug_aranges
                0x00000000000002c8       0x20 ../ChromaKey_bsp/\libhal_bsp.a(alt_dev.o)
 .debug_aranges
                0x00000000000002e8       0x20 ../ChromaKey_bsp/\libhal_bsp.a(alt_dev_llist_insert.o)
 .debug_aranges
                0x0000000000000308       0x20 ../ChromaKey_bsp/\libhal_bsp.a(alt_do_ctors.o)
 .debug_aranges
                0x0000000000000328       0x20 ../ChromaKey_bsp/\libhal_bsp.a(alt_do_dtors.o)
 .debug_aranges
                0x0000000000000348       0x18 ../ChromaKey_bsp/\libhal_bsp.a(alt_errno.o)
 .debug_aranges
                0x0000000000000360       0x20 ../ChromaKey_bsp/\libhal_bsp.a(alt_find_dev.o)
 .debug_aranges
                0x0000000000000380       0x20 ../ChromaKey_bsp/\libhal_bsp.a(alt_flash_dev.o)
 .debug_aranges
                0x00000000000003a0       0x20 ../ChromaKey_bsp/\libhal_bsp.a(alt_fs_reg.o)
 .debug_aranges
                0x00000000000003c0       0x20 ../ChromaKey_bsp/\libhal_bsp.a(alt_icache_flush_all.o)
 .debug_aranges
                0x00000000000003e0       0x20 ../ChromaKey_bsp/\libhal_bsp.a(alt_io_redirect.o)
 .debug_aranges
                0x0000000000000400       0x20 ../ChromaKey_bsp/\libhal_bsp.a(alt_irq_register.o)
 .debug_aranges
                0x0000000000000420       0x18 ../ChromaKey_bsp/\libhal_bsp.a(alt_irq_vars.o)
 .debug_aranges
                0x0000000000000438       0x20 ../ChromaKey_bsp/\libhal_bsp.a(alt_open.o)
 .debug_aranges
                0x0000000000000458       0x20 ../ChromaKey_bsp/\libhal_bsp.a(alt_release_fd.o)
 .debug_aranges
                0x0000000000000478       0x20 ../ChromaKey_bsp/\libhal_bsp.a(alt_tick.o)
 .debug_aranges
                0x0000000000000498       0x20 ../ChromaKey_bsp/\libhal_bsp.a(altera_nios2_gen2_irq.o)
 .debug_aranges
                0x00000000000004b8       0x20 ../ChromaKey_bsp/\libhal_bsp.a(altera_avalon_cfi_flash_amd.o)
 .debug_aranges
                0x00000000000004d8       0x20 ../ChromaKey_bsp/\libhal_bsp.a(altera_avalon_cfi_flash_intel.o)
 .debug_aranges
                0x00000000000004f8       0x20 ../ChromaKey_bsp/\libhal_bsp.a(alt_find_file.o)
 .debug_aranges
                0x0000000000000518       0x20 ../ChromaKey_bsp/\libhal_bsp.a(alt_get_fd.o)
 .debug_aranges
                0x0000000000000538       0x20 ../ChromaKey_bsp/\libhal_bsp.a(alt_icache_flush.o)
 .debug_aranges
                0x0000000000000558       0x30 ../ChromaKey_bsp/\libhal_bsp.a(alt_irq_entry.o)
 .debug_aranges
                0x0000000000000588       0x20 ../ChromaKey_bsp/\libhal_bsp.a(alt_irq_handler.o)
 .debug_aranges
                0x00000000000005a8       0x20 ../ChromaKey_bsp/\libhal_bsp.a(alt_usleep.o)
 .debug_aranges
                0x00000000000005c8       0x20 ../ChromaKey_bsp/\libhal_bsp.a(alt_busy_sleep.o)
 .debug_aranges
                0x00000000000005e8       0x38 ../ChromaKey_bsp/\libhal_bsp.a(alt_exception_entry.o)
 .debug_aranges
                0x0000000000000620       0x28 ../ChromaKey_bsp/\libhal_bsp.a(alt_instruction_exception_entry.o)
 .debug_aranges
                0x0000000000000648       0x20 c:/intelfpga/17.1/nios2eds/bin/gnu/h-x86_64-mingw32/bin/../lib/gcc/nios2-elf/5.3.0/../../../../../H-x86_64-mingw32/nios2-elf/lib\libc.a(lib_a-atexit.o)
 .debug_aranges
                0x0000000000000668       0x20 c:/intelfpga/17.1/nios2eds/bin/gnu/h-x86_64-mingw32/bin/../lib/gcc/nios2-elf/5.3.0/../../../../../H-x86_64-mingw32/nios2-elf/lib\libc.a(lib_a-exit.o)
 .debug_aranges
                0x0000000000000688       0x18 c:/intelfpga/17.1/nios2eds/bin/gnu/h-x86_64-mingw32/bin/../lib/gcc/nios2-elf/5.3.0/../../../../../H-x86_64-mingw32/nios2-elf/lib\libc.a(lib_a-impure.o)
 .debug_aranges
                0x00000000000006a0       0x18 c:/intelfpga/17.1/nios2eds/bin/gnu/h-x86_64-mingw32/bin/../lib/gcc/nios2-elf/5.3.0/../../../../../H-x86_64-mingw32/nios2-elf/lib\libc.a(lib_a-int_errno.o)
 .debug_aranges
                0x00000000000006b8       0x20 c:/intelfpga/17.1/nios2eds/bin/gnu/h-x86_64-mingw32/bin/../lib/gcc/nios2-elf/5.3.0/../../../../../H-x86_64-mingw32/nios2-elf/lib\libc.a(lib_a-memcmp.o)
 .debug_aranges
                0x00000000000006d8       0x20 c:/intelfpga/17.1/nios2eds/bin/gnu/h-x86_64-mingw32/bin/../lib/gcc/nios2-elf/5.3.0/../../../../../H-x86_64-mingw32/nios2-elf/lib\libc.a(lib_a-memcpy.o)
 .debug_aranges
                0x00000000000006f8       0x20 c:/intelfpga/17.1/nios2eds/bin/gnu/h-x86_64-mingw32/bin/../lib/gcc/nios2-elf/5.3.0/../../../../../H-x86_64-mingw32/nios2-elf/lib\libc.a(lib_a-strcmp.o)
 .debug_aranges
                0x0000000000000718       0x20 c:/intelfpga/17.1/nios2eds/bin/gnu/h-x86_64-mingw32/bin/../lib/gcc/nios2-elf/5.3.0/../../../../../H-x86_64-mingw32/nios2-elf/lib\libc.a(lib_a-strlen.o)
 .debug_aranges
                0x0000000000000738       0x20 c:/intelfpga/17.1/nios2eds/bin/gnu/h-x86_64-mingw32/bin/../lib/gcc/nios2-elf/5.3.0/../../../../../H-x86_64-mingw32/nios2-elf/lib\libc.a(lib_a-strncmp.o)
 .debug_aranges
                0x0000000000000758       0x20 c:/intelfpga/17.1/nios2eds/bin/gnu/h-x86_64-mingw32/bin/../lib/gcc/nios2-elf/5.3.0/../../../../../H-x86_64-mingw32/nios2-elf/lib\libc.a(lib_a-__atexit.o)
 .debug_aranges
                0x0000000000000778       0x20 c:/intelfpga/17.1/nios2eds/bin/gnu/h-x86_64-mingw32/bin/../lib/gcc/nios2-elf/5.3.0/../../../../../H-x86_64-mingw32/nios2-elf/lib\libc.a(lib_a-__call_atexit.o)
 .debug_aranges
                0x0000000000000798       0x20 c:/intelfpga/17.1/nios2eds/bin/gnu/h-x86_64-mingw32/bin/../lib/gcc/nios2-elf/5.3.0\libgcc.a(lib2-divmod.o)
 .debug_aranges
                0x00000000000007b8       0x20 ../ChromaKey_bsp/\libhal_bsp.a(alt_exit.o)

.debug_pubnames
 *(.debug_pubnames)

.debug_info     0x0000000000000000     0xcf50
 *(.debug_info .gnu.linkonce.wi.*)
 .debug_info    0x0000000000000000       0x85 ../ChromaKey_bsp//obj/HAL/src/crt0.o
 .debug_info    0x0000000000000085      0x27a obj/default/test_mtl.o
 .debug_info    0x00000000000002ff      0x145 ../ChromaKey_bsp/\libhal_bsp.a(alt_load.o)
 .debug_info    0x0000000000000444      0x157 ../ChromaKey_bsp/\libhal_bsp.a(alt_main.o)
 .debug_info    0x000000000000059b      0xc45 ../ChromaKey_bsp/\libhal_bsp.a(alt_sys_init.o)
 .debug_info    0x00000000000011e0      0x812 ../ChromaKey_bsp/\libhal_bsp.a(altera_avalon_cfi_flash.o)
 .debug_info    0x00000000000019f2      0x975 ../ChromaKey_bsp/\libhal_bsp.a(altera_avalon_cfi_flash_table.o)
 .debug_info    0x0000000000002367      0x52e ../ChromaKey_bsp/\libhal_bsp.a(altera_avalon_jtag_uart_fd.o)
 .debug_info    0x0000000000002895      0x3c3 ../ChromaKey_bsp/\libhal_bsp.a(altera_avalon_jtag_uart_init.o)
 .debug_info    0x0000000000002c58      0x280 ../ChromaKey_bsp/\libhal_bsp.a(altera_avalon_jtag_uart_ioctl.o)
 .debug_info    0x0000000000002ed8      0x35b ../ChromaKey_bsp/\libhal_bsp.a(altera_avalon_jtag_uart_read.o)
 .debug_info    0x0000000000003233      0x356 ../ChromaKey_bsp/\libhal_bsp.a(altera_avalon_jtag_uart_write.o)
 .debug_info    0x0000000000003589      0x249 ../ChromaKey_bsp/\libhal_bsp.a(altera_avalon_timer_sc.o)
 .debug_info    0x00000000000037d2      0xbd1 ../ChromaKey_bsp/\libhal_bsp.a(altera_ro_zipfs.o)
 .debug_info    0x00000000000043a3      0x601 ../ChromaKey_bsp/\libhal_bsp.a(altera_up_avalon_character_lcd.o)
 .debug_info    0x00000000000049a4      0x7d4 ../ChromaKey_bsp/\libhal_bsp.a(altera_up_avalon_ps2.o)
 .debug_info    0x0000000000005178      0x568 ../ChromaKey_bsp/\libhal_bsp.a(altera_up_avalon_rs232.o)
 .debug_info    0x00000000000056e0      0x468 ../ChromaKey_bsp/\libhal_bsp.a(altera_up_avalon_video_character_buffer_with_dma.o)
 .debug_info    0x0000000000005b48      0x2e2 ../ChromaKey_bsp/\libhal_bsp.a(alt_alarm_start.o)
 .debug_info    0x0000000000005e2a      0x321 ../ChromaKey_bsp/\libhal_bsp.a(alt_close.o)
 .debug_info    0x000000000000614b       0xdc ../ChromaKey_bsp/\libhal_bsp.a(alt_dcache_flush.o)
 .debug_info    0x0000000000006227       0xa5 ../ChromaKey_bsp/\libhal_bsp.a(alt_dcache_flush_all.o)
 .debug_info    0x00000000000062cc      0x49c ../ChromaKey_bsp/\libhal_bsp.a(alt_dev.o)
 .debug_info    0x0000000000006768      0x1a9 ../ChromaKey_bsp/\libhal_bsp.a(alt_dev_llist_insert.o)
 .debug_info    0x0000000000006911       0x83 ../ChromaKey_bsp/\libhal_bsp.a(alt_do_ctors.o)
 .debug_info    0x0000000000006994       0x83 ../ChromaKey_bsp/\libhal_bsp.a(alt_do_dtors.o)
 .debug_info    0x0000000000006a17       0xa6 ../ChromaKey_bsp/\libhal_bsp.a(alt_errno.o)
 .debug_info    0x0000000000006abd      0x2e9 ../ChromaKey_bsp/\libhal_bsp.a(alt_find_dev.o)
 .debug_info    0x0000000000006da6      0x3d7 ../ChromaKey_bsp/\libhal_bsp.a(alt_flash_dev.o)
 .debug_info    0x000000000000717d      0x302 ../ChromaKey_bsp/\libhal_bsp.a(alt_fs_reg.o)
 .debug_info    0x000000000000747f       0x92 ../ChromaKey_bsp/\libhal_bsp.a(alt_icache_flush_all.o)
 .debug_info    0x0000000000007511      0x4a5 ../ChromaKey_bsp/\libhal_bsp.a(alt_io_redirect.o)
 .debug_info    0x00000000000079b6      0x329 ../ChromaKey_bsp/\libhal_bsp.a(alt_irq_register.o)
 .debug_info    0x0000000000007cdf       0x88 ../ChromaKey_bsp/\libhal_bsp.a(alt_irq_vars.o)
 .debug_info    0x0000000000007d67      0x3bb ../ChromaKey_bsp/\libhal_bsp.a(alt_open.o)
 .debug_info    0x0000000000008122      0x2b0 ../ChromaKey_bsp/\libhal_bsp.a(alt_release_fd.o)
 .debug_info    0x00000000000083d2      0x2af ../ChromaKey_bsp/\libhal_bsp.a(alt_tick.o)
 .debug_info    0x0000000000008681       0xb8 ../ChromaKey_bsp/\libhal_bsp.a(altera_nios2_gen2_irq.o)
 .debug_info    0x0000000000008739      0x636 ../ChromaKey_bsp/\libhal_bsp.a(altera_avalon_cfi_flash_amd.o)
 .debug_info    0x0000000000008d6f      0x636 ../ChromaKey_bsp/\libhal_bsp.a(altera_avalon_cfi_flash_intel.o)
 .debug_info    0x00000000000093a5      0x2e6 ../ChromaKey_bsp/\libhal_bsp.a(alt_find_file.o)
 .debug_info    0x000000000000968b      0x310 ../ChromaKey_bsp/\libhal_bsp.a(alt_get_fd.o)
 .debug_info    0x000000000000999b       0xdc ../ChromaKey_bsp/\libhal_bsp.a(alt_icache_flush.o)
 .debug_info    0x0000000000009a77       0x8e ../ChromaKey_bsp/\libhal_bsp.a(alt_irq_entry.o)
 .debug_info    0x0000000000009b05      0x1a7 ../ChromaKey_bsp/\libhal_bsp.a(alt_irq_handler.o)
 .debug_info    0x0000000000009cac       0xb0 ../ChromaKey_bsp/\libhal_bsp.a(alt_usleep.o)
 .debug_info    0x0000000000009d5c       0xd7 ../ChromaKey_bsp/\libhal_bsp.a(alt_busy_sleep.o)
 .debug_info    0x0000000000009e33       0x94 ../ChromaKey_bsp/\libhal_bsp.a(alt_exception_entry.o)
 .debug_info    0x0000000000009ec7      0x1e7 ../ChromaKey_bsp/\libhal_bsp.a(alt_instruction_exception_entry.o)
 .debug_info    0x000000000000a0ae       0xfe c:/intelfpga/17.1/nios2eds/bin/gnu/h-x86_64-mingw32/bin/../lib/gcc/nios2-elf/5.3.0/../../../../../H-x86_64-mingw32/nios2-elf/lib\libc.a(lib_a-atexit.o)
 .debug_info    0x000000000000a1ac      0x8e4 c:/intelfpga/17.1/nios2eds/bin/gnu/h-x86_64-mingw32/bin/../lib/gcc/nios2-elf/5.3.0/../../../../../H-x86_64-mingw32/nios2-elf/lib\libc.a(lib_a-exit.o)
 .debug_info    0x000000000000aa90      0x8a1 c:/intelfpga/17.1/nios2eds/bin/gnu/h-x86_64-mingw32/bin/../lib/gcc/nios2-elf/5.3.0/../../../../../H-x86_64-mingw32/nios2-elf/lib\libc.a(lib_a-impure.o)
 .debug_info    0x000000000000b331       0x8a c:/intelfpga/17.1/nios2eds/bin/gnu/h-x86_64-mingw32/bin/../lib/gcc/nios2-elf/5.3.0/../../../../../H-x86_64-mingw32/nios2-elf/lib\libc.a(lib_a-int_errno.o)
 .debug_info    0x000000000000b3bb      0x11a c:/intelfpga/17.1/nios2eds/bin/gnu/h-x86_64-mingw32/bin/../lib/gcc/nios2-elf/5.3.0/../../../../../H-x86_64-mingw32/nios2-elf/lib\libc.a(lib_a-memcmp.o)
 .debug_info    0x000000000000b4d5      0x144 c:/intelfpga/17.1/nios2eds/bin/gnu/h-x86_64-mingw32/bin/../lib/gcc/nios2-elf/5.3.0/../../../../../H-x86_64-mingw32/nios2-elf/lib\libc.a(lib_a-memcpy.o)
 .debug_info    0x000000000000b619       0xe4 c:/intelfpga/17.1/nios2eds/bin/gnu/h-x86_64-mingw32/bin/../lib/gcc/nios2-elf/5.3.0/../../../../../H-x86_64-mingw32/nios2-elf/lib\libc.a(lib_a-strcmp.o)
 .debug_info    0x000000000000b6fd       0xe2 c:/intelfpga/17.1/nios2eds/bin/gnu/h-x86_64-mingw32/bin/../lib/gcc/nios2-elf/5.3.0/../../../../../H-x86_64-mingw32/nios2-elf/lib\libc.a(lib_a-strlen.o)
 .debug_info    0x000000000000b7df       0xfc c:/intelfpga/17.1/nios2eds/bin/gnu/h-x86_64-mingw32/bin/../lib/gcc/nios2-elf/5.3.0/../../../../../H-x86_64-mingw32/nios2-elf/lib\libc.a(lib_a-strncmp.o)
 .debug_info    0x000000000000b8db      0x934 c:/intelfpga/17.1/nios2eds/bin/gnu/h-x86_64-mingw32/bin/../lib/gcc/nios2-elf/5.3.0/../../../../../H-x86_64-mingw32/nios2-elf/lib\libc.a(lib_a-__atexit.o)
 .debug_info    0x000000000000c20f      0x965 c:/intelfpga/17.1/nios2eds/bin/gnu/h-x86_64-mingw32/bin/../lib/gcc/nios2-elf/5.3.0/../../../../../H-x86_64-mingw32/nios2-elf/lib\libc.a(lib_a-__call_atexit.o)
 .debug_info    0x000000000000cb74      0x2c6 c:/intelfpga/17.1/nios2eds/bin/gnu/h-x86_64-mingw32/bin/../lib/gcc/nios2-elf/5.3.0\libgcc.a(lib2-divmod.o)
 .debug_info    0x000000000000ce3a      0x116 ../ChromaKey_bsp/\libhal_bsp.a(alt_exit.o)

.debug_abbrev   0x0000000000000000     0x3cf5
 *(.debug_abbrev)
 .debug_abbrev  0x0000000000000000       0x12 ../ChromaKey_bsp//obj/HAL/src/crt0.o
 .debug_abbrev  0x0000000000000012       0xbe obj/default/test_mtl.o
 .debug_abbrev  0x00000000000000d0       0x9f ../ChromaKey_bsp/\libhal_bsp.a(alt_load.o)
 .debug_abbrev  0x000000000000016f       0xc1 ../ChromaKey_bsp/\libhal_bsp.a(alt_main.o)
 .debug_abbrev  0x0000000000000230      0x1b1 ../ChromaKey_bsp/\libhal_bsp.a(alt_sys_init.o)
 .debug_abbrev  0x00000000000003e1      0x1c9 ../ChromaKey_bsp/\libhal_bsp.a(altera_avalon_cfi_flash.o)
 .debug_abbrev  0x00000000000005aa      0x175 ../ChromaKey_bsp/\libhal_bsp.a(altera_avalon_cfi_flash_table.o)
 .debug_abbrev  0x000000000000071f      0x127 ../ChromaKey_bsp/\libhal_bsp.a(altera_avalon_jtag_uart_fd.o)
 .debug_abbrev  0x0000000000000846      0x19e ../ChromaKey_bsp/\libhal_bsp.a(altera_avalon_jtag_uart_init.o)
 .debug_abbrev  0x00000000000009e4      0x111 ../ChromaKey_bsp/\libhal_bsp.a(altera_avalon_jtag_uart_ioctl.o)
 .debug_abbrev  0x0000000000000af5      0x1aa ../ChromaKey_bsp/\libhal_bsp.a(altera_avalon_jtag_uart_read.o)
 .debug_abbrev  0x0000000000000c9f      0x1a8 ../ChromaKey_bsp/\libhal_bsp.a(altera_avalon_jtag_uart_write.o)
 .debug_abbrev  0x0000000000000e47      0x155 ../ChromaKey_bsp/\libhal_bsp.a(altera_avalon_timer_sc.o)
 .debug_abbrev  0x0000000000000f9c      0x239 ../ChromaKey_bsp/\libhal_bsp.a(altera_ro_zipfs.o)
 .debug_abbrev  0x00000000000011d5      0x156 ../ChromaKey_bsp/\libhal_bsp.a(altera_up_avalon_character_lcd.o)
 .debug_abbrev  0x000000000000132b      0x1a1 ../ChromaKey_bsp/\libhal_bsp.a(altera_up_avalon_ps2.o)
 .debug_abbrev  0x00000000000014cc      0x135 ../ChromaKey_bsp/\libhal_bsp.a(altera_up_avalon_rs232.o)
 .debug_abbrev  0x0000000000001601      0x135 ../ChromaKey_bsp/\libhal_bsp.a(altera_up_avalon_video_character_buffer_with_dma.o)
 .debug_abbrev  0x0000000000001736      0x162 ../ChromaKey_bsp/\libhal_bsp.a(alt_alarm_start.o)
 .debug_abbrev  0x0000000000001898      0x11f ../ChromaKey_bsp/\libhal_bsp.a(alt_close.o)
 .debug_abbrev  0x00000000000019b7       0x8c ../ChromaKey_bsp/\libhal_bsp.a(alt_dcache_flush.o)
 .debug_abbrev  0x0000000000001a43       0x5a ../ChromaKey_bsp/\libhal_bsp.a(alt_dcache_flush_all.o)
 .debug_abbrev  0x0000000000001a9d       0xd9 ../ChromaKey_bsp/\libhal_bsp.a(alt_dev.o)
 .debug_abbrev  0x0000000000001b76      0x114 ../ChromaKey_bsp/\libhal_bsp.a(alt_dev_llist_insert.o)
 .debug_abbrev  0x0000000000001c8a       0x79 ../ChromaKey_bsp/\libhal_bsp.a(alt_do_ctors.o)
 .debug_abbrev  0x0000000000001d03       0x79 ../ChromaKey_bsp/\libhal_bsp.a(alt_do_dtors.o)
 .debug_abbrev  0x0000000000001d7c       0x5a ../ChromaKey_bsp/\libhal_bsp.a(alt_errno.o)
 .debug_abbrev  0x0000000000001dd6       0xf0 ../ChromaKey_bsp/\libhal_bsp.a(alt_find_dev.o)
 .debug_abbrev  0x0000000000001ec6      0x11a ../ChromaKey_bsp/\libhal_bsp.a(alt_flash_dev.o)
 .debug_abbrev  0x0000000000001fe0      0x108 ../ChromaKey_bsp/\libhal_bsp.a(alt_fs_reg.o)
 .debug_abbrev  0x00000000000020e8       0x42 ../ChromaKey_bsp/\libhal_bsp.a(alt_icache_flush_all.o)
 .debug_abbrev  0x000000000000212a      0x114 ../ChromaKey_bsp/\libhal_bsp.a(alt_io_redirect.o)
 .debug_abbrev  0x000000000000223e      0x186 ../ChromaKey_bsp/\libhal_bsp.a(alt_irq_register.o)
 .debug_abbrev  0x00000000000023c4       0x40 ../ChromaKey_bsp/\libhal_bsp.a(alt_irq_vars.o)
 .debug_abbrev  0x0000000000002404      0x148 ../ChromaKey_bsp/\libhal_bsp.a(alt_open.o)
 .debug_abbrev  0x000000000000254c       0xde ../ChromaKey_bsp/\libhal_bsp.a(alt_release_fd.o)
 .debug_abbrev  0x000000000000262a      0x16b ../ChromaKey_bsp/\libhal_bsp.a(alt_tick.o)
 .debug_abbrev  0x0000000000002795       0x67 ../ChromaKey_bsp/\libhal_bsp.a(altera_nios2_gen2_irq.o)
 .debug_abbrev  0x00000000000027fc      0x119 ../ChromaKey_bsp/\libhal_bsp.a(altera_avalon_cfi_flash_amd.o)
 .debug_abbrev  0x0000000000002915      0x119 ../ChromaKey_bsp/\libhal_bsp.a(altera_avalon_cfi_flash_intel.o)
 .debug_abbrev  0x0000000000002a2e       0xf0 ../ChromaKey_bsp/\libhal_bsp.a(alt_find_file.o)
 .debug_abbrev  0x0000000000002b1e      0x10d ../ChromaKey_bsp/\libhal_bsp.a(alt_get_fd.o)
 .debug_abbrev  0x0000000000002c2b       0x8c ../ChromaKey_bsp/\libhal_bsp.a(alt_icache_flush.o)
 .debug_abbrev  0x0000000000002cb7       0x12 ../ChromaKey_bsp/\libhal_bsp.a(alt_irq_entry.o)
 .debug_abbrev  0x0000000000002cc9      0x13a ../ChromaKey_bsp/\libhal_bsp.a(alt_irq_handler.o)
 .debug_abbrev  0x0000000000002e03       0x60 ../ChromaKey_bsp/\libhal_bsp.a(alt_usleep.o)
 .debug_abbrev  0x0000000000002e63       0x7e ../ChromaKey_bsp/\libhal_bsp.a(alt_busy_sleep.o)
 .debug_abbrev  0x0000000000002ee1       0x12 ../ChromaKey_bsp/\libhal_bsp.a(alt_exception_entry.o)
 .debug_abbrev  0x0000000000002ef3       0xdc ../ChromaKey_bsp/\libhal_bsp.a(alt_instruction_exception_entry.o)
 .debug_abbrev  0x0000000000002fcf       0xaa c:/intelfpga/17.1/nios2eds/bin/gnu/h-x86_64-mingw32/bin/../lib/gcc/nios2-elf/5.3.0/../../../../../H-x86_64-mingw32/nios2-elf/lib\libc.a(lib_a-atexit.o)
 .debug_abbrev  0x0000000000003079      0x1e5 c:/intelfpga/17.1/nios2eds/bin/gnu/h-x86_64-mingw32/bin/../lib/gcc/nios2-elf/5.3.0/../../../../../H-x86_64-mingw32/nios2-elf/lib\libc.a(lib_a-exit.o)
 .debug_abbrev  0x000000000000325e      0x18f c:/intelfpga/17.1/nios2eds/bin/gnu/h-x86_64-mingw32/bin/../lib/gcc/nios2-elf/5.3.0/../../../../../H-x86_64-mingw32/nios2-elf/lib\libc.a(lib_a-impure.o)
 .debug_abbrev  0x00000000000033ed       0x37 c:/intelfpga/17.1/nios2eds/bin/gnu/h-x86_64-mingw32/bin/../lib/gcc/nios2-elf/5.3.0/../../../../../H-x86_64-mingw32/nios2-elf/lib\libc.a(lib_a-int_errno.o)
 .debug_abbrev  0x0000000000003424       0x7f c:/intelfpga/17.1/nios2eds/bin/gnu/h-x86_64-mingw32/bin/../lib/gcc/nios2-elf/5.3.0/../../../../../H-x86_64-mingw32/nios2-elf/lib\libc.a(lib_a-memcmp.o)
 .debug_abbrev  0x00000000000034a3       0xa3 c:/intelfpga/17.1/nios2eds/bin/gnu/h-x86_64-mingw32/bin/../lib/gcc/nios2-elf/5.3.0/../../../../../H-x86_64-mingw32/nios2-elf/lib\libc.a(lib_a-memcpy.o)
 .debug_abbrev  0x0000000000003546       0x74 c:/intelfpga/17.1/nios2eds/bin/gnu/h-x86_64-mingw32/bin/../lib/gcc/nios2-elf/5.3.0/../../../../../H-x86_64-mingw32/nios2-elf/lib\libc.a(lib_a-strcmp.o)
 .debug_abbrev  0x00000000000035ba       0x90 c:/intelfpga/17.1/nios2eds/bin/gnu/h-x86_64-mingw32/bin/../lib/gcc/nios2-elf/5.3.0/../../../../../H-x86_64-mingw32/nios2-elf/lib\libc.a(lib_a-strlen.o)
 .debug_abbrev  0x000000000000364a       0x81 c:/intelfpga/17.1/nios2eds/bin/gnu/h-x86_64-mingw32/bin/../lib/gcc/nios2-elf/5.3.0/../../../../../H-x86_64-mingw32/nios2-elf/lib\libc.a(lib_a-strncmp.o)
 .debug_abbrev  0x00000000000036cb      0x21e c:/intelfpga/17.1/nios2eds/bin/gnu/h-x86_64-mingw32/bin/../lib/gcc/nios2-elf/5.3.0/../../../../../H-x86_64-mingw32/nios2-elf/lib\libc.a(lib_a-__atexit.o)
 .debug_abbrev  0x00000000000038e9      0x22e c:/intelfpga/17.1/nios2eds/bin/gnu/h-x86_64-mingw32/bin/../lib/gcc/nios2-elf/5.3.0/../../../../../H-x86_64-mingw32/nios2-elf/lib\libc.a(lib_a-__call_atexit.o)
 .debug_abbrev  0x0000000000003b17      0x10e c:/intelfpga/17.1/nios2eds/bin/gnu/h-x86_64-mingw32/bin/../lib/gcc/nios2-elf/5.3.0\libgcc.a(lib2-divmod.o)
 .debug_abbrev  0x0000000000003c25       0xd0 ../ChromaKey_bsp/\libhal_bsp.a(alt_exit.o)

.debug_line     0x0000000000000000     0x461b
 *(.debug_line)
 .debug_line    0x0000000000000000       0x72 ../ChromaKey_bsp//obj/HAL/src/crt0.o
 .debug_line    0x0000000000000072       0x91 obj/default/test_mtl.o
 .debug_line    0x0000000000000103       0x8e ../ChromaKey_bsp/\libhal_bsp.a(alt_load.o)
 .debug_line    0x0000000000000191       0xd1 ../ChromaKey_bsp/\libhal_bsp.a(alt_main.o)
 .debug_line    0x0000000000000262      0x320 ../ChromaKey_bsp/\libhal_bsp.a(alt_sys_init.o)
 .debug_line    0x0000000000000582      0x255 ../ChromaKey_bsp/\libhal_bsp.a(altera_avalon_cfi_flash.o)
 .debug_line    0x00000000000007d7      0x3da ../ChromaKey_bsp/\libhal_bsp.a(altera_avalon_cfi_flash_table.o)
 .debug_line    0x0000000000000bb1      0x12f ../ChromaKey_bsp/\libhal_bsp.a(altera_avalon_jtag_uart_fd.o)
 .debug_line    0x0000000000000ce0      0x19f ../ChromaKey_bsp/\libhal_bsp.a(altera_avalon_jtag_uart_init.o)
 .debug_line    0x0000000000000e7f      0x131 ../ChromaKey_bsp/\libhal_bsp.a(altera_avalon_jtag_uart_ioctl.o)
 .debug_line    0x0000000000000fb0      0x185 ../ChromaKey_bsp/\libhal_bsp.a(altera_avalon_jtag_uart_read.o)
 .debug_line    0x0000000000001135      0x184 ../ChromaKey_bsp/\libhal_bsp.a(altera_avalon_jtag_uart_write.o)
 .debug_line    0x00000000000012b9      0x113 ../ChromaKey_bsp/\libhal_bsp.a(altera_avalon_timer_sc.o)
 .debug_line    0x00000000000013cc      0x2de ../ChromaKey_bsp/\libhal_bsp.a(altera_ro_zipfs.o)
 .debug_line    0x00000000000016aa      0x1c3 ../ChromaKey_bsp/\libhal_bsp.a(altera_up_avalon_character_lcd.o)
 .debug_line    0x000000000000186d      0x1a5 ../ChromaKey_bsp/\libhal_bsp.a(altera_up_avalon_ps2.o)
 .debug_line    0x0000000000001a12      0x13e ../ChromaKey_bsp/\libhal_bsp.a(altera_up_avalon_rs232.o)
 .debug_line    0x0000000000001b50      0x16c ../ChromaKey_bsp/\libhal_bsp.a(altera_up_avalon_video_character_buffer_with_dma.o)
 .debug_line    0x0000000000001cbc      0x10d ../ChromaKey_bsp/\libhal_bsp.a(alt_alarm_start.o)
 .debug_line    0x0000000000001dc9      0x160 ../ChromaKey_bsp/\libhal_bsp.a(alt_close.o)
 .debug_line    0x0000000000001f29       0x7c ../ChromaKey_bsp/\libhal_bsp.a(alt_dcache_flush.o)
 .debug_line    0x0000000000001fa5       0x61 ../ChromaKey_bsp/\libhal_bsp.a(alt_dcache_flush_all.o)
 .debug_line    0x0000000000002006       0xf3 ../ChromaKey_bsp/\libhal_bsp.a(alt_dev.o)
 .debug_line    0x00000000000020f9       0xcf ../ChromaKey_bsp/\libhal_bsp.a(alt_dev_llist_insert.o)
 .debug_line    0x00000000000021c8       0x59 ../ChromaKey_bsp/\libhal_bsp.a(alt_do_ctors.o)
 .debug_line    0x0000000000002221       0x59 ../ChromaKey_bsp/\libhal_bsp.a(alt_do_dtors.o)
 .debug_line    0x000000000000227a       0x51 ../ChromaKey_bsp/\libhal_bsp.a(alt_errno.o)
 .debug_line    0x00000000000022cb       0xb5 ../ChromaKey_bsp/\libhal_bsp.a(alt_find_dev.o)
 .debug_line    0x0000000000002380       0xde ../ChromaKey_bsp/\libhal_bsp.a(alt_flash_dev.o)
 .debug_line    0x000000000000245e       0xb5 ../ChromaKey_bsp/\libhal_bsp.a(alt_fs_reg.o)
 .debug_line    0x0000000000002513       0x50 ../ChromaKey_bsp/\libhal_bsp.a(alt_icache_flush_all.o)
 .debug_line    0x0000000000002563      0x12e ../ChromaKey_bsp/\libhal_bsp.a(alt_io_redirect.o)
 .debug_line    0x0000000000002691      0x155 ../ChromaKey_bsp/\libhal_bsp.a(alt_irq_register.o)
 .debug_line    0x00000000000027e6       0x50 ../ChromaKey_bsp/\libhal_bsp.a(alt_irq_vars.o)
 .debug_line    0x0000000000002836      0x128 ../ChromaKey_bsp/\libhal_bsp.a(alt_open.o)
 .debug_line    0x000000000000295e       0xae ../ChromaKey_bsp/\libhal_bsp.a(alt_release_fd.o)
 .debug_line    0x0000000000002a0c      0x113 ../ChromaKey_bsp/\libhal_bsp.a(alt_tick.o)
 .debug_line    0x0000000000002b1f       0x8d ../ChromaKey_bsp/\libhal_bsp.a(altera_nios2_gen2_irq.o)
 .debug_line    0x0000000000002bac      0x172 ../ChromaKey_bsp/\libhal_bsp.a(altera_avalon_cfi_flash_amd.o)
 .debug_line    0x0000000000002d1e      0x152 ../ChromaKey_bsp/\libhal_bsp.a(altera_avalon_cfi_flash_intel.o)
 .debug_line    0x0000000000002e70       0xd1 ../ChromaKey_bsp/\libhal_bsp.a(alt_find_file.o)
 .debug_line    0x0000000000002f41       0xd4 ../ChromaKey_bsp/\libhal_bsp.a(alt_get_fd.o)
 .debug_line    0x0000000000003015       0x81 ../ChromaKey_bsp/\libhal_bsp.a(alt_icache_flush.o)
 .debug_line    0x0000000000003096       0x6b ../ChromaKey_bsp/\libhal_bsp.a(alt_irq_entry.o)
 .debug_line    0x0000000000003101       0xcd ../ChromaKey_bsp/\libhal_bsp.a(alt_irq_handler.o)
 .debug_line    0x00000000000031ce       0xa8 ../ChromaKey_bsp/\libhal_bsp.a(alt_usleep.o)
 .debug_line    0x0000000000003276       0xa0 ../ChromaKey_bsp/\libhal_bsp.a(alt_busy_sleep.o)
 .debug_line    0x0000000000003316       0xb3 ../ChromaKey_bsp/\libhal_bsp.a(alt_exception_entry.o)
 .debug_line    0x00000000000033c9       0xba ../ChromaKey_bsp/\libhal_bsp.a(alt_instruction_exception_entry.o)
 .debug_line    0x0000000000003483       0xe4 c:/intelfpga/17.1/nios2eds/bin/gnu/h-x86_64-mingw32/bin/../lib/gcc/nios2-elf/5.3.0/../../../../../H-x86_64-mingw32/nios2-elf/lib\libc.a(lib_a-atexit.o)
 .debug_line    0x0000000000003567      0x1f9 c:/intelfpga/17.1/nios2eds/bin/gnu/h-x86_64-mingw32/bin/../lib/gcc/nios2-elf/5.3.0/../../../../../H-x86_64-mingw32/nios2-elf/lib\libc.a(lib_a-exit.o)
 .debug_line    0x0000000000003760      0x15d c:/intelfpga/17.1/nios2eds/bin/gnu/h-x86_64-mingw32/bin/../lib/gcc/nios2-elf/5.3.0/../../../../../H-x86_64-mingw32/nios2-elf/lib\libc.a(lib_a-impure.o)
 .debug_line    0x00000000000038bd       0x5c c:/intelfpga/17.1/nios2eds/bin/gnu/h-x86_64-mingw32/bin/../lib/gcc/nios2-elf/5.3.0/../../../../../H-x86_64-mingw32/nios2-elf/lib\libc.a(lib_a-int_errno.o)
 .debug_line    0x0000000000003919      0x173 c:/intelfpga/17.1/nios2eds/bin/gnu/h-x86_64-mingw32/bin/../lib/gcc/nios2-elf/5.3.0/../../../../../H-x86_64-mingw32/nios2-elf/lib\libc.a(lib_a-memcmp.o)
 .debug_line    0x0000000000003a8c      0x189 c:/intelfpga/17.1/nios2eds/bin/gnu/h-x86_64-mingw32/bin/../lib/gcc/nios2-elf/5.3.0/../../../../../H-x86_64-mingw32/nios2-elf/lib\libc.a(lib_a-memcpy.o)
 .debug_line    0x0000000000003c15       0xfe c:/intelfpga/17.1/nios2eds/bin/gnu/h-x86_64-mingw32/bin/../lib/gcc/nios2-elf/5.3.0/../../../../../H-x86_64-mingw32/nios2-elf/lib\libc.a(lib_a-strcmp.o)
 .debug_line    0x0000000000003d13      0x16c c:/intelfpga/17.1/nios2eds/bin/gnu/h-x86_64-mingw32/bin/../lib/gcc/nios2-elf/5.3.0/../../../../../H-x86_64-mingw32/nios2-elf/lib\libc.a(lib_a-strlen.o)
 .debug_line    0x0000000000003e7f      0x19a c:/intelfpga/17.1/nios2eds/bin/gnu/h-x86_64-mingw32/bin/../lib/gcc/nios2-elf/5.3.0/../../../../../H-x86_64-mingw32/nios2-elf/lib\libc.a(lib_a-strncmp.o)
 .debug_line    0x0000000000004019      0x21c c:/intelfpga/17.1/nios2eds/bin/gnu/h-x86_64-mingw32/bin/../lib/gcc/nios2-elf/5.3.0/../../../../../H-x86_64-mingw32/nios2-elf/lib\libc.a(lib_a-__atexit.o)
 .debug_line    0x0000000000004235      0x237 c:/intelfpga/17.1/nios2eds/bin/gnu/h-x86_64-mingw32/bin/../lib/gcc/nios2-elf/5.3.0/../../../../../H-x86_64-mingw32/nios2-elf/lib\libc.a(lib_a-__call_atexit.o)
 .debug_line    0x000000000000446c      0x102 c:/intelfpga/17.1/nios2eds/bin/gnu/h-x86_64-mingw32/bin/../lib/gcc/nios2-elf/5.3.0\libgcc.a(lib2-divmod.o)
 .debug_line    0x000000000000456e       0xad ../ChromaKey_bsp/\libhal_bsp.a(alt_exit.o)

.debug_frame    0x0000000000000000     0x1b80
 *(.debug_frame)
 .debug_frame   0x0000000000000000       0xec obj/default/test_mtl.o
 .debug_frame   0x00000000000000ec       0x5c ../ChromaKey_bsp/\libhal_bsp.a(alt_load.o)
 .debug_frame   0x0000000000000148       0x2c ../ChromaKey_bsp/\libhal_bsp.a(alt_main.o)
 .debug_frame   0x0000000000000174       0x88 ../ChromaKey_bsp/\libhal_bsp.a(alt_sys_init.o)
 .debug_frame   0x00000000000001fc      0x120 ../ChromaKey_bsp/\libhal_bsp.a(altera_avalon_cfi_flash.o)
 .debug_frame   0x000000000000031c      0x2a8 ../ChromaKey_bsp/\libhal_bsp.a(altera_avalon_cfi_flash_table.o)
 .debug_frame   0x00000000000005c4       0xb0 ../ChromaKey_bsp/\libhal_bsp.a(altera_avalon_jtag_uart_fd.o)
 .debug_frame   0x0000000000000674       0xa4 ../ChromaKey_bsp/\libhal_bsp.a(altera_avalon_jtag_uart_init.o)
 .debug_frame   0x0000000000000718       0x34 ../ChromaKey_bsp/\libhal_bsp.a(altera_avalon_jtag_uart_ioctl.o)
 .debug_frame   0x000000000000074c       0x38 ../ChromaKey_bsp/\libhal_bsp.a(altera_avalon_jtag_uart_read.o)
 .debug_frame   0x0000000000000784       0x38 ../ChromaKey_bsp/\libhal_bsp.a(altera_avalon_jtag_uart_write.o)
 .debug_frame   0x00000000000007bc       0x60 ../ChromaKey_bsp/\libhal_bsp.a(altera_avalon_timer_sc.o)
 .debug_frame   0x000000000000081c      0x260 ../ChromaKey_bsp/\libhal_bsp.a(altera_ro_zipfs.o)
 .debug_frame   0x0000000000000a7c      0x204 ../ChromaKey_bsp/\libhal_bsp.a(altera_up_avalon_character_lcd.o)
 .debug_frame   0x0000000000000c80      0x2c0 ../ChromaKey_bsp/\libhal_bsp.a(altera_up_avalon_ps2.o)
 .debug_frame   0x0000000000000f40      0x188 ../ChromaKey_bsp/\libhal_bsp.a(altera_up_avalon_rs232.o)
 .debug_frame   0x00000000000010c8       0xcc ../ChromaKey_bsp/\libhal_bsp.a(altera_up_avalon_video_character_buffer_with_dma.o)
 .debug_frame   0x0000000000001194       0x34 ../ChromaKey_bsp/\libhal_bsp.a(alt_alarm_start.o)
 .debug_frame   0x00000000000011c8       0x60 ../ChromaKey_bsp/\libhal_bsp.a(alt_close.o)
 .debug_frame   0x0000000000001228       0x34 ../ChromaKey_bsp/\libhal_bsp.a(alt_dcache_flush.o)
 .debug_frame   0x000000000000125c       0x34 ../ChromaKey_bsp/\libhal_bsp.a(alt_dcache_flush_all.o)
 .debug_frame   0x0000000000001290       0x34 ../ChromaKey_bsp/\libhal_bsp.a(alt_dev.o)
 .debug_frame   0x00000000000012c4       0x60 ../ChromaKey_bsp/\libhal_bsp.a(alt_dev_llist_insert.o)
 .debug_frame   0x0000000000001324       0x38 ../ChromaKey_bsp/\libhal_bsp.a(alt_do_ctors.o)
 .debug_frame   0x000000000000135c       0x38 ../ChromaKey_bsp/\libhal_bsp.a(alt_do_dtors.o)
 .debug_frame   0x0000000000001394       0x38 ../ChromaKey_bsp/\libhal_bsp.a(alt_find_dev.o)
 .debug_frame   0x00000000000013cc       0x60 ../ChromaKey_bsp/\libhal_bsp.a(alt_flash_dev.o)
 .debug_frame   0x000000000000142c       0x34 ../ChromaKey_bsp/\libhal_bsp.a(alt_fs_reg.o)
 .debug_frame   0x0000000000001460       0x38 ../ChromaKey_bsp/\libhal_bsp.a(alt_icache_flush_all.o)
 .debug_frame   0x0000000000001498       0x60 ../ChromaKey_bsp/\libhal_bsp.a(alt_io_redirect.o)
 .debug_frame   0x00000000000014f8       0x34 ../ChromaKey_bsp/\libhal_bsp.a(alt_irq_register.o)
 .debug_frame   0x000000000000152c       0x84 ../ChromaKey_bsp/\libhal_bsp.a(alt_open.o)
 .debug_frame   0x00000000000015b0       0x34 ../ChromaKey_bsp/\libhal_bsp.a(alt_release_fd.o)
 .debug_frame   0x00000000000015e4       0x5c ../ChromaKey_bsp/\libhal_bsp.a(alt_tick.o)
 .debug_frame   0x0000000000001640       0x34 ../ChromaKey_bsp/\libhal_bsp.a(altera_nios2_gen2_irq.o)
 .debug_frame   0x0000000000001674       0xb0 ../ChromaKey_bsp/\libhal_bsp.a(altera_avalon_cfi_flash_amd.o)
 .debug_frame   0x0000000000001724       0xb0 ../ChromaKey_bsp/\libhal_bsp.a(altera_avalon_cfi_flash_intel.o)
 .debug_frame   0x00000000000017d4       0x38 ../ChromaKey_bsp/\libhal_bsp.a(alt_find_file.o)
 .debug_frame   0x000000000000180c       0x34 ../ChromaKey_bsp/\libhal_bsp.a(alt_get_fd.o)
 .debug_frame   0x0000000000001840       0x34 ../ChromaKey_bsp/\libhal_bsp.a(alt_icache_flush.o)
 .debug_frame   0x0000000000001874       0x38 ../ChromaKey_bsp/\libhal_bsp.a(alt_irq_handler.o)
 .debug_frame   0x00000000000018ac       0x38 ../ChromaKey_bsp/\libhal_bsp.a(alt_usleep.o)
 .debug_frame   0x00000000000018e4       0x38 ../ChromaKey_bsp/\libhal_bsp.a(alt_busy_sleep.o)
 .debug_frame   0x000000000000191c       0x5c ../ChromaKey_bsp/\libhal_bsp.a(alt_instruction_exception_entry.o)
 .debug_frame   0x0000000000001978       0x20 c:/intelfpga/17.1/nios2eds/bin/gnu/h-x86_64-mingw32/bin/../lib/gcc/nios2-elf/5.3.0/../../../../../H-x86_64-mingw32/nios2-elf/lib\libc.a(lib_a-atexit.o)
 .debug_frame   0x0000000000001998       0x28 c:/intelfpga/17.1/nios2eds/bin/gnu/h-x86_64-mingw32/bin/../lib/gcc/nios2-elf/5.3.0/../../../../../H-x86_64-mingw32/nios2-elf/lib\libc.a(lib_a-exit.o)
 .debug_frame   0x00000000000019c0       0x20 c:/intelfpga/17.1/nios2eds/bin/gnu/h-x86_64-mingw32/bin/../lib/gcc/nios2-elf/5.3.0/../../../../../H-x86_64-mingw32/nios2-elf/lib\libc.a(lib_a-memcmp.o)
 .debug_frame   0x00000000000019e0       0x38 c:/intelfpga/17.1/nios2eds/bin/gnu/h-x86_64-mingw32/bin/../lib/gcc/nios2-elf/5.3.0/../../../../../H-x86_64-mingw32/nios2-elf/lib\libc.a(lib_a-memcpy.o)
 .debug_frame   0x0000000000001a18       0x20 c:/intelfpga/17.1/nios2eds/bin/gnu/h-x86_64-mingw32/bin/../lib/gcc/nios2-elf/5.3.0/../../../../../H-x86_64-mingw32/nios2-elf/lib\libc.a(lib_a-strcmp.o)
 .debug_frame   0x0000000000001a38       0x20 c:/intelfpga/17.1/nios2eds/bin/gnu/h-x86_64-mingw32/bin/../lib/gcc/nios2-elf/5.3.0/../../../../../H-x86_64-mingw32/nios2-elf/lib\libc.a(lib_a-strlen.o)
 .debug_frame   0x0000000000001a58       0x20 c:/intelfpga/17.1/nios2eds/bin/gnu/h-x86_64-mingw32/bin/../lib/gcc/nios2-elf/5.3.0/../../../../../H-x86_64-mingw32/nios2-elf/lib\libc.a(lib_a-strncmp.o)
 .debug_frame   0x0000000000001a78       0x38 c:/intelfpga/17.1/nios2eds/bin/gnu/h-x86_64-mingw32/bin/../lib/gcc/nios2-elf/5.3.0/../../../../../H-x86_64-mingw32/nios2-elf/lib\libc.a(lib_a-__atexit.o)
 .debug_frame   0x0000000000001ab0       0x54 c:/intelfpga/17.1/nios2eds/bin/gnu/h-x86_64-mingw32/bin/../lib/gcc/nios2-elf/5.3.0/../../../../../H-x86_64-mingw32/nios2-elf/lib\libc.a(lib_a-__call_atexit.o)
 .debug_frame   0x0000000000001b04       0x50 c:/intelfpga/17.1/nios2eds/bin/gnu/h-x86_64-mingw32/bin/../lib/gcc/nios2-elf/5.3.0\libgcc.a(lib2-divmod.o)
 .debug_frame   0x0000000000001b54       0x2c ../ChromaKey_bsp/\libhal_bsp.a(alt_exit.o)

.debug_str      0x0000000000000000     0x2f7a
 *(.debug_str)
 .debug_str     0x0000000000000000      0x1b7 obj/default/test_mtl.o
                                        0x1fc (size before relaxing)
 .debug_str     0x00000000000001b7      0x142 ../ChromaKey_bsp/\libhal_bsp.a(alt_load.o)
                                        0x226 (size before relaxing)
 .debug_str     0x00000000000002f9       0x91 ../ChromaKey_bsp/\libhal_bsp.a(alt_main.o)
                                        0x1da (size before relaxing)
 .debug_str     0x000000000000038a      0x681 ../ChromaKey_bsp/\libhal_bsp.a(alt_sys_init.o)
                                        0x8bc (size before relaxing)
 .debug_str     0x0000000000000a0b      0x1a8 ../ChromaKey_bsp/\libhal_bsp.a(altera_avalon_cfi_flash.o)
                                        0x565 (size before relaxing)
 .debug_str     0x0000000000000bb3      0x2c5 ../ChromaKey_bsp/\libhal_bsp.a(altera_avalon_cfi_flash_table.o)
                                        0x67d (size before relaxing)
 .debug_str     0x0000000000000e78       0xb2 ../ChromaKey_bsp/\libhal_bsp.a(altera_avalon_jtag_uart_fd.o)
                                        0x3b8 (size before relaxing)
 .debug_str     0x0000000000000f2a       0xd1 ../ChromaKey_bsp/\libhal_bsp.a(altera_avalon_jtag_uart_init.o)
                                        0x36d (size before relaxing)
 .debug_str     0x0000000000000ffb       0x4a ../ChromaKey_bsp/\libhal_bsp.a(altera_avalon_jtag_uart_ioctl.o)
                                        0x2a7 (size before relaxing)
 .debug_str     0x0000000000001045       0x7f ../ChromaKey_bsp/\libhal_bsp.a(altera_avalon_jtag_uart_read.o)