Archive member included to satisfy reference by file (symbol)

c:/intelfpga/17.1/nios2eds/bin/gnu/h-x86_64-mingw32/bin/../lib/gcc/nios2-elf/5.3.0/../../../../../H-x86_64-mingw32/nios2-elf/lib\libm.a(lib_a-s_ceil.o)
                              obj/default/test_mtl.o (ceil)
c:/intelfpga/17.1/nios2eds/bin/gnu/h-x86_64-mingw32/bin/../lib/gcc/nios2-elf/5.3.0\libgcc.a(divsf3.o)
                              obj/default/test_mtl.o (__divsf3)
c:/intelfpga/17.1/nios2eds/bin/gnu/h-x86_64-mingw32/bin/../lib/gcc/nios2-elf/5.3.0\libgcc.a(floatunsisf.o)
                              obj/default/test_mtl.o (__floatunsisf)
c:/intelfpga/17.1/nios2eds/bin/gnu/h-x86_64-mingw32/bin/../lib/gcc/nios2-elf/5.3.0\libgcc.a(adddf3.o)
                              c:/intelfpga/17.1/nios2eds/bin/gnu/h-x86_64-mingw32/bin/../lib/gcc/nios2-elf/5.3.0/../../../../../H-x86_64-mingw32/nios2-elf/lib\libm.a(lib_a-s_ceil.o) (__adddf3)
c:/intelfpga/17.1/nios2eds/bin/gnu/h-x86_64-mingw32/bin/../lib/gcc/nios2-elf/5.3.0\libgcc.a(gedf2.o)
                              c:/intelfpga/17.1/nios2eds/bin/gnu/h-x86_64-mingw32/bin/../lib/gcc/nios2-elf/5.3.0/../../../../../H-x86_64-mingw32/nios2-elf/lib\libm.a(lib_a-s_ceil.o) (__gtdf2)
c:/intelfpga/17.1/nios2eds/bin/gnu/h-x86_64-mingw32/bin/../lib/gcc/nios2-elf/5.3.0\libgcc.a(muldf3.o)
                              obj/default/test_mtl.o (__muldf3)
c:/intelfpga/17.1/nios2eds/bin/gnu/h-x86_64-mingw32/bin/../lib/gcc/nios2-elf/5.3.0\libgcc.a(fixdfsi.o)
                              obj/default/test_mtl.o (__fixdfsi)
c:/intelfpga/17.1/nios2eds/bin/gnu/h-x86_64-mingw32/bin/../lib/gcc/nios2-elf/5.3.0\libgcc.a(extendsfdf2.o)
                              obj/default/test_mtl.o (__extendsfdf2)
c:/intelfpga/17.1/nios2eds/bin/gnu/h-x86_64-mingw32/bin/../lib/gcc/nios2-elf/5.3.0\libgcc.a(_clzsi2.o)
                              c:/intelfpga/17.1/nios2eds/bin/gnu/h-x86_64-mingw32/bin/../lib/gcc/nios2-elf/5.3.0\libgcc.a(divsf3.o) (__clzsi2)
c:/intelfpga/17.1/nios2eds/bin/gnu/h-x86_64-mingw32/bin/../lib/gcc/nios2-elf/5.3.0\libgcc.a(_clz.o)
                              c:/intelfpga/17.1/nios2eds/bin/gnu/h-x86_64-mingw32/bin/../lib/gcc/nios2-elf/5.3.0\libgcc.a(_clzsi2.o) (__clz_tab)
c:/intelfpga/17.1/nios2eds/bin/gnu/h-x86_64-mingw32/bin/../lib/gcc/nios2-elf/5.3.0/../../../../../H-x86_64-mingw32/nios2-elf/lib\libc.a(lib_a-fclose.o)
                              obj/default/test_mtl.o (fclose)
c:/intelfpga/17.1/nios2eds/bin/gnu/h-x86_64-mingw32/bin/../lib/gcc/nios2-elf/5.3.0/../../../../../H-x86_64-mingw32/nios2-elf/lib\libc.a(lib_a-fflush.o)
                              c:/intelfpga/17.1/nios2eds/bin/gnu/h-x86_64-mingw32/bin/../lib/gcc/nios2-elf/5.3.0/../../../../../H-x86_64-mingw32/nios2-elf/lib\libc.a(lib_a-fclose.o) (__sflush_r)
c:/intelfpga/17.1/nios2eds/bin/gnu/h-x86_64-mingw32/bin/../lib/gcc/nios2-elf/5.3.0/../../../../../H-x86_64-mingw32/nios2-elf/lib\libc.a(lib_a-findfp.o)
                              c:/intelfpga/17.1/nios2eds/bin/gnu/h-x86_64-mingw32/bin/../lib/gcc/nios2-elf/5.3.0/../../../../../H-x86_64-mingw32/nios2-elf/lib\libc.a(lib_a-fclose.o) (__sinit)
c:/intelfpga/17.1/nios2eds/bin/gnu/h-x86_64-mingw32/bin/../lib/gcc/nios2-elf/5.3.0/../../../../../H-x86_64-mingw32/nios2-elf/lib\libc.a(lib_a-fopen.o)
                              obj/default/test_mtl.o (fopen)
c:/intelfpga/17.1/nios2eds/bin/gnu/h-x86_64-mingw32/bin/../lib/gcc/nios2-elf/5.3.0/../../../../../H-x86_64-mingw32/nios2-elf/lib\libc.a(lib_a-fread.o)
                              obj/default/test_mtl.o (fread)
c:/intelfpga/17.1/nios2eds/bin/gnu/h-x86_64-mingw32/bin/../lib/gcc/nios2-elf/5.3.0/../../../../../H-x86_64-mingw32/nios2-elf/lib\libc.a(lib_a-freer.o)
                              c:/intelfpga/17.1/nios2eds/bin/gnu/h-x86_64-mingw32/bin/../lib/gcc/nios2-elf/5.3.0/../../../../../H-x86_64-mingw32/nios2-elf/lib\libc.a(lib_a-fclose.o) (_free_r)
c:/intelfpga/17.1/nios2eds/bin/gnu/h-x86_64-mingw32/bin/../lib/gcc/nios2-elf/5.3.0/../../../../../H-x86_64-mingw32/nios2-elf/lib\libc.a(lib_a-fseek.o)
                              c:/intelfpga/17.1/nios2eds/bin/gnu/h-x86_64-mingw32/bin/../lib/gcc/nios2-elf/5.3.0/../../../../../H-x86_64-mingw32/nios2-elf/lib\libc.a(lib_a-fopen.o) (_fseek_r)
c:/intelfpga/17.1/nios2eds/bin/gnu/h-x86_64-mingw32/bin/../lib/gcc/nios2-elf/5.3.0/../../../../../H-x86_64-mingw32/nios2-elf/lib\libc.a(lib_a-fseeko.o)
                              c:/intelfpga/17.1/nios2eds/bin/gnu/h-x86_64-mingw32/bin/../lib/gcc/nios2-elf/5.3.0/../../../../../H-x86_64-mingw32/nios2-elf/lib\libc.a(lib_a-fseek.o) (_fseeko_r)
c:/intelfpga/17.1/nios2eds/bin/gnu/h-x86_64-mingw32/bin/../lib/gcc/nios2-elf/5.3.0/../../../../../H-x86_64-mingw32/nios2-elf/lib\libc.a(lib_a-fstatr.o)
                              c:/intelfpga/17.1/nios2eds/bin/gnu/h-x86_64-mingw32/bin/../lib/gcc/nios2-elf/5.3.0/../../../../../H-x86_64-mingw32/nios2-elf/lib\libc.a(lib_a-fseeko.o) (_fstat_r)
[...]
Memory Configuration

Name             Origin             Length             Attributes
reset            0x0000000000000000 0x0000000000000020
sdram            0x0000000000000020 0x0000000007ffffe0
flash_controller 0x0000000008000000 0x0000000000800000
onchip_memory    0x0000000008800000 0x0000000000008000
*default*        0x0000000000000000 0xffffffffffffffff

Linker script and memory map

LOAD ../ChromaKey_bsp//obj/HAL/src/crt0.o
LOAD obj/default/test_mtl.o
LOAD c:/intelfpga/17.1/nios2eds/bin/gnu/h-x86_64-mingw32/bin/../lib/gcc/nios2-elf/5.3.0/../../../../../H-x86_64-mingw32/nios2-elf/lib\libstdc++.a
LOAD c:/intelfpga/17.1/nios2eds/bin/gnu/h-x86_64-mingw32/bin/../lib/gcc/nios2-elf/5.3.0/../../../../../H-x86_64-mingw32/nios2-elf/lib\libm.a
LOAD c:/intelfpga/17.1/nios2eds/bin/gnu/h-x86_64-mingw32/bin/../lib/gcc/nios2-elf/5.3.0\libgcc.a
START GROUP
LOAD c:/intelfpga/17.1/nios2eds/bin/gnu/h-x86_64-mingw32/bin/../lib/gcc/nios2-elf/5.3.0/../../../../../H-x86_64-mingw32/nios2-elf/lib\libc.a
LOAD c:/intelfpga/17.1/nios2eds/bin/gnu/h-x86_64-mingw32/bin/../lib/gcc/nios2-elf/5.3.0\libgcc.a
LOAD ../ChromaKey_bsp/\libhal_bsp.a
LOAD c:/intelfpga/17.1/nios2eds/bin/gnu/h-x86_64-mingw32/bin/../lib/gcc/nios2-elf/5.3.0/../../../../../H-x86_64-mingw32/nios2-elf/lib\libm.a
END GROUP
LOAD c:/intelfpga/17.1/nios2eds/bin/gnu/h-x86_64-mingw32/bin/../lib/gcc/nios2-elf/5.3.0\libgcc.a
                0x0000000000000000                __alt_mem_sdram = 0x0
                0x0000000008000000                __alt_mem_flash_controller = 0x8000000
                0x0000000008800000                __alt_mem_onchip_memory = 0x8800000

.entry          0x0000000000000000       0x20
 *(.entry)
 .entry         0x0000000000000000       0x20 ../ChromaKey_bsp//obj/HAL/src/crt0.o
                0x0000000000000000                __reset

.exceptions     0x0000000000000020      0x228
                0x0000000000000020                PROVIDE (__ram_exceptions_start, ABSOLUTE (.))
                0x0000000000000020                . = ALIGN (0x20)
 *(.irq)
 *(.exceptions.entry.label)
 .exceptions.entry.label
                0x0000000000000020        0x0 ../ChromaKey_bsp/\libhal_bsp.a(alt_irq_entry.o)
                0x0000000000000020                alt_irq_entry
 .exceptions.entry.label
                0x0000000000000020        0x0 ../ChromaKey_bsp/\libhal_bsp.a(alt_exception_entry.o)
                0x0000000000000020                alt_exception
 *(.exceptions.entry.user)
 *(.exceptions.entry.ecc_fatal)
 *(.exceptions.entry)
 .exceptions.entry
                0x0000000000000020       0x54 ../ChromaKey_bsp/\libhal_bsp.a(alt_exception_entry.o)
 *(.exceptions.irqtest.user)
 *(.exceptions.irqtest)
 .exceptions.irqtest
                0x0000000000000074       0x10 ../ChromaKey_bsp/\libhal_bsp.a(alt_irq_entry.o)
 *(.exceptions.irqhandler.user)
 *(.exceptions.irqhandler)
 .exceptions.irqhandler
                0x0000000000000084        0x4 ../ChromaKey_bsp/\libhal_bsp.a(alt_irq_entry.o)
 *(.exceptions.irqreturn.user)
 *(.exceptions.irqreturn)
 .exceptions.irqreturn
                0x0000000000000088        0x4 ../ChromaKey_bsp/\libhal_bsp.a(alt_irq_entry.o)
 *(.exceptions.notirq.label)
 .exceptions.notirq.label
                0x000000000000008c        0x0 ../ChromaKey_bsp/\libhal_bsp.a(alt_irq_entry.o)
 *(.exceptions.notirq.user)
 *(.exceptions.notirq)
 .exceptions.notirq
                0x000000000000008c        0x8 ../ChromaKey_bsp/\libhal_bsp.a(alt_exception_entry.o)
 *(.exceptions.soft.user)
 *(.exceptions.soft)
 *(.exceptions.unknown.user)
 *(.exceptions.unknown)
 .exceptions.unknown
                0x0000000000000094       0x14 ../ChromaKey_bsp/\libhal_bsp.a(alt_exception_entry.o)
 *(.exceptions.exit.label)
 .exceptions.exit.label
                0x00000000000000a8        0x0 ../ChromaKey_bsp/\libhal_bsp.a(alt_irq_entry.o)
 .exceptions.exit.label
                0x00000000000000a8        0x0 ../ChromaKey_bsp/\libhal_bsp.a(alt_exception_entry.o)
 *(.exceptions.exit.user)
 *(.exceptions.exit)
 .exceptions.exit
                0x00000000000000a8       0x54 ../ChromaKey_bsp/\libhal_bsp.a(alt_exception_entry.o)
 *(.exceptions)
 .exceptions    0x00000000000000fc       0xd8 ../ChromaKey_bsp/\libhal_bsp.a(alt_irq_handler.o)
                0x00000000000000fc                alt_irq_handler
 .exceptions    0x00000000000001d4       0x74 ../ChromaKey_bsp/\libhal_bsp.a(alt_instruction_exception_entry.o)
                0x00000000000001d4                alt_instruction_exception_entry
                0x0000000000000248                PROVIDE (__ram_exceptions_end, ABSOLUTE (.))
                0x0000000000000020                PROVIDE (__flash_exceptions_start, LOADADDR (.exceptions))

.text           0x0000000000000248     0xcae4
                [!provide]                        PROVIDE (stext, ABSOLUTE (.))
 *(.interp)
 *(.hash)
 *(.dynsym)
 *(.dynstr)
 *(.gnu.version)
 *(.gnu.version_d)
 *(.gnu.version_r)
 *(.rel.init)
 *(.rela.init)
 *(.rel.text .rel.text.* .rel.gnu.linkonce.t.*)
 *(.rela.text .rela.text.* .rela.gnu.linkonce.t.*)
 *(.rel.fini)
 *(.rela.fini)
 *(.rel.rodata .rel.rodata.* .rel.gnu.linkonce.r.*)
 *(.rela.rodata .rela.rodata.* .rela.gnu.linkonce.r.*)
 *(.rel.data .rel.data.* .rel.gnu.linkonce.d.*)
 *(.rela.data .rela.data.* .rela.gnu.linkonce.d.*)
 *(.rel.tdata .rel.tdata.* .rel.gnu.linkonce.td.*)
 *(.rela.tdata .rela.tdata.* .rela.gnu.linkonce.td.*)
 *(.rel.tbss .rel.tbss.* .rel.gnu.linkonce.tb.*)
 *(.rela.tbss .rela.tbss.* .rela.gnu.linkonce.tb.*)
 *(.rel.ctors)
 *(.rela.ctors)
 *(.rel.dtors)
 *(.rela.dtors)
 *(.rel.got)
 *(.rela.got)
 *(.rel.sdata .rel.sdata.* .rel.gnu.linkonce.s.*)
 *(.rela.sdata .rela.sdata.* .rela.gnu.linkonce.s.*)
 *(.rel.sbss .rel.sbss.* .rel.gnu.linkonce.sb.*)
 *(.rela.sbss .rela.sbss.* .rela.gnu.linkonce.sb.*)
 *(.rel.sdata2 .rel.sdata2.* .rel.gnu.linkonce.s2.*)
 *(.rela.sdata2 .rela.sdata2.* .rela.gnu.linkonce.s2.*)
 *(.rel.sbss2 .rel.sbss2.* .rel.gnu.linkonce.sb2.*)
 *(.rela.sbss2 .rela.sbss2.* .rela.gnu.linkonce.sb2.*)
 *(.rel.bss .rel.bss.* .rel.gnu.linkonce.b.*)
 *(.rela.bss .rela.bss.* .rela.gnu.linkonce.b.*)
 *(.rel.plt)
 *(.rela.plt)
 *(.rel.dyn)
 *(.init)
 *(.plt)
 *(.text .stub .text.* .gnu.linkonce.t.*)
 .text          0x0000000000000248       0x4c ../ChromaKey_bsp//obj/HAL/src/crt0.o
                0x0000000000000248                _start
 .text          0x0000000000000294      0x5d8 obj/default/test_mtl.o
                0x0000000000000294                main
                0x0000000000000388                LCD_cursor
                0x00000000000003f4                LCD_text
                0x0000000000000460                LCD_cursor_off
                0x0000000000000498                MTL_text
                0x0000000000000530                MTL_box
                0x00000000000005f0                ReadImage
 .text          0x000000000000086c        0x0 c:/intelfpga/17.1/nios2eds/bin/gnu/h-x86_64-mingw32/bin/../lib/gcc/nios2-elf/5.3.0/../../../../../H-x86_64-mingw32/nios2-elf/lib\libm.a(lib_a-s_ceil.o)
 .text.ceil     0x000000000000086c      0x1e0 c:/intelfpga/17.1/nios2eds/bin/gnu/h-x86_64-mingw32/bin/../lib/gcc/nios2-elf/5.3.0/../../../../../H-x86_64-mingw32/nios2-elf/lib\libm.a(lib_a-s_ceil.o)
                0x000000000000086c                ceil
 .text          0x0000000000000a4c      0x440 c:/intelfpga/17.1/nios2eds/bin/gnu/h-x86_64-mingw32/bin/../lib/gcc/nios2-elf/5.3.0\libgcc.a(divsf3.o)
                0x0000000000000a4c                __divsf3
 .text          0x0000000000000e8c       0xf0 c:/intelfpga/17.1/nios2eds/bin/gnu/h-x86_64-mingw32/bin/../lib/gcc/nios2-elf/5.3.0\libgcc.a(floatunsisf.o)
                0x0000000000000e8c                __floatunsisf
 .text          0x0000000000000f7c      0x8ac c:/intelfpga/17.1/nios2eds/bin/gnu/h-x86_64-mingw32/bin/../lib/gcc/nios2-elf/5.3.0\libgcc.a(adddf3.o)
                0x0000000000000f7c                __adddf3
 .text          0x0000000000001828       0xdc c:/intelfpga/17.1/nios2eds/bin/gnu/h-x86_64-mingw32/bin/../lib/gcc/nios2-elf/5.3.0\libgcc.a(gedf2.o)
                0x0000000000001828                __gedf2
                0x0000000000001828                __gtdf2
 .text          0x0000000000001904      0x718 c:/intelfpga/17.1/nios2eds/bin/gnu/h-x86_64-mingw32/bin/../lib/gcc/nios2-elf/5.3.0\libgcc.a(muldf3.o)
                0x0000000000001904                __muldf3
 .text          0x000000000000201c       0x80 c:/intelfpga/17.1/nios2eds/bin/gnu/h-x86_64-mingw32/bin/../lib/gcc/nios2-elf/5.3.0\libgcc.a(fixdfsi.o)
                0x000000000000201c                __fixdfsi
 .text          0x000000000000209c      0x110 c:/intelfpga/17.1/nios2eds/bin/gnu/h-x86_64-mingw32/bin/../lib/gcc/nios2-elf/5.3.0\libgcc.a(extendsfdf2.o)
                0x000000000000209c                __extendsfdf2
 .text          0x00000000000021ac       0x64 c:/intelfpga/17.1/nios2eds/bin/gnu/h-x86_64-mingw32/bin/../lib/gcc/nios2-elf/5.3.0\libgcc.a(_clzsi2.o)
                0x00000000000021ac                __clzsi2
 .text          0x0000000000002210        0x0 c:/intelfpga/17.1/nios2eds/bin/gnu/h-x86_64-mingw32/bin/../lib/gcc/nios2-elf/5.3.0\libgcc.a(_clz.o)
 .text          0x0000000000002210        0x0 c:/intelfpga/17.1/nios2eds/bin/gnu/h-x86_64-mingw32/bin/../lib/gcc/nios2-elf/5.3.0/../../../../../H-x86_64-mingw32/nios2-elf/lib\libc.a(lib_a-fclose.o)
 .text._fclose_r
                0x0000000000002210       0xf0 c:/intelfpga/17.1/nios2eds/bin/gnu/h-x86_64-mingw32/bin/../lib/gcc/nios2-elf/5.3.0/../../../../../H-x86_64-mingw32/nios2-elf/lib\libc.a(lib_a-fclose.o)
                0x0000000000002210                _fclose_r
 .text.fclose   0x0000000000002300       0x14 c:/intelfpga/17.1/nios2eds/bin/gnu/h-x86_64-mingw32/bin/../lib/gcc/nios2-elf/5.3.0/../../../../../H-x86_64-mingw32/nios2-elf/lib\libc.a(lib_a-fclose.o)
                0x0000000000002300                fclose
 .text          0x0000000000002314        0x0 c:/intelfpga/17.1/nios2eds/bin/gnu/h-x86_64-mingw32/bin/../lib/gcc/nios2-elf/5.3.0/../../../../../H-x86_64-mingw32/nios2-elf/lib\libc.a(lib_a-fflush.o)
 .text.__sflush_r
                0x0000000000002314      0x21c c:/intelfpga/17.1/nios2eds/bin/gnu/h-x86_64-mingw32/bin/../lib/gcc/nios2-elf/5.3.0/../../../../../H-x86_64-mingw32/nios2-elf/lib\libc.a(lib_a-fflush.o)
                0x0000000000002314                __sflush_r
 .text._fflush_r
                0x0000000000002530       0x5c c:/intelfpga/17.1/nios2eds/bin/gnu/h-x86_64-mingw32/bin/../lib/gcc/nios2-elf/5.3.0/../../../../../H-x86_64-mingw32/nios2-elf/lib\libc.a(lib_a-fflush.o)
                0x0000000000002530                _fflush_r
 .text.fflush   0x000000000000258c       0x30 c:/intelfpga/17.1/nios2eds/bin/gnu/h-x86_64-mingw32/bin/../lib/gcc/nios2-elf/5.3.0/../../../../../H-x86_64-mingw32/nios2-elf/lib\libc.a(lib_a-fflush.o)
                0x000000000000258c                fflush
 .text          0x00000000000025bc        0x0 c:/intelfpga/17.1/nios2eds/bin/gnu/h-x86_64-mingw32/bin/../lib/gcc/nios2-elf/5.3.0/../../../../../H-x86_64-mingw32/nios2-elf/lib\libc.a(lib_a-findfp.o)
 .text.__fp_unlock
                0x00000000000025bc        0x8 c:/intelfpga/17.1/nios2eds/bin/gnu/h-x86_64-mingw32/bin/../lib/gcc/nios2-elf/5.3.0/../../../../../H-x86_64-mingw32/nios2-elf/lib\libc.a(lib_a-findfp.o)
 .text._cleanup_r
                0x00000000000025c4        0xc c:/intelfpga/17.1/nios2eds/bin/gnu/h-x86_64-mingw32/bin/../lib/gcc/nios2-elf/5.3.0/../../../../../H-x86_64-mingw32/nios2-elf/lib\libc.a(lib_a-findfp.o)
                0x00000000000025c4                _cleanup_r
 .text.__sinit.part.1
                0x00000000000025d0      0x19c c:/intelfpga/17.1/nios2eds/bin/gnu/h-x86_64-mingw32/bin/../lib/gcc/nios2-elf/5.3.0/../../../../../H-x86_64-mingw32/nios2-elf/lib\libc.a(lib_a-findfp.o)
 .text.__fp_lock
                0x000000000000276c        0x8 c:/intelfpga/17.1/nios2eds/bin/gnu/h-x86_64-mingw32/bin/../lib/gcc/nios2-elf/5.3.0/../../../../../H-x86_64-mingw32/nios2-elf/lib\libc.a(lib_a-findfp.o)
 .text.__sfmoreglue
                0x0000000000002774       0x68 c:/intelfpga/17.1/nios2eds/bin/gnu/h-x86_64-mingw32/bin/../lib/gcc/nios2-elf/5.3.0/../../../../../H-x86_64-mingw32/nios2-elf/lib\libc.a(lib_a-findfp.o)
                0x0000000000002774                __sfmoreglue
 .text.__sfp    0x00000000000027dc      0x118 c:/intelfpga/17.1/nios2eds/bin/gnu/h-x86_64-mingw32/bin/../lib/gcc/nios2-elf/5.3.0/../../../../../H-x86_64-mingw32/nios2-elf/lib\libc.a(lib_a-findfp.o)
                0x00000000000027dc                __sfp
 .text._cleanup
                0x00000000000028f4       0x18 c:/intelfpga/17.1/nios2eds/bin/gnu/h-x86_64-mingw32/bin/../lib/gcc/nios2-elf/5.3.0/../../../../../H-x86_64-mingw32/nios2-elf/lib\libc.a(lib_a-findfp.o)
                0x00000000000028f4                _cleanup
 .text.__sinit  0x000000000000290c       0x10 c:/intelfpga/17.1/nios2eds/bin/gnu/h-x86_64-mingw32/bin/../lib/gcc/nios2-elf/5.3.0/../../../../../H-x86_64-mingw32/nios2-elf/lib\libc.a(lib_a-findfp.o)
                0x000000000000290c                __sinit
 .text.__sfp_lock_acquire
                0x000000000000291c        0x4 c:/intelfpga/17.1/nios2eds/bin/gnu/h-x86_64-mingw32/bin/../lib/gcc/nios2-elf/5.3.0/../../../../../H-x86_64-mingw32/nios2-elf/lib\libc.a(lib_a-findfp.o)
                0x000000000000291c                __sfp_lock_acquire
 .text.__sfp_lock_release
                0x0000000000002920        0x4 c:/intelfpga/17.1/nios2eds/bin/gnu/h-x86_64-mingw32/bin/../lib/gcc/nios2-elf/5.3.0/../../../../../H-x86_64-mingw32/nios2-elf/lib\libc.a(lib_a-findfp.o)
                0x0000000000002920                __sfp_lock_release
 .text.__sinit_lock_acquire
                0x0000000000002924        0x4 c:/intelfpga/17.1/nios2eds/bin/gnu/h-x86_64-mingw32/bin/../lib/gcc/nios2-elf/5.3.0/../../../../../H-x86_64-mingw32/nios2-elf/lib\libc.a(lib_a-findfp.o)
                0x0000000000002924                __sinit_lock_acquire
 .text.__sinit_lock_release
                0x0000000000002928        0x4 c:/intelfpga/17.1/nios2eds/bin/gnu/h-x86_64-mingw32/bin/../lib/gcc/nios2-elf/5.3.0/../../../../../H-x86_64-mingw32/nios2-elf/lib\libc.a(lib_a-findfp.o)
                0x0000000000002928                __sinit_lock_release
 .text.__fp_lock_all
                0x000000000000292c       0x18 c:/intelfpga/17.1/nios2eds/bin/gnu/h-x86_64-mingw32/bin/../lib/gcc/nios2-elf/5.3.0/../../../../../H-x86_64-mingw32/nios2-elf/lib\libc.a(lib_a-findfp.o)
                0x000000000000292c                __fp_lock_all
 .text.__fp_unlock_all
                0x0000000000002944       0x18 c:/intelfpga/17.1/nios2eds/bin/gnu/h-x86_64-mingw32/bin/../lib/gcc/nios2-elf/5.3.0/../../../../../H-x86_64-mingw32/nios2-elf/lib\libc.a(lib_a-findfp.o)
                0x0000000000002944                __fp_unlock_all
 .text          0x000000000000295c        0x0 c:/intelfpga/17.1/nios2eds/bin/gnu/h-x86_64-mingw32/bin/../lib/gcc/nios2-elf/5.3.0/../../../../../H-x86_64-mingw32/nios2-elf/lib\libc.a(lib_a-fopen.o)
 .text._fopen_r
                0x000000000000295c       0xf4 c:/intelfpga/17.1/nios2eds/bin/gnu/h-x86_64-mingw32/bin/../lib/gcc/nios2-elf/5.3.0/../../../../../H-x86_64-mingw32/nios2-elf/lib\libc.a(lib_a-fopen.o)
                0x000000000000295c                _fopen_r
 .text.fopen    0x0000000000002a50       0x18 c:/intelfpga/17.1/nios2eds/bin/gnu/h-x86_64-mingw32/bin/../lib/gcc/nios2-elf/5.3.0/../../../../../H-x86_64-mingw32/nios2-elf/lib\libc.a(lib_a-fopen.o)
                0x0000000000002a50                fopen
 .text          0x0000000000002a68        0x0 c:/intelfpga/17.1/nios2eds/bin/gnu/h-x86_64-mingw32/bin/../lib/gcc/nios2-elf/5.3.0/../../../../../H-x86_64-mingw32/nios2-elf/lib\libc.a(lib_a-fread.o)
 .text._fread_r
                0x0000000000002a68      0x22c c:/intelfpga/17.1/nios2eds/bin/gnu/h-x86_64-mingw32/bin/../lib/gcc/nios2-elf/5.3.0/../../../../../H-x86_64-mingw32/nios2-elf/lib\libc.a(lib_a-fread.o)
                0x0000000000002a68                _fread_r
 .text.fread    0x0000000000002c94       0x34 c:/intelfpga/17.1/nios2eds/bin/gnu/h-x86_64-mingw32/bin/../lib/gcc/nios2-elf/5.3.0/../../../../../H-x86_64-mingw32/nios2-elf/lib\libc.a(lib_a-fread.o)
                0x0000000000002c94                fread
 .text          0x0000000000002cc8        0x0 c:/intelfpga/17.1/nios2eds/bin/gnu/h-x86_64-mingw32/bin/../lib/gcc/nios2-elf/5.3.0/../../../../../H-x86_64-mingw32/nios2-elf/lib\libc.a(lib_a-freer.o)
 .text._malloc_trim_r
                0x0000000000002cc8      0x124 c:/intelfpga/17.1/nios2eds/bin/gnu/h-x86_64-mingw32/bin/../lib/gcc/nios2-elf/5.3.0/../../../../../H-x86_64-mingw32/nios2-elf/lib\libc.a(lib_a-freer.o)
                0x0000000000002cc8                _malloc_trim_r
 .text._free_r  0x0000000000002dec      0x310 c:/intelfpga/17.1/nios2eds/bin/gnu/h-x86_64-mingw32/bin/../lib/gcc/nios2-elf/5.3.0/../../../../../H-x86_64-mingw32/nios2-elf/lib\libc.a(lib_a-freer.o)
                0x0000000000002dec                _free_r
 .text          0x00000000000030fc        0x0 c:/intelfpga/17.1/nios2eds/bin/gnu/h-x86_64-mingw32/bin/../lib/gcc/nios2-elf/5.3.0/../../../../../H-x86_64-mingw32/nios2-elf/lib\libc.a(lib_a-fseek.o)
 .text._fseek_r
                0x00000000000030fc        0x4 c:/intelfpga/17.1/nios2eds/bin/gnu/h-x86_64-mingw32/bin/../lib/gcc/nios2-elf/5.3.0/../../../../../H-x86_64-mingw32/nios2-elf/lib\libc.a(lib_a-fseek.o)
                0x00000000000030fc                _fseek_r
 .text.fseek    0x0000000000003100       0x1c c:/intelfpga/17.1/nios2eds/bin/gnu/h-x86_64-mingw32/bin/../lib/gcc/nios2-elf/5.3.0/../../../../../H-x86_64-mingw32/nios2-elf/lib\libc.a(lib_a-fseek.o)
                0x0000000000003100                fseek
 .text          0x000000000000311c        0x0 c:/intelfpga/17.1/nios2eds/bin/gnu/h-x86_64-mingw32/bin/../lib/gcc/nios2-elf/5.3.0/../../../../../H-x86_64-mingw32/nios2-elf/lib\libc.a(lib_a-fseeko.o)
 .text._fseeko_r
                0x000000000000311c      0x444 c:/intelfpga/17.1/nios2eds/bin/gnu/h-x86_64-mingw32/bin/../lib/gcc/nios2-elf/5.3.0/../../../../../H-x86_64-mingw32/nios2-elf/lib\libc.a(lib_a-fseeko.o)
                0x000000000000311c                _fseeko_r
 .text.fseeko   0x0000000000003560       0x1c c:/intelfpga/17.1/nios2eds/bin/gnu/h-x86_64-mingw32/bin/../lib/gcc/nios2-elf/5.3.0/../../../../../H-x86_64-mingw32/nios2-elf/lib\libc.a(lib_a-fseeko.o)
                0x0000000000003560                fseeko
 .text          0x000000000000357c        0x0 c:/intelfpga/17.1/nios2eds/bin/gnu/h-x86_64-mingw32/bin/../lib/gcc/nios2-elf/5.3.0/../../../../../H-x86_64-mingw32/nios2-elf/lib\libc.a(lib_a-fstatr.o)
 .text._fstat_r
                0x000000000000357c       0x5c c:/intelfpga/17.1/nios2eds/bin/gnu/h-x86_64-mingw32/bin/../lib/gcc/nios2-elf/5.3.0/../../../../../H-x86_64-mingw32/nios2-elf/lib\libc.a(lib_a-fstatr.o)
                0x000000000000357c                _fstat_r
 .text          0x00000000000035d8        0x0 c:/intelfpga/17.1/nios2eds/bin/gnu/h-x86_64-mingw32/bin/../lib/gcc/nios2-elf/5.3.0/../../../../../H-x86_64-mingw32/nios2-elf/lib\libc.a(lib_a-fwalk.o)
 .text._fwalk   0x00000000000035d8       0xc4 c:/intelfpga/17.1/nios2eds/bin/gnu/h-x86_64-mingw32/bin/../lib/gcc/nios2-elf/5.3.0/../../../../../H-x86_64-mingw32/nios2-elf/lib\libc.a(lib_a-fwalk.o)
                0x00000000000035d8                _fwalk
 .text._fwalk_reent
                0x000000000000369c       0xc4 c:/intelfpga/17.1/nios2eds/bin/gnu/h-x86_64-mingw32/bin/../lib/gcc/nios2-elf/5.3.0/../../../../../H-x86_64-mingw32/nios2-elf/lib\libc.a(lib_a-fwalk.o)
                0x000000000000369c                _fwalk_reent
 .text          0x0000000000003760        0x0 c:/intelfpga/17.1/nios2eds/bin/gnu/h-x86_64-mingw32/bin/../lib/gcc/nios2-elf/5.3.0/../../../../../H-x86_64-mingw32/nios2-elf/lib\libc.a(lib_a-impure.o)
 .text          0x0000000000003760        0x0 c:/intelfpga/17.1/nios2eds/bin/gnu/h-x86_64-mingw32/bin/../lib/gcc/nios2-elf/5.3.0/../../../../../H-x86_64-mingw32/nios2-elf/lib\libc.a(lib_a-int_errno.o)
 .text          0x0000000000003760        0x0 c:/intelfpga/17.1/nios2eds/bin/gnu/h-x86_64-mingw32/bin/../lib/gcc/nios2-elf/5.3.0/../../../../../H-x86_64-mingw32/nios2-elf/lib\libc.a(lib_a-makebuf.o)
 .text.__smakebuf_r
                0x0000000000003760      0x1bc c:/intelfpga/17.1/nios2eds/bin/gnu/h-x86_64-mingw32/bin/../lib/gcc/nios2-elf/5.3.0/../../../../../H-x86_64-mingw32/nios2-elf/lib\libc.a(lib_a-makebuf.o)
                0x0000000000003760                __smakebuf_r
 .text          0x000000000000391c        0x0 c:/intelfpga/17.1/nios2eds/bin/gnu/h-x86_64-mingw32/bin/../lib/gcc/nios2-elf/5.3.0/../../../../../H-x86_64-mingw32/nios2-elf/lib\libc.a(lib_a-malloc.o)
 .text.malloc   0x000000000000391c       0x14 c:/intelfpga/17.1/nios2eds/bin/gnu/h-x86_64-mingw32/bin/../lib/gcc/nios2-elf/5.3.0/../../../../../H-x86_64-mingw32/nios2-elf/lib\libc.a(lib_a-malloc.o)
                0x000000000000391c                malloc
 .text.free     0x0000000000003930       0x14 c:/intelfpga/17.1/nios2eds/bin/gnu/h-x86_64-mingw32/bin/../lib/gcc/nios2-elf/5.3.0/../../../../../H-x86_64-mingw32/nios2-elf/lib\libc.a(lib_a-malloc.o)
                0x0000000000003930                free
 .text          0x0000000000003944        0x0 c:/intelfpga/17.1/nios2eds/bin/gnu/h-x86_64-mingw32/bin/../lib/gcc/nios2-elf/5.3.0/../../../../../H-x86_64-mingw32/nios2-elf/lib\libc.a(lib_a-mallocr.o)
 .text._malloc_r
                0x0000000000003944      0x80c c:/intelfpga/17.1/nios2eds/bin/gnu/h-x86_64-mingw32/bin/../lib/gcc/nios2-elf/5.3.0/../../../../../H-x86_64-mingw32/nios2-elf/lib\libc.a(lib_a-mallocr.o)
                0x0000000000003944                _malloc_r
 .text          0x0000000000004150        0x0 c:/intelfpga/17.1/nios2eds/bin/gnu/h-x86_64-mingw32/bin/../lib/gcc/nios2-elf/5.3.0/../../../../../H-x86_64-mingw32/nios2-elf/lib\libc.a(lib_a-memcpy.o)
 .text.memcpy   0x0000000000004150      0x148 c:/intelfpga/17.1/nios2eds/bin/gnu/h-x86_64-mingw32/bin/../lib/gcc/nios2-elf/5.3.0/../../../../../H-x86_64-mingw32/nios2-elf/lib\libc.a(lib_a-memcpy.o)
                0x0000000000004150                memcpy
 .text          0x0000000000004298        0x0 c:/intelfpga/17.1/nios2eds/bin/gnu/h-x86_64-mingw32/bin/../lib/gcc/nios2-elf/5.3.0/../../../../../H-x86_64-mingw32/nios2-elf/lib\libc.a(lib_a-memset.o)
 .text.memset   0x0000000000004298      0x128 c:/intelfpga/17.1/nios2eds/bin/gnu/h-x86_64-mingw32/bin/../lib/gcc/nios2-elf/5.3.0/../../../../../H-x86_64-mingw32/nios2-elf/lib\libc.a(lib_a-memset.o)
                0x0000000000004298                memset
 .text          0x00000000000043c0        0x0 c:/intelfpga/17.1/nios2eds/bin/gnu/h-x86_64-mingw32/bin/../lib/gcc/nios2-elf/5.3.0/../../../../../H-x86_64-mingw32/nios2-elf/lib\libc.a(lib_a-openr.o)
 .text._open_r  0x00000000000043c0       0x60 c:/intelfpga/17.1/nios2eds/bin/gnu/h-x86_64-mingw32/bin/../lib/gcc/nios2-elf/5.3.0/../../../../../H-x86_64-mingw32/nios2-elf/lib\libc.a(lib_a-openr.o)
                0x00000000000043c0                _open_r
 .text          0x0000000000004420        0x0 c:/intelfpga/17.1/nios2eds/bin/gnu/h-x86_64-mingw32/bin/../lib/gcc/nios2-elf/5.3.0/../../../../../H-x86_64-mingw32/nios2-elf/lib\libc.a(lib_a-puts.o)
 .text._puts_r  0x0000000000004420       0xc0 c:/intelfpga/17.1/nios2eds/bin/gnu/h-x86_64-mingw32/bin/../lib/gcc/nios2-elf/5.3.0/../../../../../H-x86_64-mingw32/nios2-elf/lib\libc.a(lib_a-puts.o)
                0x0000000000004420                _puts_r
 .text.puts     0x00000000000044e0       0x14 c:/intelfpga/17.1/nios2eds/bin/gnu/h-x86_64-mingw32/bin/../lib/gcc/nios2-elf/5.3.0/../../../../../H-x86_64-mingw32/nios2-elf/lib\libc.a(lib_a-puts.o)
                0x00000000000044e0                puts
 .text          0x00000000000044f4        0x0 c:/intelfpga/17.1/nios2eds/bin/gnu/h-x86_64-mingw32/bin/../lib/gcc/nios2-elf/5.3.0/../../../../../H-x86_64-mingw32/nios2-elf/lib\libc.a(lib_a-refill.o)
 .text.lflush   0x00000000000044f4       0x1c c:/intelfpga/17.1/nios2eds/bin/gnu/h-x86_64-mingw32/bin/../lib/gcc/nios2-elf/5.3.0/../../../../../H-x86_64-mingw32/nios2-elf/lib\libc.a(lib_a-refill.o)
 .text.__srefill_r
                0x0000000000004510      0x1d4 c:/intelfpga/17.1/nios2eds/bin/gnu/h-x86_64-mingw32/bin/../lib/gcc/nios2-elf/5.3.0/../../../../../H-x86_64-mingw32/nios2-elf/lib\libc.a(lib_a-refill.o)
                0x0000000000004510                __srefill_r
 .text          0x00000000000046e4        0x0 c:/intelfpga/17.1/nios2eds/bin/gnu/h-x86_64-mingw32/bin/../lib/gcc/nios2-elf/5.3.0/../../../../../H-x86_64-mingw32/nios2-elf/lib\libc.a(lib_a-sbrkr.o)
 .text._sbrk_r  0x00000000000046e4       0x54 c:/intelfpga/17.1/nios2eds/bin/gnu/h-x86_64-mingw32/bin/../lib/gcc/nios2-elf/5.3.0/../../../../../H-x86_64-mingw32/nios2-elf/lib\libc.a(lib_a-sbrkr.o)
                0x00000000000046e4                _sbrk_r
 .text          0x0000000000004738        0x0 c:/intelfpga/17.1/nios2eds/bin/gnu/h-x86_64-mingw32/bin/../lib/gcc/nios2-elf/5.3.0/../../../../../H-x86_64-mingw32/nios2-elf/lib\libc.a(lib_a-stdio.o)
 .text.__sread  0x0000000000004738       0x54 c:/intelfpga/17.1/nios2eds/bin/gnu/h-x86_64-mingw32/bin/../lib/gcc/nios2-elf/5.3.0/../../../../../H-x86_64-mingw32/nios2-elf/lib\libc.a(lib_a-stdio.o)
                0x0000000000004738                __sread
 .text.__seofread
                0x000000000000478c        0x8 c:/intelfpga/17.1/nios2eds/bin/gnu/h-x86_64-mingw32/bin/../lib/gcc/nios2-elf/5.3.0/../../../../../H-x86_64-mingw32/nios2-elf/lib\libc.a(lib_a-stdio.o)
                0x000000000000478c                __seofread
 .text.__swrite
                0x0000000000004794       0x7c c:/intelfpga/17.1/nios2eds/bin/gnu/h-x86_64-mingw32/bin/../lib/gcc/nios2-elf/5.3.0/../../../../../H-x86_64-mingw32/nios2-elf/lib\libc.a(lib_a-stdio.o)
                0x0000000000004794                __swrite
 .text.__sseek  0x0000000000004810       0x5c c:/intelfpga/17.1/nios2eds/bin/gnu/h-x86_64-mingw32/bin/../lib/gcc/nios2-elf/5.3.0/../../../../../H-x86_64-mingw32/nios2-elf/lib\libc.a(lib_a-stdio.o)
                0x0000000000004810                __sseek
 .text.__sclose
                0x000000000000486c        0x8 c:/intelfpga/17.1/nios2eds/bin/gnu/h-x86_64-mingw32/bin/../lib/gcc/nios2-elf/5.3.0/../../../../../H-x86_64-mingw32/nios2-elf/lib\libc.a(lib_a-stdio.o)
                0x000000000000486c                __sclose
 .text          0x0000000000004874        0x0 c:/intelfpga/17.1/nios2eds/bin/gnu/h-x86_64-mingw32/bin/../lib/gcc/nios2-elf/5.3.0/../../../../../H-x86_64-mingw32/nios2-elf/lib\libc.a(lib_a-strlen.o)
 .text.strlen   0x0000000000004874       0x98 c:/intelfpga/17.1/nios2eds/bin/gnu/h-x86_64-mingw32/bin/../lib/gcc/nios2-elf/5.3.0/../../../../../H-x86_64-mingw32/nios2-elf/lib\libc.a(lib_a-strlen.o)
                0x0000000000004874                strlen
 .text          0x000000000000490c        0x0 c:/intelfpga/17.1/nios2eds/bin/gnu/h-x86_64-mingw32/bin/../lib/gcc/nios2-elf/5.3.0/../../../../../H-x86_64-mingw32/nios2-elf/lib\libc.a(lib_a-writer.o)
 .text._write_r
                0x000000000000490c       0x60 c:/intelfpga/17.1/nios2eds/bin/gnu/h-x86_64-mingw32/bin/../lib/gcc/nios2-elf/5.3.0/../../../../../H-x86_64-mingw32/nios2-elf/lib\libc.a(lib_a-writer.o)
                0x000000000000490c                _write_r
 .text          0x000000000000496c        0x0 c:/intelfpga/17.1/nios2eds/bin/gnu/h-x86_64-mingw32/bin/../lib/gcc/nios2-elf/5.3.0/../../../../../H-x86_64-mingw32/nios2-elf/lib\libc.a(closer.o)
 .text._close_r
                0x000000000000496c       0x54 c:/intelfpga/17.1/nios2eds/bin/gnu/h-x86_64-mingw32/bin/../lib/gcc/nios2-elf/5.3.0/../../../../../H-x86_64-mingw32/nios2-elf/lib\libc.a(closer.o)
                0x000000000000496c                _close_r
 .text          0x00000000000049c0        0x0 c:/intelfpga/17.1/nios2eds/bin/gnu/h-x86_64-mingw32/bin/../lib/gcc/nios2-elf/5.3.0/../../../../../H-x86_64-mingw32/nios2-elf/lib\libc.a(lib_a-flags.o)
 .text.__sflags
                0x00000000000049c0       0xac c:/intelfpga/17.1/nios2eds/bin/gnu/h-x86_64-mingw32/bin/../lib/gcc/nios2-elf/5.3.0/../../../../../H-x86_64-mingw32/nios2-elf/lib\libc.a(lib_a-flags.o)
                0x00000000000049c0                __sflags
 .text          0x0000000000004a6c        0x0 c:/intelfpga/17.1/nios2eds/bin/gnu/h-x86_64-mingw32/bin/../lib/gcc/nios2-elf/5.3.0/../../../../../H-x86_64-mingw32/nios2-elf/lib\libc.a(lib_a-fvwrite.o)
 .text.__sfvwrite_r
                0x0000000000004a6c      0x4bc c:/intelfpga/17.1/nios2eds/bin/gnu/h-x86_64-mingw32/bin/../lib/gcc/nios2-elf/5.3.0/../../../../../H-x86_64-mingw32/nios2-elf/lib\libc.a(lib_a-fvwrite.o)
                0x0000000000004a6c                __sfvwrite_r
 .text          0x0000000000004f28        0x0 c:/intelfpga/17.1/nios2eds/bin/gnu/h-x86_64-mingw32/bin/../lib/gcc/nios2-elf/5.3.0/../../../../../H-x86_64-mingw32/nios2-elf/lib\libc.a(lib_a-isattyr.o)
 .text._isatty_r
                0x0000000000004f28       0x54 c:/intelfpga/17.1/nios2eds/bin/gnu/h-x86_64-mingw32/bin/../lib/gcc/nios2-elf/5.3.0/../../../../../H-x86_64-mingw32/nios2-elf/lib\libc.a(lib_a-isattyr.o)
                0x0000000000004f28                _isatty_r
 .text          0x0000000000004f7c        0x0 c:/intelfpga/17.1/nios2eds/bin/gnu/h-x86_64-mingw32/bin/../lib/gcc/nios2-elf/5.3.0/../../../../../H-x86_64-mingw32/nios2-elf/lib\libc.a(lib_a-lseekr.o)
 .text._lseek_r
                0x0000000000004f7c       0x60 c:/intelfpga/17.1/nios2eds/bin/gnu/h-x86_64-mingw32/bin/../lib/gcc/nios2-elf/5.3.0/../../../../../H-x86_64-mingw32/nios2-elf/lib\libc.a(lib_a-lseekr.o)
                0x0000000000004f7c                _lseek_r
 .text          0x0000000000004fdc        0x0 c:/intelfpga/17.1/nios2eds/bin/gnu/h-x86_64-mingw32/bin/../lib/gcc/nios2-elf/5.3.0/../../../../../H-x86_64-mingw32/nios2-elf/lib\libc.a(lib_a-memchr.o)
 .text.memchr   0x0000000000004fdc       0xe4 c:/intelfpga/17.1/nios2eds/bin/gnu/h-x86_64-mingw32/bin/../lib/gcc/nios2-elf/5.3.0/../../../../../H-x86_64-mingw32/nios2-elf/lib\libc.a(lib_a-memchr.o)
                0x0000000000004fdc                memchr
 .text          0x00000000000050c0        0x0 c:/intelfpga/17.1/nios2eds/bin/gnu/h-x86_64-mingw32/bin/../lib/gcc/nios2-elf/5.3.0/../../../../../H-x86_64-mingw32/nios2-elf/lib\libc.a(lib_a-memmove.o)
 .text.memmove  0x00000000000050c0      0x15c c:/intelfpga/17.1/nios2eds/bin/gnu/h-x86_64-mingw32/bin/../lib/gcc/nios2-elf/5.3.0/../../../../../H-x86_64-mingw32/nios2-elf/lib\libc.a(lib_a-memmove.o)
                0x00000000000050c0                memmove
 .text          0x000000000000521c        0x0 c:/intelfpga/17.1/nios2eds/bin/gnu/h-x86_64-mingw32/bin/../lib/gcc/nios2-elf/5.3.0/../../../../../H-x86_64-mingw32/nios2-elf/lib\libc.a(lib_a-readr.o)
 .text._read_r  0x000000000000521c       0x60 c:/intelfpga/17.1/nios2eds/bin/gnu/h-x86_64-mingw32/bin/../lib/gcc/nios2-elf/5.3.0/../../../../../H-x86_64-mingw32/nios2-elf/lib\libc.a(lib_a-readr.o)
                0x000000000000521c                _read_r
 .text          0x000000000000527c        0x0 c:/intelfpga/17.1/nios2eds/bin/gnu/h-x86_64-mingw32/bin/../lib/gcc/nios2-elf/5.3.0/../../../../../H-x86_64-mingw32/nios2-elf/lib\libc.a(lib_a-reallocr.o)
 .text._realloc_r
                0x000000000000527c      0x564 c:/intelfpga/17.1/nios2eds/bin/gnu/h-x86_64-mingw32/bin/../lib/gcc/nios2-elf/5.3.0/../../../../../H-x86_64-mingw32/nios2-elf/lib\libc.a(lib_a-reallocr.o)
                0x000000000000527c                _realloc_r
 .text          0x00000000000057e0        0x0 c:/intelfpga/17.1/nios2eds/bin/gnu/h-x86_64-mingw32/bin/../lib/gcc/nios2-elf/5.3.0/../../../../../H-x86_64-mingw32/nios2-elf/lib\libc.a(lib_a-wsetup.o)
 .text.__swsetup_r
                0x00000000000057e0      0x154 c:/intelfpga/17.1/nios2eds/bin/gnu/h-x86_64-mingw32/bin/../lib/gcc/nios2-elf/5.3.0/../../../../../H-x86_64-mingw32/nios2-elf/lib\libc.a(lib_a-wsetup.o)
                0x00000000000057e0                __swsetup_r
 .text          0x0000000000005934      0x1b4 c:/intelfpga/17.1/nios2eds/bin/gnu/h-x86_64-mingw32/bin/../lib/gcc/nios2-elf/5.3.0\libgcc.a(lib2-divmod.o)
                0x0000000000005934                __divsi3
                0x00000000000059b8                __modsi3
                0x0000000000005a2c                __udivsi3
                0x0000000000005a90                __umodsi3
 .text          0x0000000000005ae8      0x10c ../ChromaKey_bsp/\libhal_bsp.a(alt_close.o)
                0x0000000000005b24                close
 .text          0x0000000000005bf4       0x2c ../ChromaKey_bsp/\libhal_bsp.a(alt_dev.o)
 .text          0x0000000000005c20        0x0 ../ChromaKey_bsp/\libhal_bsp.a(alt_errno.o)
 .text          0x0000000000005c20       0xec ../ChromaKey_bsp/\libhal_bsp.a(alt_fstat.o)
                0x0000000000005c5c                fstat
 .text          0x0000000000005d0c       0xe0 ../ChromaKey_bsp/\libhal_bsp.a(alt_isatty.o)
                0x0000000000005d48                isatty
 .text          0x0000000000005dec       0xec ../ChromaKey_bsp/\libhal_bsp.a(alt_load.o)
                0x0000000000005e54                alt_load
 .text          0x0000000000005ed8      0x110 ../ChromaKey_bsp/\libhal_bsp.a(alt_lseek.o)
                0x0000000000005f14                lseek
 .text          0x0000000000005fe8       0x7c ../ChromaKey_bsp/\libhal_bsp.a(alt_main.o)
                0x0000000000005fe8                alt_main
 .text          0x0000000000006064       0x48 ../ChromaKey_bsp/\libhal_bsp.a(alt_malloc_lock.o)
                0x0000000000006064                __malloc_lock
                0x0000000000006088                __malloc_unlock
 .text          0x00000000000060ac      0x254 ../ChromaKey_bsp/\libhal_bsp.a(alt_open.o)
                0x00000000000061ac                open
 .text          0x0000000000006300      0x138 ../ChromaKey_bsp/\libhal_bsp.a(alt_read.o)
                0x000000000000633c                read
 .text          0x0000000000006438       0x64 ../ChromaKey_bsp/\libhal_bsp.a(alt_release_fd.o)
                0x0000000000006438                alt_release_fd
 .text          0x000000000000649c       0xb0 ../ChromaKey_bsp/\libhal_bsp.a(alt_sbrk.o)
                0x000000000000649c                sbrk
 .text          0x000000000000654c      0x134 ../ChromaKey_bsp/\libhal_bsp.a(alt_write.o)
                0x0000000000006588                write
 .text          0x0000000000006680      0x45c ../ChromaKey_bsp/\libhal_bsp.a(alt_sys_init.o)
                0x00000000000066b4                alt_irq_init
                0x00000000000066ec                alt_sys_init
 .text          0x0000000000006adc      0x898 ../ChromaKey_bsp/\libhal_bsp.a(altera_avalon_cfi_flash.o)
                0x0000000000006b10                alt_flash_cfi_init
                0x0000000000006ba0                alt_flash_cfi_write
                0x0000000000006e48                alt_flash_cfi_get_info
                0x0000000000006ed4                alt_flash_cfi_read
                0x0000000000006f38                alt_write_value_to_flash
                0x0000000000007094                alt_flash_program_block
 .text          0x0000000000007374     0x1448 ../ChromaKey_bsp/\libhal_bsp.a(altera_avalon_cfi_flash_table.o)
                0x0000000000007374                alt_read_query_entry_8bit
                0x00000000000073b0                alt_read_query_entry_16bit
                0x00000000000073f0                alt_read_query_entry_32bit
                0x0000000000007430                alt_write_flash_command_8bit_device_8bit_mode
                0x0000000000007474                alt_write_flash_command_16bit_device_8bit_mode
                0x00000000000074ec                alt_write_flash_command_32bit_device_8bit_mode
                0x000000000000753c                alt_write_flash_command_16bit_device_16bit_mode
                0x0000000000007588                alt_write_flash_command_32bit_device_16bit_mode
                0x00000000000075d8                alt_write_flash_command_32bit_device_32bit_mode
                0x0000000000007628                alt_write_native_8bit
                0x0000000000007660                alt_write_native_16bit
                0x0000000000007698                alt_write_native_32bit
                0x00000000000076cc                alt_set_flash_width_func
                0x0000000000007890                alt_set_flash_algorithm_func
                0x00000000000079ac                alt_read_cfi_table
                0x0000000000007f74                alt_read_cfi_width
                0x00000000000086e4                alt_check_primary_table
 .text          0x00000000000087bc      0x164 ../ChromaKey_bsp/\libhal_bsp.a(altera_avalon_jtag_uart_fd.o)
                0x00000000000087bc                altera_avalon_jtag_uart_read_fd
                0x000000000000881c                altera_avalon_jtag_uart_write_fd
                0x000000000000887c                altera_avalon_jtag_uart_close_fd
                0x00000000000088cc                altera_avalon_jtag_uart_ioctl_fd
 .text          0x0000000000008920      0x3cc ../ChromaKey_bsp/\libhal_bsp.a(altera_avalon_jtag_uart_init.o)
                0x0000000000008920                altera_avalon_jtag_uart_init
                0x0000000000008c84                altera_avalon_jtag_uart_close
 .text          0x0000000000008cec       0xf0 ../ChromaKey_bsp/\libhal_bsp.a(altera_avalon_jtag_uart_ioctl.o)
                0x0000000000008cec                altera_avalon_jtag_uart_ioctl
 .text          0x0000000000008ddc      0x21c ../ChromaKey_bsp/\libhal_bsp.a(altera_avalon_jtag_uart_read.o)
                0x0000000000008ddc                altera_avalon_jtag_uart_read
 .text          0x0000000000008ff8      0x224 ../ChromaKey_bsp/\libhal_bsp.a(altera_avalon_jtag_uart_write.o)
                0x0000000000008ff8                altera_avalon_jtag_uart_write
 .text          0x000000000000921c       0xf0 ../ChromaKey_bsp/\libhal_bsp.a(altera_avalon_timer_sc.o)
                0x0000000000009298                alt_avalon_timer_sc_init
 .text          0x000000000000930c      0xb9c ../ChromaKey_bsp/\libhal_bsp.a(altera_ro_zipfs.o)
                0x000000000000958c                check_directory_header
                0x0000000000009b24                alt_ro_zipfs_open
                0x0000000000009bb4                alt_ro_zipfs_read
                0x0000000000009c9c                alt_ro_zipfs_seek
                0x0000000000009dd8                alt_ro_zipfs_fstat
                0x0000000000009e50                alt_ro_zipfs_check_valid
 .text          0x0000000000009ea8      0x4f4 ../ChromaKey_bsp/\libhal_bsp.a(altera_up_avalon_character_lcd.o)
                0x0000000000009ea8                get_DDRAM_addr
                0x0000000000009f1c                alt_up_character_lcd_send_cmd
                0x0000000000009f5c                alt_up_character_lcd_init
                0x0000000000009f94                alt_up_character_lcd_open_dev
                0x0000000000009fd0                alt_up_character_lcd_write
                0x000000000000a04c                alt_up_character_lcd_string
                0x000000000000a0c4                alt_up_character_lcd_write_fd
                0x000000000000a114                alt_up_character_lcd_set_cursor_pos
                0x000000000000a188                alt_up_character_lcd_shift_cursor
                0x000000000000a214                alt_up_character_lcd_shift_display
                0x000000000000a2a0                alt_up_character_lcd_erase_pos
                0x000000000000a32c                alt_up_character_lcd_cursor_off
                0x000000000000a364                alt_up_character_lcd_cursor_blink_on
 .text          0x000000000000a39c      0x6b0 ../ChromaKey_bsp/\libhal_bsp.a(altera_up_avalon_ps2.o)
                0x000000000000a39c                read_RI_bit
                0x000000000000a3d0                read_RE_bit
                0x000000000000a400                read_CE_bit
                0x000000000000a434                read_num_bytes_available
                0x000000000000a464                read_data_valid
                0x000000000000a498                read_data_byte
                0x000000000000a4c4                alt_up_ps2_init
                0x000000000000a58c                alt_up_ps2_enable_read_interrupt
                0x000000000000a5e8                alt_up_ps2_disable_read_interrupt
                0x000000000000a648                alt_up_ps2_write_data_byte
                0x000000000000a6bc                alt_up_ps2_wait_for_ack
                0x000000000000a724                alt_up_ps2_write_data_byte_with_ack
                0x000000000000a788                alt_up_ps2_read_data_byte_timeout
                0x000000000000a824                alt_up_ps2_read_data_byte
                0x000000000000a894                alt_up_ps2_clear_fifo
                0x000000000000a8ec                alt_up_ps2_read_fd
                0x000000000000a978                alt_up_ps2_write_fd
                0x000000000000aa10                alt_up_ps2_open_dev
 .text          0x000000000000aa4c      0x390 ../ChromaKey_bsp/\libhal_bsp.a(altera_up_avalon_rs232.o)
                0x000000000000aa4c                alt_up_rs232_enable_read_interrupt
                0x000000000000aaa8                alt_up_rs232_disable_read_interrupt
                0x000000000000ab08                alt_up_rs232_get_used_space_in_read_FIFO
                0x000000000000ab48                alt_up_rs232_get_available_space_in_write_FIFO
                0x000000000000ab84                alt_up_rs232_check_parity
                0x000000000000abc8                alt_up_rs232_write_data
                0x000000000000ac08                alt_up_rs232_read_data
                0x000000000000ac7c                alt_up_rs232_read_fd
                0x000000000000ad0c                alt_up_rs232_write_fd
                0x000000000000ada0                alt_up_rs232_open_dev
 .text          0x000000000000addc      0x2e0 ../ChromaKey_bsp/\libhal_bsp.a(altera_up_avalon_video_character_buffer_with_dma.o)
                0x000000000000addc                alt_up_char_buffer_init
                0x000000000000ae5c                alt_up_char_buffer_open_dev
                0x000000000000ae98                alt_up_char_buffer_draw
                0x000000000000af64                alt_up_char_buffer_string
                0x000000000000b060                alt_up_char_buffer_clear
 .text          0x000000000000b0bc      0x12c ../ChromaKey_bsp/\libhal_bsp.a(alt_alarm_start.o)
                0x000000000000b0bc                alt_alarm_start
 .text          0x000000000000b1e8       0x78 ../ChromaKey_bsp/\libhal_bsp.a(alt_dcache_flush.o)
                0x000000000000b1e8                alt_dcache_flush
 .text          0x000000000000b260       0x48 ../ChromaKey_bsp/\libhal_bsp.a(alt_dcache_flush_all.o)
                0x000000000000b260                alt_dcache_flush_all
 .text          0x000000000000b2a8       0xe0 ../ChromaKey_bsp/\libhal_bsp.a(alt_dev_llist_insert.o)
                0x000000000000b2e4                alt_dev_llist_insert
 .text          0x000000000000b388       0x60 ../ChromaKey_bsp/\libhal_bsp.a(alt_do_ctors.o)
                0x000000000000b388                _do_ctors
 .text          0x000000000000b3e8       0x60 ../ChromaKey_bsp/\libhal_bsp.a(alt_do_dtors.o)
                0x000000000000b3e8                _do_dtors
 .text          0x000000000000b448       0x90 ../ChromaKey_bsp/\libhal_bsp.a(alt_find_dev.o)
                0x000000000000b448                alt_find_dev
 .text          0x000000000000b4d8      0x108 ../ChromaKey_bsp/\libhal_bsp.a(alt_find_file.o)
                0x000000000000b4d8                alt_find_file
 .text          0x000000000000b5e0       0xbc ../ChromaKey_bsp/\libhal_bsp.a(alt_flash_dev.o)
                0x000000000000b5e0                alt_flash_open_dev
                0x000000000000b648                alt_flash_close_dev
 .text          0x000000000000b69c       0x80 ../ChromaKey_bsp/\libhal_bsp.a(alt_fs_reg.o)
                0x000000000000b69c                alt_fs_reg
 .text          0x000000000000b71c       0xa4 ../ChromaKey_bsp/\libhal_bsp.a(alt_get_fd.o)
                0x000000000000b71c                alt_get_fd
 .text          0x000000000000b7c0       0x34 ../ChromaKey_bsp/\libhal_bsp.a(alt_icache_flush_all.o)
                0x000000000000b7c0                alt_icache_flush_all
 .text          0x000000000000b7f4      0x140 ../ChromaKey_bsp/\libhal_bsp.a(alt_io_redirect.o)
                0x000000000000b8b8                alt_io_redirect
 .text          0x000000000000b934      0x180 ../ChromaKey_bsp/\libhal_bsp.a(alt_irq_register.o)
                0x000000000000b934                alt_irq_register
 .text          0x000000000000bab4        0x0 ../ChromaKey_bsp/\libhal_bsp.a(alt_irq_vars.o)
 .text          0x000000000000bab4      0x1a4 ../ChromaKey_bsp/\libhal_bsp.a(alt_tick.o)
                0x000000000000bab4                alt_alarm_stop
                0x000000000000bb50                alt_tick
 .text          0x000000000000bc58       0x24 ../ChromaKey_bsp/\libhal_bsp.a(altera_nios2_gen2_irq.o)
                0x000000000000bc58                altera_nios2_gen2_irq_init
 .text          0x000000000000bc7c      0x460 ../ChromaKey_bsp/\libhal_bsp.a(altera_avalon_cfi_flash_amd.o)
                0x000000000000bc7c                alt_program_amd
                0x000000000000bce4                alt_erase_block_amd
 .text          0x000000000000c0dc      0x45c ../ChromaKey_bsp/\libhal_bsp.a(altera_avalon_cfi_flash_intel.o)
                0x000000000000c0dc                alt_program_intel
                0x000000000000c15c                alt_erase_block_intel
 .text          0x000000000000c538       0x90 ../ChromaKey_bsp/\libhal_bsp.a(alt_icache_flush.o)
                0x000000000000c538                alt_icache_flush
 .text          0x000000000000c5c8        0x0 ../ChromaKey_bsp/\libhal_bsp.a(alt_irq_entry.o)
 .text          0x000000000000c5c8        0x0 ../ChromaKey_bsp/\libhal_bsp.a(alt_irq_handler.o)
 .text          0x000000000000c5c8       0x30 ../ChromaKey_bsp/\libhal_bsp.a(alt_usleep.o)
                0x000000000000c5c8                usleep
 .text          0x000000000000c5f8      0x158 ../ChromaKey_bsp/\libhal_bsp.a(alt_busy_sleep.o)
                0x000000000000c5f8                alt_busy_sleep
 .text          0x000000000000c750        0x0 ../ChromaKey_bsp/\libhal_bsp.a(alt_exception_entry.o)
 .text          0x000000000000c750       0x9c ../ChromaKey_bsp/\libhal_bsp.a(alt_instruction_exception_entry.o)
                0x000000000000c750                alt_exception_cause_generated_bad_addr
 .text          0x000000000000c7ec        0x0 c:/intelfpga/17.1/nios2eds/bin/gnu/h-x86_64-mingw32/bin/../lib/gcc/nios2-elf/5.3.0/../../../../../H-x86_64-mingw32/nios2-elf/lib\libc.a(lib_a-atexit.o)
 .text.atexit   0x000000000000c7ec       0x14 c:/intelfpga/17.1/nios2eds/bin/gnu/h-x86_64-mingw32/bin/../lib/gcc/nios2-elf/5.3.0/../../../../../H-x86_64-mingw32/nios2-elf/lib\libc.a(lib_a-atexit.o)
                0x000000000000c7ec                atexit
 .text          0x000000000000c800        0x0 c:/intelfpga/17.1/nios2eds/bin/gnu/h-x86_64-mingw32/bin/../lib/gcc/nios2-elf/5.3.0/../../../../../H-x86_64-mingw32/nios2-elf/lib\libc.a(lib_a-exit.o)
 .text.exit     0x000000000000c800       0x38 c:/intelfpga/17.1/nios2eds/bin/gnu/h-x86_64-mingw32/bin/../lib/gcc/nios2-elf/5.3.0/../../../../../H-x86_64-mingw32/nios2-elf/lib\libc.a(lib_a-exit.o)
                0x000000000000c800                exit
 .text          0x000000000000c838        0x0 c:/intelfpga/17.1/nios2eds/bin/gnu/h-x86_64-mingw32/bin/../lib/gcc/nios2-elf/5.3.0/../../../../../H-x86_64-mingw32/nios2-elf/lib\libc.a(lib_a-memcmp.o)
 .text.memcmp   0x000000000000c838       0x7c c:/intelfpga/17.1/nios2eds/bin/gnu/h-x86_64-mingw32/bin/../lib/gcc/nios2-elf/5.3.0/../../../../../H-x86_64-mingw32/nios2-elf/lib\libc.a(lib_a-memcmp.o)
                0x000000000000c838                memcmp
 .text          0x000000000000c8b4        0x0 c:/intelfpga/17.1/nios2eds/bin/gnu/h-x86_64-mingw32/bin/../lib/gcc/nios2-elf/5.3.0/../../../../../H-x86_64-mingw32/nios2-elf/lib\libc.a(lib_a-strcmp.o)
 .text.strcmp   0x000000000000c8b4       0xdc c:/intelfpga/17.1/nios2eds/bin/gnu/h-x86_64-mingw32/bin/../lib/gcc/nios2-elf/5.3.0/../../../../../H-x86_64-mingw32/nios2-elf/lib\libc.a(lib_a-strcmp.o)
                0x000000000000c8b4                strcmp
 .text          0x000000000000c990        0x0 c:/intelfpga/17.1/nios2eds/bin/gnu/h-x86_64-mingw32/bin/../lib/gcc/nios2-elf/5.3.0/../../../../../H-x86_64-mingw32/nios2-elf/lib\libc.a(lib_a-strncmp.o)
 .text.strncmp  0x000000000000c990       0xd0 c:/intelfpga/17.1/nios2eds/bin/gnu/h-x86_64-mingw32/bin/../lib/gcc/nios2-elf/5.3.0/../../../../../H-x86_64-mingw32/nios2-elf/lib\libc.a(lib_a-strncmp.o)
                0x000000000000c990                strncmp
 .text          0x000000000000ca60        0x0 c:/intelfpga/17.1/nios2eds/bin/gnu/h-x86_64-mingw32/bin/../lib/gcc/nios2-elf/5.3.0/../../../../../H-x86_64-mingw32/nios2-elf/lib\libc.a(lib_a-__atexit.o)
 .text.__register_exitproc
                0x000000000000ca60      0x118 c:/intelfpga/17.1/nios2eds/bin/gnu/h-x86_64-mingw32/bin/../lib/gcc/nios2-elf/5.3.0/../../../../../H-x86_64-mingw32/nios2-elf/lib\libc.a(lib_a-__atexit.o)
                0x000000000000ca60                __register_exitproc
 .text          0x000000000000cb78        0x0 c:/intelfpga/17.1/nios2eds/bin/gnu/h-x86_64-mingw32/bin/../lib/gcc/nios2-elf/5.3.0/../../../../../H-x86_64-mingw32/nios2-elf/lib\libc.a(lib_a-__call_atexit.o)
 .text.__call_exitprocs
                0x000000000000cb78      0x180 c:/intelfpga/17.1/nios2eds/bin/gnu/h-x86_64-mingw32/bin/../lib/gcc/nios2-elf/5.3.0/../../../../../H-x86_64-mingw32/nios2-elf/lib\libc.a(lib_a-__call_atexit.o)
                0x000000000000cb78                __call_exitprocs
 .text          0x000000000000ccf8       0x34 ../ChromaKey_bsp/\libhal_bsp.a(alt_exit.o)
                0x000000000000ccf8                _exit
 *(.gnu.warning.*)
 *(.fini)
                [!provide]                        PROVIDE (__etext, ABSOLUTE (.))
                [!provide]                        PROVIDE (_etext, ABSOLUTE (.))
                [!provide]                        PROVIDE (etext, ABSOLUTE (.))
 *(.eh_frame_hdr)
                0x000000000000cd2c                . = ALIGN (0x4)
                [!provide]                        PROVIDE (__preinit_array_start, ABSOLUTE (.))
 *(.preinit_array)
                [!provide]                        PROVIDE (__preinit_array_end, ABSOLUTE (.))
                [!provide]                        PROVIDE (__init_array_start, ABSOLUTE (.))
 *(.init_array)
                [!provide]                        PROVIDE (__init_array_end, ABSOLUTE (.))
                [!provide]                        PROVIDE (__fini_array_start, ABSOLUTE (.))
 *(.fini_array)
                [!provide]                        PROVIDE (__fini_array_end, ABSOLUTE (.))
 *(.eh_frame)
 *(.gcc_except_table .gcc_except_table.*)
 *(.dynamic)
                0x000000000000cd2c                PROVIDE (__CTOR_LIST__, ABSOLUTE (.))
 *(.ctors)
 *(SORT(.ctors.*))
                0x000000000000cd2c                PROVIDE (__CTOR_END__, ABSOLUTE (.))
                0x000000000000cd2c                PROVIDE (__DTOR_LIST__, ABSOLUTE (.))
 *(.dtors)
 *(SORT(.dtors.*))
                0x000000000000cd2c                PROVIDE (__DTOR_END__, ABSOLUTE (.))
 *(.jcr)
                0x000000000000cd2c                . = ALIGN (0x4)

.rodata         0x000000000000cd2c      0x304
                0x000000000000cd2c                PROVIDE (__ram_rodata_start, ABSOLUTE (.))
                0x000000000000cd2c                . = ALIGN (0x4)
 *(.rodata .rodata.* .gnu.linkonce.r.*)
 .rodata        0x000000000000cd2c       0x67 obj/default/test_mtl.o
 .rodata        0x000000000000cd93      0x100 c:/intelfpga/17.1/nios2eds/bin/gnu/h-x86_64-mingw32/bin/../lib/gcc/nios2-elf/5.3.0\libgcc.a(_clz.o)
                0x000000000000cd93                __clz_tab
 *fill*         0x000000000000ce93        0x1 
 .rodata.str1.4
                0x000000000000ce94        0x2 c:/intelfpga/17.1/nios2eds/bin/gnu/h-x86_64-mingw32/bin/../lib/gcc/nios2-elf/5.3.0/../../../../../H-x86_64-mingw32/nios2-elf/lib\libc.a(lib_a-impure.o)
 *fill*         0x000000000000ce96        0x2 
 .rodata.str1.4
                0x000000000000ce98        0x4 c:/intelfpga/17.1/nios2eds/bin/gnu/h-x86_64-mingw32/bin/../lib/gcc/nios2-elf/5.3.0/../../../../../H-x86_64-mingw32/nios2-elf/lib\libc.a(lib_a-puts.o)
                                          0x2 (size before relaxing)
 .rodata        0x000000000000ce9c        0xa ../ChromaKey_bsp/\libhal_bsp.a(alt_dev.o)
 *fill*         0x000000000000cea6        0x2 
 .rodata        0x000000000000cea8        0xf ../ChromaKey_bsp/\libhal_bsp.a(alt_main.o)
 *fill*         0x000000000000ceb7        0x1 
 .rodata        0x000000000000ceb8      0x159 ../ChromaKey_bsp/\libhal_bsp.a(alt_sys_init.o)
 *fill*         0x000000000000d011        0x3 
 .rodata        0x000000000000d014       0x1a ../ChromaKey_bsp/\libhal_bsp.a(altera_up_avalon_video_character_buffer_with_dma.o)
 *(.rodata1)
                0x000000000000d030                . = ALIGN (0x4)
 *fill*         0x000000000000d02e        0x2 
                0x000000000000d030                PROVIDE (__ram_rodata_end, ABSOLUTE (.))
                0x000000000000cd2c                PROVIDE (__flash_rodata_start, LOADADDR (.rodata))

.rwdata         0x000000000000d030     0x1e78 load address 0x000000000000eea8
                0x000000000000d030                PROVIDE (__ram_rwdata_start, ABSOLUTE (.))
                0x000000000000d030                . = ALIGN (0x4)
 *(.got.plt)
 *(.got)
 *(.data1)
 *(.data .data.* .gnu.linkonce.d.*)
 .data          0x000000000000d030        0x0 ../ChromaKey_bsp//obj/HAL/src/crt0.o
 .data          0x000000000000d030        0x0 obj/default/test_mtl.o
 .data          0x000000000000d030        0x0 c:/intelfpga/17.1/nios2eds/bin/gnu/h-x86_64-mingw32/bin/../lib/gcc/nios2-elf/5.3.0/../../../../../H-x86_64-mingw32/nios2-elf/lib\libm.a(lib_a-s_ceil.o)
 .data          0x000000000000d030        0x0 c:/intelfpga/17.1/nios2eds/bin/gnu/h-x86_64-mingw32/bin/../lib/gcc/nios2-elf/5.3.0\libgcc.a(divsf3.o)
 .data          0x000000000000d030        0x0 c:/intelfpga/17.1/nios2eds/bin/gnu/h-x86_64-mingw32/bin/../lib/gcc/nios2-elf/5.3.0\libgcc.a(floatunsisf.o)
 .data          0x000000000000d030        0x0 c:/intelfpga/17.1/nios2eds/bin/gnu/h-x86_64-mingw32/bin/../lib/gcc/nios2-elf/5.3.0\libgcc.a(adddf3.o)
 .data          0x000000000000d030        0x0 c:/intelfpga/17.1/nios2eds/bin/gnu/h-x86_64-mingw32/bin/../lib/gcc/nios2-elf/5.3.0\libgcc.a(gedf2.o)
 .data          0x000000000000d030        0x0 c:/intelfpga/17.1/nios2eds/bin/gnu/h-x86_64-mingw32/bin/../lib/gcc/nios2-elf/5.3.0\libgcc.a(muldf3.o)
 .data          0x000000000000d030        0x0 c:/intelfpga/17.1/nios2eds/bin/gnu/h-x86_64-mingw32/bin/../lib/gcc/nios2-elf/5.3.0\libgcc.a(fixdfsi.o)
 .data          0x000000000000d030        0x0 c:/intelfpga/17.1/nios2eds/bin/gnu/h-x86_64-mingw32/bin/../lib/gcc/nios2-elf/5.3.0\libgcc.a(extendsfdf2.o)
 .data          0x000000000000d030        0x0 c:/intelfpga/17.1/nios2eds/bin/gnu/h-x86_64-mingw32/bin/../lib/gcc/nios2-elf/5.3.0\libgcc.a(_clzsi2.o)
 .data          0x000000000000d030        0x0 c:/intelfpga/17.1/nios2eds/bin/gnu/h-x86_64-mingw32/bin/../lib/gcc/nios2-elf/5.3.0\libgcc.a(_clz.o)
 .data          0x000000000000d030        0x0 c:/intelfpga/17.1/nios2eds/bin/gnu/h-x86_64-mingw32/bin/../lib/gcc/nios2-elf/5.3.0/../../../../../H-x86_64-mingw32/nios2-elf/lib\libc.a(lib_a-fclose.o)
 .data          0x000000000000d030        0x0 c:/intelfpga/17.1/nios2eds/bin/gnu/h-x86_64-mingw32/bin/../lib/gcc/nios2-elf/5.3.0/../../../../../H-x86_64-mingw32/nios2-elf/lib\libc.a(lib_a-fflush.o)
 .data          0x000000000000d030        0x0 c:/intelfpga/17.1/nios2eds/bin/gnu/h-x86_64-mingw32/bin/../lib/gcc/nios2-elf/5.3.0/../../../../../H-x86_64-mingw32/nios2-elf/lib\libc.a(lib_a-findfp.o)
 .data          0x000000000000d030        0x0 c:/intelfpga/17.1/nios2eds/bin/gnu/h-x86_64-mingw32/bin/../lib/gcc/nios2-elf/5.3.0/../../../../../H-x86_64-mingw32/nios2-elf/lib\libc.a(lib_a-fopen.o)
 .data          0x000000000000d030        0x0 c:/intelfpga/17.1/nios2eds/bin/gnu/h-x86_64-mingw32/bin/../lib/gcc/nios2-elf/5.3.0/../../../../../H-x86_64-mingw32/nios2-elf/lib\libc.a(lib_a-fread.o)
 .data          0x000000000000d030        0x0 c:/intelfpga/17.1/nios2eds/bin/gnu/h-x86_64-mingw32/bin/../lib/gcc/nios2-elf/5.3.0/../../../../../H-x86_64-mingw32/nios2-elf/lib\libc.a(lib_a-freer.o)
 .data          0x000000000000d030        0x0 c:/intelfpga/17.1/nios2eds/bin/gnu/h-x86_64-mingw32/bin/../lib/gcc/nios2-elf/5.3.0/../../../../../H-x86_64-mingw32/nios2-elf/lib\libc.a(lib_a-fseek.o)
 .data          0x000000000000d030        0x0 c:/intelfpga/17.1/nios2eds/bin/gnu/h-x86_64-mingw32/bin/../lib/gcc/nios2-elf/5.3.0/../../../../../H-x86_64-mingw32/nios2-elf/lib\libc.a(lib_a-fseeko.o)
 .data          0x000000000000d030        0x0 c:/intelfpga/17.1/nios2eds/bin/gnu/h-x86_64-mingw32/bin/../lib/gcc/nios2-elf/5.3.0/../../../../../H-x86_64-mingw32/nios2-elf/lib\libc.a(lib_a-fstatr.o)
 .data          0x000000000000d030        0x0 c:/intelfpga/17.1/nios2eds/bin/gnu/h-x86_64-mingw32/bin/../lib/gcc/nios2-elf/5.3.0/../../../../../H-x86_64-mingw32/nios2-elf/lib\libc.a(lib_a-fwalk.o)
 .data          0x000000000000d030        0x0 c:/intelfpga/17.1/nios2eds/bin/gnu/h-x86_64-mingw32/bin/../lib/gcc/nios2-elf/5.3.0/../../../../../H-x86_64-mingw32/nios2-elf/lib\libc.a(lib_a-impure.o)
 .data.impure_data
                0x000000000000d030      0x424 c:/intelfpga/17.1/nios2eds/bin/gnu/h-x86_64-mingw32/bin/../lib/gcc/nios2-elf/5.3.0/../../../../../H-x86_64-mingw32/nios2-elf/lib\libc.a(lib_a-impure.o)
 .data          0x000000000000d454        0x0 c:/intelfpga/17.1/nios2eds/bin/gnu/h-x86_64-mingw32/bin/../lib/gcc/nios2-elf/5.3.0/../../../../../H-x86_64-mingw32/nios2-elf/lib\libc.a(lib_a-int_errno.o)
 .data          0x000000000000d454        0x0 c:/intelfpga/17.1/nios2eds/bin/gnu/h-x86_64-mingw32/bin/../lib/gcc/nios2-elf/5.3.0/../../../../../H-x86_64-mingw32/nios2-elf/lib\libc.a(lib_a-makebuf.o)
 .data          0x000000000000d454        0x0 c:/intelfpga/17.1/nios2eds/bin/gnu/h-x86_64-mingw32/bin/../lib/gcc/nios2-elf/5.3.0/../../../../../H-x86_64-mingw32/nios2-elf/lib\libc.a(lib_a-malloc.o)
 .data          0x000000000000d454        0x0 c:/intelfpga/17.1/nios2eds/bin/gnu/h-x86_64-mingw32/bin/../lib/gcc/nios2-elf/5.3.0/../../../../../H-x86_64-mingw32/nios2-elf/lib\libc.a(lib_a-mallocr.o)
 .data.__malloc_av_
                0x000000000000d454      0x408 c:/intelfpga/17.1/nios2eds/bin/gnu/h-x86_64-mingw32/bin/../lib/gcc/nios2-elf/5.3.0/../../../../../H-x86_64-mingw32/nios2-elf/lib\libc.a(lib_a-mallocr.o)
                0x000000000000d454                __malloc_av_
 .data          0x000000000000d85c        0x0 c:/intelfpga/17.1/nios2eds/bin/gnu/h-x86_64-mingw32/bin/../lib/gcc/nios2-elf/5.3.0/../../../../../H-x86_64-mingw32/nios2-elf/lib\libc.a(lib_a-memcpy.o)
 .data          0x000000000000d85c        0x0 c:/intelfpga/17.1/nios2eds/bin/gnu/h-x86_64-mingw32/bin/../lib/gcc/nios2-elf/5.3.0/../../../../../H-x86_64-mingw32/nios2-elf/lib\libc.a(lib_a-memset.o)
 .data          0x000000000000d85c        0x0 c:/intelfpga/17.1/nios2eds/bin/gnu/h-x86_64-mingw32/bin/../lib/gcc/nios2-elf/5.3.0/../../../../../H-x86_64-mingw32/nios2-elf/lib\libc.a(lib_a-openr.o)
 .data          0x000000000000d85c        0x0 c:/intelfpga/17.1/nios2eds/bin/gnu/h-x86_64-mingw32/bin/../lib/gcc/nios2-elf/5.3.0/../../../../../H-x86_64-mingw32/nios2-elf/lib\libc.a(lib_a-puts.o)
 .data          0x000000000000d85c        0x0 c:/intelfpga/17.1/nios2eds/bin/gnu/h-x86_64-mingw32/bin/../lib/gcc/nios2-elf/5.3.0/../../../../../H-x86_64-mingw32/nios2-elf/lib\libc.a(lib_a-refill.o)
 .data          0x000000000000d85c        0x0 c:/intelfpga/17.1/nios2eds/bin/gnu/h-x86_64-mingw32/bin/../lib/gcc/nios2-elf/5.3.0/../../../../../H-x86_64-mingw32/nios2-elf/lib\libc.a(lib_a-sbrkr.o)
 .data          0x000000000000d85c        0x0 c:/intelfpga/17.1/nios2eds/bin/gnu/h-x86_64-mingw32/bin/../lib/gcc/nios2-elf/5.3.0/../../../../../H-x86_64-mingw32/nios2-elf/lib\libc.a(lib_a-stdio.o)
 .data          0x000000000000d85c        0x0 c:/intelfpga/17.1/nios2eds/bin/gnu/h-x86_64-mingw32/bin/../lib/gcc/nios2-elf/5.3.0/../../../../../H-x86_64-mingw32/nios2-elf/lib\libc.a(lib_a-strlen.o)
 .data          0x000000000000d85c        0x0 c:/intelfpga/17.1/nios2eds/bin/gnu/h-x86_64-mingw32/bin/../lib/gcc/nios2-elf/5.3.0/../../../../../H-x86_64-mingw32/nios2-elf/lib\libc.a(lib_a-writer.o)
 .data          0x000000000000d85c        0x0 c:/intelfpga/17.1/nios2eds/bin/gnu/h-x86_64-mingw32/bin/../lib/gcc/nios2-elf/5.3.0/../../../../../H-x86_64-mingw32/nios2-elf/lib\libc.a(closer.o)
 .data          0x000000000000d85c        0x0 c:/intelfpga/17.1/nios2eds/bin/gnu/h-x86_64-mingw32/bin/../lib/gcc/nios2-elf/5.3.0/../../../../../H-x86_64-mingw32/nios2-elf/lib\libc.a(lib_a-flags.o)
 .data          0x000000000000d85c        0x0 c:/intelfpga/17.1/nios2eds/bin/gnu/h-x86_64-mingw32/bin/../lib/gcc/nios2-elf/5.3.0/../../../../../H-x86_64-mingw32/nios2-elf/lib\libc.a(lib_a-fvwrite.o)
 .data          0x000000000000d85c        0x0 c:/intelfpga/17.1/nios2eds/bin/gnu/h-x86_64-mingw32/bin/../lib/gcc/nios2-elf/5.3.0/../../../../../H-x86_64-mingw32/nios2-elf/lib\libc.a(lib_a-isattyr.o)
 .data          0x000000000000d85c        0x0 c:/intelfpga/17.1/nios2eds/bin/gnu/h-x86_64-mingw32/bin/../lib/gcc/nios2-elf/5.3.0/../../../../../H-x86_64-mingw32/nios2-elf/lib\libc.a(lib_a-lseekr.o)
 .data          0x000000000000d85c        0x0 c:/intelfpga/17.1/nios2eds/bin/gnu/h-x86_64-mingw32/bin/../lib/gcc/nios2-elf/5.3.0/../../../../../H-x86_64-mingw32/nios2-elf/lib\libc.a(lib_a-memchr.o)
 .data          0x000000000000d85c        0x0 c:/intelfpga/17.1/nios2eds/bin/gnu/h-x86_64-mingw32/bin/../lib/gcc/nios2-elf/5.3.0/../../../../../H-x86_64-mingw32/nios2-elf/lib\libc.a(lib_a-memmove.o)
 .data          0x000000000000d85c        0x0 c:/intelfpga/17.1/nios2eds/bin/gnu/h-x86_64-mingw32/bin/../lib/gcc/nios2-elf/5.3.0/../../../../../H-x86_64-mingw32/nios2-elf/lib\libc.a(lib_a-readr.o)
 .data          0x000000000000d85c        0x0 c:/intelfpga/17.1/nios2eds/bin/gnu/h-x86_64-mingw32/bin/../lib/gcc/nios2-elf/5.3.0/../../../../../H-x86_64-mingw32/nios2-elf/lib\libc.a(lib_a-reallocr.o)
 .data          0x000000000000d85c        0x0 c:/intelfpga/17.1/nios2eds/bin/gnu/h-x86_64-mingw32/bin/../lib/gcc/nios2-elf/5.3.0/../../../../../H-x86_64-mingw32/nios2-elf/lib\libc.a(lib_a-wsetup.o)
 .data          0x000000000000d85c        0x0 c:/intelfpga/17.1/nios2eds/bin/gnu/h-x86_64-mingw32/bin/../lib/gcc/nios2-elf/5.3.0\libgcc.a(lib2-divmod.o)
 .data          0x000000000000d85c        0x0 ../ChromaKey_bsp/\libhal_bsp.a(alt_close.o)
 .data          0x000000000000d85c      0x1a8 ../ChromaKey_bsp/\libhal_bsp.a(alt_dev.o)
                0x000000000000d85c                alt_dev_null
                0x000000000000d884                alt_fd_list
 .data          0x000000000000da04        0x0 ../ChromaKey_bsp/\libhal_bsp.a(alt_errno.o)
 .data          0x000000000000da04        0x0 ../ChromaKey_bsp/\libhal_bsp.a(alt_fstat.o)
 .data          0x000000000000da04        0x0 ../ChromaKey_bsp/\libhal_bsp.a(alt_isatty.o)
 .data          0x000000000000da04        0x0 ../ChromaKey_bsp/\libhal_bsp.a(alt_load.o)
 .data          0x000000000000da04        0x0 ../ChromaKey_bsp/\libhal_bsp.a(alt_lseek.o)
 .data          0x000000000000da04        0x0 ../ChromaKey_bsp/\libhal_bsp.a(alt_main.o)
 .data          0x000000000000da04        0x0 ../ChromaKey_bsp/\libhal_bsp.a(alt_malloc_lock.o)
 .data          0x000000000000da04        0x0 ../ChromaKey_bsp/\libhal_bsp.a(alt_open.o)
 .data          0x000000000000da04        0x0 ../ChromaKey_bsp/\libhal_bsp.a(alt_read.o)
 .data          0x000000000000da04        0x0 ../ChromaKey_bsp/\libhal_bsp.a(alt_release_fd.o)
 .data          0x000000000000da04        0x0 ../ChromaKey_bsp/\libhal_bsp.a(alt_sbrk.o)
 .data          0x000000000000da04        0x0 ../ChromaKey_bsp/\libhal_bsp.a(alt_write.o)
 .data          0x000000000000da04     0x1464 ../ChromaKey_bsp/\libhal_bsp.a(alt_sys_init.o)
 .data          0x000000000000ee68        0x0 ../ChromaKey_bsp/\libhal_bsp.a(altera_avalon_cfi_flash.o)
 .data          0x000000000000ee68        0x0 ../ChromaKey_bsp/\libhal_bsp.a(altera_avalon_cfi_flash_table.o)
 .data          0x000000000000ee68        0x0 ../ChromaKey_bsp/\libhal_bsp.a(altera_avalon_jtag_uart_fd.o)
 .data          0x000000000000ee68        0x0 ../ChromaKey_bsp/\libhal_bsp.a(altera_avalon_jtag_uart_init.o)
 .data          0x000000000000ee68        0x0 ../ChromaKey_bsp/\libhal_bsp.a(altera_avalon_jtag_uart_ioctl.o)
 .data          0x000000000000ee68        0x0 ../ChromaKey_bsp/\libhal_bsp.a(altera_avalon_jtag_uart_read.o)
 .data          0x000000000000ee68        0x0 ../ChromaKey_bsp/\libhal_bsp.a(altera_avalon_jtag_uart_write.o)
 .data          0x000000000000ee68        0x0 ../ChromaKey_bsp/\libhal_bsp.a(altera_avalon_timer_sc.o)
 .data          0x000000000000ee68        0x0 ../ChromaKey_bsp/\libhal_bsp.a(altera_ro_zipfs.o)
 .data          0x000000000000ee68        0x0 ../ChromaKey_bsp/\libhal_bsp.a(altera_up_avalon_character_lcd.o)
 .data          0x000000000000ee68        0x0 ../ChromaKey_bsp/\libhal_bsp.a(altera_up_avalon_ps2.o)
 .data          0x000000000000ee68        0x0 ../ChromaKey_bsp/\libhal_bsp.a(altera_up_avalon_rs232.o)
 .data          0x000000000000ee68        0x0 ../ChromaKey_bsp/\libhal_bsp.a(altera_up_avalon_video_character_buffer_with_dma.o)
 .data          0x000000000000ee68        0x0 ../ChromaKey_bsp/\libhal_bsp.a(alt_alarm_start.o)
 .data          0x000000000000ee68        0x0 ../ChromaKey_bsp/\libhal_bsp.a(alt_dcache_flush.o)
 .data          0x000000000000ee68        0x0 ../ChromaKey_bsp/\libhal_bsp.a(alt_dcache_flush_all.o)
 .data          0x000000000000ee68        0x0 ../ChromaKey_bsp/\libhal_bsp.a(alt_dev_llist_insert.o)
 .data          0x000000000000ee68        0x0 ../ChromaKey_bsp/\libhal_bsp.a(alt_do_ctors.o)
 .data          0x000000000000ee68        0x0 ../ChromaKey_bsp/\libhal_bsp.a(alt_do_dtors.o)
 .data          0x000000000000ee68        0x0 ../ChromaKey_bsp/\libhal_bsp.a(alt_find_dev.o)
 .data          0x000000000000ee68        0x0 ../ChromaKey_bsp/\libhal_bsp.a(alt_find_file.o)
 .data          0x000000000000ee68        0x0 ../ChromaKey_bsp/\libhal_bsp.a(alt_flash_dev.o)
 .data          0x000000000000ee68        0x0 ../ChromaKey_bsp/\libhal_bsp.a(alt_fs_reg.o)
 .data          0x000000000000ee68        0x0 ../ChromaKey_bsp/\libhal_bsp.a(alt_get_fd.o)
 .data          0x000000000000ee68        0x0 ../ChromaKey_bsp/\libhal_bsp.a(alt_icache_flush_all.o)
 .data          0x000000000000ee68        0x0 ../ChromaKey_bsp/\libhal_bsp.a(alt_io_redirect.o)
 .data          0x000000000000ee68        0x0 ../ChromaKey_bsp/\libhal_bsp.a(alt_irq_register.o)
 .data          0x000000000000ee68        0x0 ../ChromaKey_bsp/\libhal_bsp.a(alt_irq_vars.o)
 .data          0x000000000000ee68        0x0 ../ChromaKey_bsp/\libhal_bsp.a(alt_tick.o)
 .data          0x000000000000ee68        0x0 ../ChromaKey_bsp/\libhal_bsp.a(altera_nios2_gen2_irq.o)
 .data          0x000000000000ee68        0x0 ../ChromaKey_bsp/\libhal_bsp.a(altera_avalon_cfi_flash_amd.o)
 .data          0x000000000000ee68        0x0 ../ChromaKey_bsp/\libhal_bsp.a(altera_avalon_cfi_flash_intel.o)
 .data          0x000000000000ee68        0x0 ../ChromaKey_bsp/\libhal_bsp.a(alt_icache_flush.o)
 .data          0x000000000000ee68        0x0 ../ChromaKey_bsp/\libhal_bsp.a(alt_irq_entry.o)
 .data          0x000000000000ee68        0x0 ../ChromaKey_bsp/\libhal_bsp.a(alt_irq_handler.o)
 .data          0x000000000000ee68        0x0 ../ChromaKey_bsp/\libhal_bsp.a(alt_usleep.o)
 .data          0x000000000000ee68        0x0 ../ChromaKey_bsp/\libhal_bsp.a(alt_busy_sleep.o)
 .data          0x000000000000ee68        0x0 ../ChromaKey_bsp/\libhal_bsp.a(alt_exception_entry.o)
 .data          0x000000000000ee68        0x0 ../ChromaKey_bsp/\libhal_bsp.a(alt_instruction_exception_entry.o)
 .data          0x000000000000ee68        0x0 c:/intelfpga/17.1/nios2eds/bin/gnu/h-x86_64-mingw32/bin/../lib/gcc/nios2-elf/5.3.0/../../../../../H-x86_64-mingw32/nios2-elf/lib\libc.a(lib_a-atexit.o)
 .data          0x000000000000ee68        0x0 c:/intelfpga/17.1/nios2eds/bin/gnu/h-x86_64-mingw32/bin/../lib/gcc/nios2-elf/5.3.0/../../../../../H-x86_64-mingw32/nios2-elf/lib\libc.a(lib_a-exit.o)
 .data          0x000000000000ee68        0x0 c:/intelfpga/17.1/nios2eds/bin/gnu/h-x86_64-mingw32/bin/../lib/gcc/nios2-elf/5.3.0/../../../../../H-x86_64-mingw32/nios2-elf/lib\libc.a(lib_a-memcmp.o)
 .data          0x000000000000ee68        0x0 c:/intelfpga/17.1/nios2eds/bin/gnu/h-x86_64-mingw32/bin/../lib/gcc/nios2-elf/5.3.0/../../../../../H-x86_64-mingw32/nios2-elf/lib\libc.a(lib_a-strcmp.o)
 .data          0x000000000000ee68        0x0 c:/intelfpga/17.1/nios2eds/bin/gnu/h-x86_64-mingw32/bin/../lib/gcc/nios2-elf/5.3.0/../../../../../H-x86_64-mingw32/nios2-elf/lib\libc.a(lib_a-strncmp.o)
 .data          0x000000000000ee68        0x0 c:/intelfpga/17.1/nios2eds/bin/gnu/h-x86_64-mingw32/bin/../lib/gcc/nios2-elf/5.3.0/../../../../../H-x86_64-mingw32/nios2-elf/lib\libc.a(lib_a-__atexit.o)
 .data          0x000000000000ee68        0x0 c:/intelfpga/17.1/nios2eds/bin/gnu/h-x86_64-mingw32/bin/../lib/gcc/nios2-elf/5.3.0/../../../../../H-x86_64-mingw32/nios2-elf/lib\libc.a(lib_a-__call_atexit.o)
 .data          0x000000000000ee68        0x0 ../ChromaKey_bsp/\libhal_bsp.a(alt_exit.o)
                0x0000000000016e68                _gp = ABSOLUTE ((. + 0x8000))
                [!provide]                        PROVIDE (gp, _gp)
 *(.rwdata .rwdata.*)
 *(.sdata .sdata.* .gnu.linkonce.s.*)
 .sdata._global_impure_ptr
                0x000000000000ee68        0x4 c:/intelfpga/17.1/nios2eds/bin/gnu/h-x86_64-mingw32/bin/../lib/gcc/nios2-elf/5.3.0/../../../../../H-x86_64-mingw32/nios2-elf/lib\libc.a(lib_a-impure.o)
                0x000000000000ee68                _global_impure_ptr
 .sdata._impure_ptr
                0x000000000000ee6c        0x4 c:/intelfpga/17.1/nios2eds/bin/gnu/h-x86_64-mingw32/bin/../lib/gcc/nios2-elf/5.3.0/../../../../../H-x86_64-mingw32/nios2-elf/lib\libc.a(lib_a-impure.o)
                0x000000000000ee6c                _impure_ptr
 .sdata.__malloc_sbrk_base
                0x000000000000ee70        0x4 c:/intelfpga/17.1/nios2eds/bin/gnu/h-x86_64-mingw32/bin/../lib/gcc/nios2-elf/5.3.0/../../../../../H-x86_64-mingw32/nios2-elf/lib\libc.a(lib_a-mallocr.o)
                0x000000000000ee70                __malloc_sbrk_base
 .sdata.__malloc_trim_threshold
                0x000000000000ee74        0x4 c:/intelfpga/17.1/nios2eds/bin/gnu/h-x86_64-mingw32/bin/../lib/gcc/nios2-elf/5.3.0/../../../../../H-x86_64-mingw32/nios2-elf/lib\libc.a(lib_a-mallocr.o)
                0x000000000000ee74                __malloc_trim_threshold
 .sdata         0x000000000000ee78       0x14 ../ChromaKey_bsp/\libhal_bsp.a(alt_dev.o)
                0x000000000000ee78                alt_fs_list
                0x000000000000ee80                alt_dev_list
                0x000000000000ee88                alt_max_fd
 .sdata         0x000000000000ee8c        0x4 ../ChromaKey_bsp/\libhal_bsp.a(alt_errno.o)
                0x000000000000ee8c                alt_errno
 .sdata         0x000000000000ee90        0x4 ../ChromaKey_bsp/\libhal_bsp.a(alt_sbrk.o)
 .sdata         0x000000000000ee94        0x8 ../ChromaKey_bsp/\libhal_bsp.a(alt_flash_dev.o)
                0x000000000000ee94                alt_flash_dev_list
 .sdata         0x000000000000ee9c        0x4 ../ChromaKey_bsp/\libhal_bsp.a(alt_irq_vars.o)
                0x000000000000ee9c                alt_priority_mask
 .sdata         0x000000000000eea0        0x8 ../ChromaKey_bsp/\libhal_bsp.a(alt_tick.o)
                0x000000000000eea0                alt_alarm_list
 *(.sdata2 .sdata2.* .gnu.linkonce.s2.*)
                0x000000000000eea8                . = ALIGN (0x4)
                0x000000000000eea8                _edata = ABSOLUTE (.)
                [!provide]                        PROVIDE (edata, ABSOLUTE (.))
                0x000000000000eea8                PROVIDE (__ram_rwdata_end, ABSOLUTE (.))
                0x000000000000eea8                PROVIDE (__flash_rwdata_start, LOADADDR (.rwdata))

.bss            0x0000000000010d20      0x154
                0x0000000000010d20                __bss_start = ABSOLUTE (.)
                [!provide]                        PROVIDE (__sbss_start, ABSOLUTE (.))
                [!provide]                        PROVIDE (___sbss_start, ABSOLUTE (.))
 *(.dynsbss)
 *(.sbss .sbss.* .gnu.linkonce.sb.*)
 .sbss          0x0000000000010d20        0x4 c:/intelfpga/17.1/nios2eds/bin/gnu/h-x86_64-mingw32/bin/../lib/gcc/nios2-elf/5.3.0/../../../../../H-x86_64-mingw32/nios2-elf/lib\libc.a(lib_a-int_errno.o)
                0x0000000000010d20                errno
 .sbss.__malloc_max_total_mem
                0x0000000000010d24        0x4 c:/intelfpga/17.1/nios2eds/bin/gnu/h-x86_64-mingw32/bin/../lib/gcc/nios2-elf/5.3.0/../../../../../H-x86_64-mingw32/nios2-elf/lib\libc.a(lib_a-mallocr.o)
                0x0000000000010d24                __malloc_max_total_mem
 .sbss.__malloc_max_sbrked_mem
                0x0000000000010d28        0x4 c:/intelfpga/17.1/nios2eds/bin/gnu/h-x86_64-mingw32/bin/../lib/gcc/nios2-elf/5.3.0/../../../../../H-x86_64-mingw32/nios2-elf/lib\libc.a(lib_a-mallocr.o)
                0x0000000000010d28                __malloc_max_sbrked_mem
 .sbss.__malloc_top_pad
                0x0000000000010d2c        0x4 c:/intelfpga/17.1/nios2eds/bin/gnu/h-x86_64-mingw32/bin/../lib/gcc/nios2-elf/5.3.0/../../../../../H-x86_64-mingw32/nios2-elf/lib\libc.a(lib_a-mallocr.o)
                0x0000000000010d2c                __malloc_top_pad
 .sbss          0x0000000000010d30        0xc ../ChromaKey_bsp/\libhal_bsp.a(alt_main.o)
                0x0000000000010d30                alt_argc
                0x0000000000010d34                alt_argv
                0x0000000000010d38                alt_envp
 .sbss          0x0000000000010d3c        0x4 ../ChromaKey_bsp/\libhal_bsp.a(alt_irq_vars.o)
                0x0000000000010d3c                alt_irq_active
 .sbss          0x0000000000010d40        0x8 ../ChromaKey_bsp/\libhal_bsp.a(alt_tick.o)
                0x0000000000010d40                _alt_tick_rate
                0x0000000000010d44                _alt_nticks
 .sbss          0x0000000000010d48        0x4 ../ChromaKey_bsp/\libhal_bsp.a(alt_instruction_exception_entry.o)
                0x0000000000010d48                alt_instruction_exception_handler
 *(.sbss2 .sbss2.* .gnu.linkonce.sb2.*)
 *(.scommon)
                [!provide]                        PROVIDE (__sbss_end, ABSOLUTE (.))
                [!provide]                        PROVIDE (___sbss_end, ABSOLUTE (.))
 *(.dynbss)
 *(.bss .bss.* .gnu.linkonce.b.*)
 .bss           0x0000000000010d4c        0x0 ../ChromaKey_bsp//obj/HAL/src/crt0.o
 .bss           0x0000000000010d4c        0x0 obj/default/test_mtl.o
 .bss           0x0000000000010d4c        0x0 c:/intelfpga/17.1/nios2eds/bin/gnu/h-x86_64-mingw32/bin/../lib/gcc/nios2-elf/5.3.0/../../../../../H-x86_64-mingw32/nios2-elf/lib\libm.a(lib_a-s_ceil.o)
 .bss           0x0000000000010d4c        0x0 c:/intelfpga/17.1/nios2eds/bin/gnu/h-x86_64-mingw32/bin/../lib/gcc/nios2-elf/5.3.0\libgcc.a(divsf3.o)
 .bss           0x0000000000010d4c        0x0 c:/intelfpga/17.1/nios2eds/bin/gnu/h-x86_64-mingw32/bin/../lib/gcc/nios2-elf/5.3.0\libgcc.a(floatunsisf.o)
 .bss           0x0000000000010d4c        0x0 c:/intelfpga/17.1/nios2eds/bin/gnu/h-x86_64-mingw32/bin/../lib/gcc/nios2-elf/5.3.0\libgcc.a(adddf3.o)
 .bss           0x0000000000010d4c        0x0 c:/intelfpga/17.1/nios2eds/bin/gnu/h-x86_64-mingw32/bin/../lib/gcc/nios2-elf/5.3.0\libgcc.a(gedf2.o)
 .bss           0x0000000000010d4c        0x0 c:/intelfpga/17.1/nios2eds/bin/gnu/h-x86_64-mingw32/bin/../lib/gcc/nios2-elf/5.3.0\libgcc.a(muldf3.o)
 .bss           0x0000000000010d4c        0x0 c:/intelfpga/17.1/nios2eds/bin/gnu/h-x86_64-mingw32/bin/../lib/gcc/nios2-elf/5.3.0\libgcc.a(fixdfsi.o)
 .bss           0x0000000000010d4c        0x0 c:/intelfpga/17.1/nios2eds/bin/gnu/h-x86_64-mingw32/bin/../lib/gcc/nios2-elf/5.3.0\libgcc.a(extendsfdf2.o)
 .bss           0x0000000000010d4c        0x0 c:/intelfpga/17.1/nios2eds/bin/gnu/h-x86_64-mingw32/bin/../lib/gcc/nios2-elf/5.3.0\libgcc.a(_clzsi2.o)
 .bss           0x0000000000010d4c        0x0 c:/intelfpga/17.1/nios2eds/bin/gnu/h-x86_64-mingw32/bin/../lib/gcc/nios2-elf/5.3.0\libgcc.a(_clz.o)
 .bss           0x0000000000010d4c        0x0 c:/intelfpga/17.1/nios2eds/bin/gnu/h-x86_64-mingw32/bin/../lib/gcc/nios2-elf/5.3.0/../../../../../H-x86_64-mingw32/nios2-elf/lib\libc.a(lib_a-fclose.o)
 .bss           0x0000000000010d4c        0x0 c:/intelfpga/17.1/nios2eds/bin/gnu/h-x86_64-mingw32/bin/../lib/gcc/nios2-elf/5.3.0/../../../../../H-x86_64-mingw32/nios2-elf/lib\libc.a(lib_a-fflush.o)
 .bss           0x0000000000010d4c        0x0 c:/intelfpga/17.1/nios2eds/bin/gnu/h-x86_64-mingw32/bin/../lib/gcc/nios2-elf/5.3.0/../../../../../H-x86_64-mingw32/nios2-elf/lib\libc.a(lib_a-findfp.o)
 .bss           0x0000000000010d4c        0x0 c:/intelfpga/17.1/nios2eds/bin/gnu/h-x86_64-mingw32/bin/../lib/gcc/nios2-elf/5.3.0/../../../../../H-x86_64-mingw32/nios2-elf/lib\libc.a(lib_a-fopen.o)
 .bss           0x0000000000010d4c        0x0 c:/intelfpga/17.1/nios2eds/bin/gnu/h-x86_64-mingw32/bin/../lib/gcc/nios2-elf/5.3.0/../../../../../H-x86_64-mingw32/nios2-elf/lib\libc.a(lib_a-fread.o)
 .bss           0x0000000000010d4c        0x0 c:/intelfpga/17.1/nios2eds/bin/gnu/h-x86_64-mingw32/bin/../lib/gcc/nios2-elf/5.3.0/../../../../../H-x86_64-mingw32/nios2-elf/lib\libc.a(lib_a-freer.o)
 .bss           0x0000000000010d4c        0x0 c:/intelfpga/17.1/nios2eds/bin/gnu/h-x86_64-mingw32/bin/../lib/gcc/nios2-elf/5.3.0/../../../../../H-x86_64-mingw32/nios2-elf/lib\libc.a(lib_a-fseek.o)
 .bss           0x0000000000010d4c        0x0 c:/intelfpga/17.1/nios2eds/bin/gnu/h-x86_64-mingw32/bin/../lib/gcc/nios2-elf/5.3.0/../../../../../H-x86_64-mingw32/nios2-elf/lib\libc.a(lib_a-fseeko.o)
 .bss           0x0000000000010d4c        0x0 c:/intelfpga/17.1/nios2eds/bin/gnu/h-x86_64-mingw32/bin/../lib/gcc/nios2-elf/5.3.0/../../../../../H-x86_64-mingw32/nios2-elf/lib\libc.a(lib_a-fstatr.o)
 .bss           0x0000000000010d4c        0x0 c:/intelfpga/17.1/nios2eds/bin/gnu/h-x86_64-mingw32/bin/../lib/gcc/nios2-elf/5.3.0/../../../../../H-x86_64-mingw32/nios2-elf/lib\libc.a(lib_a-fwalk.o)
 .bss           0x0000000000010d4c        0x0 c:/intelfpga/17.1/nios2eds/bin/gnu/h-x86_64-mingw32/bin/../lib/gcc/nios2-elf/5.3.0/../../../../../H-x86_64-mingw32/nios2-elf/lib\libc.a(lib_a-impure.o)
 .bss           0x0000000000010d4c        0x0 c:/intelfpga/17.1/nios2eds/bin/gnu/h-x86_64-mingw32/bin/../lib/gcc/nios2-elf/5.3.0/../../../../../H-x86_64-mingw32/nios2-elf/lib\libc.a(lib_a-int_errno.o)
 .bss           0x0000000000010d4c        0x0 c:/intelfpga/17.1/nios2eds/bin/gnu/h-x86_64-mingw32/bin/../lib/gcc/nios2-elf/5.3.0/../../../../../H-x86_64-mingw32/nios2-elf/lib\libc.a(lib_a-makebuf.o)
 .bss           0x0000000000010d4c        0x0 c:/intelfpga/17.1/nios2eds/bin/gnu/h-x86_64-mingw32/bin/../lib/gcc/nios2-elf/5.3.0/../../../../../H-x86_64-mingw32/nios2-elf/lib\libc.a(lib_a-malloc.o)
 .bss           0x0000000000010d4c        0x0 c:/intelfpga/17.1/nios2eds/bin/gnu/h-x86_64-mingw32/bin/../lib/gcc/nios2-elf/5.3.0/../../../../../H-x86_64-mingw32/nios2-elf/lib\libc.a(lib_a-mallocr.o)
 .bss.__malloc_current_mallinfo
                0x0000000000010d4c       0x28 c:/intelfpga/17.1/nios2eds/bin/gnu/h-x86_64-mingw32/bin/../lib/gcc/nios2-elf/5.3.0/../../../../../H-x86_64-mingw32/nios2-elf/lib\libc.a(lib_a-mallocr.o)
                0x0000000000010d4c                __malloc_current_mallinfo
 .bss           0x0000000000010d74        0x0 c:/intelfpga/17.1/nios2eds/bin/gnu/h-x86_64-mingw32/bin/../lib/gcc/nios2-elf/5.3.0/../../../../../H-x86_64-mingw32/nios2-elf/lib\libc.a(lib_a-memcpy.o)
 .bss           0x0000000000010d74        0x0 c:/intelfpga/17.1/nios2eds/bin/gnu/h-x86_64-mingw32/bin/../lib/gcc/nios2-elf/5.3.0/../../../../../H-x86_64-mingw32/nios2-elf/lib\libc.a(lib_a-memset.o)
 .bss           0x0000000000010d74        0x0 c:/intelfpga/17.1/nios2eds/bin/gnu/h-x86_64-mingw32/bin/../lib/gcc/nios2-elf/5.3.0/../../../../../H-x86_64-mingw32/nios2-elf/lib\libc.a(lib_a-openr.o)
 .bss           0x0000000000010d74        0x0 c:/intelfpga/17.1/nios2eds/bin/gnu/h-x86_64-mingw32/bin/../lib/gcc/nios2-elf/5.3.0/../../../../../H-x86_64-mingw32/nios2-elf/lib\libc.a(lib_a-puts.o)
 .bss           0x0000000000010d74        0x0 c:/intelfpga/17.1/nios2eds/bin/gnu/h-x86_64-mingw32/bin/../lib/gcc/nios2-elf/5.3.0/../../../../../H-x86_64-mingw32/nios2-elf/lib\libc.a(lib_a-refill.o)
 .bss           0x0000000000010d74        0x0 c:/intelfpga/17.1/nios2eds/bin/gnu/h-x86_64-mingw32/bin/../lib/gcc/nios2-elf/5.3.0/../../../../../H-x86_64-mingw32/nios2-elf/lib\libc.a(lib_a-sbrkr.o)
 .bss           0x0000000000010d74        0x0 c:/intelfpga/17.1/nios2eds/bin/gnu/h-x86_64-mingw32/bin/../lib/gcc/nios2-elf/5.3.0/../../../../../H-x86_64-mingw32/nios2-elf/lib\libc.a(lib_a-stdio.o)
 .bss           0x0000000000010d74        0x0 c:/intelfpga/17.1/nios2eds/bin/gnu/h-x86_64-mingw32/bin/../lib/gcc/nios2-elf/5.3.0/../../../../../H-x86_64-mingw32/nios2-elf/lib\libc.a(lib_a-strlen.o)
 .bss           0x0000000000010d74        0x0 c:/intelfpga/17.1/nios2eds/bin/gnu/h-x86_64-mingw32/bin/../lib/gcc/nios2-elf/5.3.0/../../../../../H-x86_64-mingw32/nios2-elf/lib\libc.a(lib_a-writer.o)
 .bss           0x0000000000010d74        0x0 c:/intelfpga/17.1/nios2eds/bin/gnu/h-x86_64-mingw32/bin/../lib/gcc/nios2-elf/5.3.0/../../../../../H-x86_64-mingw32/nios2-elf/lib\libc.a(closer.o)
 .bss           0x0000000000010d74        0x0 c:/intelfpga/17.1/nios2eds/bin/gnu/h-x86_64-mingw32/bin/../lib/gcc/nios2-elf/5.3.0/../../../../../H-x86_64-mingw32/nios2-elf/lib\libc.a(lib_a-flags.o)
 .bss           0x0000000000010d74        0x0 c:/intelfpga/17.1/nios2eds/bin/gnu/h-x86_64-mingw32/bin/../lib/gcc/nios2-elf/5.3.0/../../../../../H-x86_64-mingw32/nios2-elf/lib\libc.a(lib_a-fvwrite.o)
 .bss           0x0000000000010d74        0x0 c:/intelfpga/17.1/nios2eds/bin/gnu/h-x86_64-mingw32/bin/../lib/gcc/nios2-elf/5.3.0/../../../../../H-x86_64-mingw32/nios2-elf/lib\libc.a(lib_a-isattyr.o)
 .bss           0x0000000000010d74        0x0 c:/intelfpga/17.1/nios2eds/bin/gnu/h-x86_64-mingw32/bin/../lib/gcc/nios2-elf/5.3.0/../../../../../H-x86_64-mingw32/nios2-elf/lib\libc.a(lib_a-lseekr.o)
 .bss           0x0000000000010d74        0x0 c:/intelfpga/17.1/nios2eds/bin/gnu/h-x86_64-mingw32/bin/../lib/gcc/nios2-elf/5.3.0/../../../../../H-x86_64-mingw32/nios2-elf/lib\libc.a(lib_a-memchr.o)
 .bss           0x0000000000010d74        0x0 c:/intelfpga/17.1/nios2eds/bin/gnu/h-x86_64-mingw32/bin/../lib/gcc/nios2-elf/5.3.0/../../../../../H-x86_64-mingw32/nios2-elf/lib\libc.a(lib_a-memmove.o)
 .bss           0x0000000000010d74        0x0 c:/intelfpga/17.1/nios2eds/bin/gnu/h-x86_64-mingw32/bin/../lib/gcc/nios2-elf/5.3.0/../../../../../H-x86_64-mingw32/nios2-elf/lib\libc.a(lib_a-readr.o)
 .bss           0x0000000000010d74        0x0 c:/intelfpga/17.1/nios2eds/bin/gnu/h-x86_64-mingw32/bin/../lib/gcc/nios2-elf/5.3.0/../../../../../H-x86_64-mingw32/nios2-elf/lib\libc.a(lib_a-reallocr.o)
 .bss           0x0000000000010d74        0x0 c:/intelfpga/17.1/nios2eds/bin/gnu/h-x86_64-mingw32/bin/../lib/gcc/nios2-elf/5.3.0/../../../../../H-x86_64-mingw32/nios2-elf/lib\libc.a(lib_a-wsetup.o)
 .bss           0x0000000000010d74        0x0 c:/intelfpga/17.1/nios2eds/bin/gnu/h-x86_64-mingw32/bin/../lib/gcc/nios2-elf/5.3.0\libgcc.a(lib2-divmod.o)
 .bss           0x0000000000010d74        0x0 ../ChromaKey_bsp/\libhal_bsp.a(alt_close.o)
 .bss           0x0000000000010d74        0x0 ../ChromaKey_bsp/\libhal_bsp.a(alt_dev.o)
 .bss           0x0000000000010d74        0x0 ../ChromaKey_bsp/\libhal_bsp.a(alt_errno.o)
 .bss           0x0000000000010d74        0x0 ../ChromaKey_bsp/\libhal_bsp.a(alt_fstat.o)
 .bss           0x0000000000010d74        0x0 ../ChromaKey_bsp/\libhal_bsp.a(alt_isatty.o)
 .bss           0x0000000000010d74        0x0 ../ChromaKey_bsp/\libhal_bsp.a(alt_load.o)
 .bss           0x0000000000010d74        0x0 ../ChromaKey_bsp/\libhal_bsp.a(alt_lseek.o)
 .bss           0x0000000000010d74        0x0 ../ChromaKey_bsp/\libhal_bsp.a(alt_main.o)
 .bss           0x0000000000010d74        0x0 ../ChromaKey_bsp/\libhal_bsp.a(alt_malloc_lock.o)
 .bss           0x0000000000010d74        0x0 ../ChromaKey_bsp/\libhal_bsp.a(alt_open.o)
 .bss           0x0000000000010d74        0x0 ../ChromaKey_bsp/\libhal_bsp.a(alt_read.o)
 .bss           0x0000000000010d74        0x0 ../ChromaKey_bsp/\libhal_bsp.a(alt_release_fd.o)
 .bss           0x0000000000010d74        0x0 ../ChromaKey_bsp/\libhal_bsp.a(alt_sbrk.o)
 .bss           0x0000000000010d74        0x0 ../ChromaKey_bsp/\libhal_bsp.a(alt_write.o)
 .bss           0x0000000000010d74        0x0 ../ChromaKey_bsp/\libhal_bsp.a(alt_sys_init.o)
 .bss           0x0000000000010d74        0x0 ../ChromaKey_bsp/\libhal_bsp.a(altera_avalon_cfi_flash.o)
 .bss           0x0000000000010d74        0x0 ../ChromaKey_bsp/\libhal_bsp.a(altera_avalon_cfi_flash_table.o)
 .bss           0x0000000000010d74        0x0 ../ChromaKey_bsp/\libhal_bsp.a(altera_avalon_jtag_uart_fd.o)
 .bss           0x0000000000010d74        0x0 ../ChromaKey_bsp/\libhal_bsp.a(altera_avalon_jtag_uart_init.o)
 .bss           0x0000000000010d74        0x0 ../ChromaKey_bsp/\libhal_bsp.a(altera_avalon_jtag_uart_ioctl.o)
 .bss           0x0000000000010d74        0x0 ../ChromaKey_bsp/\libhal_bsp.a(altera_avalon_jtag_uart_read.o)
 .bss           0x0000000000010d74        0x0 ../ChromaKey_bsp/\libhal_bsp.a(altera_avalon_jtag_uart_write.o)
 .bss           0x0000000000010d74        0x0 ../ChromaKey_bsp/\libhal_bsp.a(altera_avalon_timer_sc.o)
 .bss           0x0000000000010d74        0x0 ../ChromaKey_bsp/\libhal_bsp.a(altera_ro_zipfs.o)
 .bss           0x0000000000010d74        0x0 ../ChromaKey_bsp/\libhal_bsp.a(altera_up_avalon_character_lcd.o)
 .bss           0x0000000000010d74        0x0 ../ChromaKey_bsp/\libhal_bsp.a(altera_up_avalon_ps2.o)
 .bss           0x0000000000010d74        0x0 ../ChromaKey_bsp/\libhal_bsp.a(altera_up_avalon_rs232.o)
 .bss           0x0000000000010d74        0x0 ../ChromaKey_bsp/\libhal_bsp.a(altera_up_avalon_video_character_buffer_with_dma.o)
 .bss           0x0000000000010d74        0x0 ../ChromaKey_bsp/\libhal_bsp.a(alt_alarm_start.o)
 .bss           0x0000000000010d74        0x0 ../ChromaKey_bsp/\libhal_bsp.a(alt_dcache_flush.o)
 .bss           0x0000000000010d74        0x0 ../ChromaKey_bsp/\libhal_bsp.a(alt_dcache_flush_all.o)
 .bss           0x0000000000010d74        0x0 ../ChromaKey_bsp/\libhal_bsp.a(alt_dev_llist_insert.o)
 .bss           0x0000000000010d74        0x0 ../ChromaKey_bsp/\libhal_bsp.a(alt_do_ctors.o)
 .bss           0x0000000000010d74        0x0 ../ChromaKey_bsp/\libhal_bsp.a(alt_do_dtors.o)
 .bss           0x0000000000010d74        0x0 ../ChromaKey_bsp/\libhal_bsp.a(alt_find_dev.o)
 .bss           0x0000000000010d74        0x0 ../ChromaKey_bsp/\libhal_bsp.a(alt_find_file.o)
 .bss           0x0000000000010d74        0x0 ../ChromaKey_bsp/\libhal_bsp.a(alt_flash_dev.o)
 .bss           0x0000000000010d74        0x0 ../ChromaKey_bsp/\libhal_bsp.a(alt_fs_reg.o)
 .bss           0x0000000000010d74        0x0 ../ChromaKey_bsp/\libhal_bsp.a(alt_get_fd.o)
 .bss           0x0000000000010d74        0x0 ../ChromaKey_bsp/\libhal_bsp.a(alt_icache_flush_all.o)
 .bss           0x0000000000010d74        0x0 ../ChromaKey_bsp/\libhal_bsp.a(alt_io_redirect.o)
 .bss           0x0000000000010d74        0x0 ../ChromaKey_bsp/\libhal_bsp.a(alt_irq_register.o)
 .bss           0x0000000000010d74        0x0 ../ChromaKey_bsp/\libhal_bsp.a(alt_irq_vars.o)
 .bss           0x0000000000010d74        0x0 ../ChromaKey_bsp/\libhal_bsp.a(alt_tick.o)
 .bss           0x0000000000010d74        0x0 ../ChromaKey_bsp/\libhal_bsp.a(altera_nios2_gen2_irq.o)
 .bss           0x0000000000010d74        0x0 ../ChromaKey_bsp/\libhal_bsp.a(altera_avalon_cfi_flash_amd.o)
 .bss           0x0000000000010d74        0x0 ../ChromaKey_bsp/\libhal_bsp.a(altera_avalon_cfi_flash_intel.o)
 .bss           0x0000000000010d74        0x0 ../ChromaKey_bsp/\libhal_bsp.a(alt_icache_flush.o)
 .bss           0x0000000000010d74        0x0 ../ChromaKey_bsp/\libhal_bsp.a(alt_irq_entry.o)
 .bss           0x0000000000010d74        0x0 ../ChromaKey_bsp/\libhal_bsp.a(alt_irq_handler.o)
 .bss           0x0000000000010d74        0x0 ../ChromaKey_bsp/\libhal_bsp.a(alt_usleep.o)
 .bss           0x0000000000010d74        0x0 ../ChromaKey_bsp/\libhal_bsp.a(alt_busy_sleep.o)
 .bss           0x0000000000010d74        0x0 ../ChromaKey_bsp/\libhal_bsp.a(alt_exception_entry.o)
 .bss           0x0000000000010d74        0x0 ../ChromaKey_bsp/\libhal_bsp.a(alt_instruction_exception_entry.o)
 .bss           0x0000000000010d74        0x0 c:/intelfpga/17.1/nios2eds/bin/gnu/h-x86_64-mingw32/bin/../lib/gcc/nios2-elf/5.3.0/../../../../../H-x86_64-mingw32/nios2-elf/lib\libc.a(lib_a-atexit.o)
 .bss           0x0000000000010d74        0x0 c:/intelfpga/17.1/nios2eds/bin/gnu/h-x86_64-mingw32/bin/../lib/gcc/nios2-elf/5.3.0/../../../../../H-x86_64-mingw32/nios2-elf/lib\libc.a(lib_a-exit.o)
 .bss           0x0000000000010d74        0x0 c:/intelfpga/17.1/nios2eds/bin/gnu/h-x86_64-mingw32/bin/../lib/gcc/nios2-elf/5.3.0/../../../../../H-x86_64-mingw32/nios2-elf/lib\libc.a(lib_a-memcmp.o)
 .bss           0x0000000000010d74        0x0 c:/intelfpga/17.1/nios2eds/bin/gnu/h-x86_64-mingw32/bin/../lib/gcc/nios2-elf/5.3.0/../../../../../H-x86_64-mingw32/nios2-elf/lib\libc.a(lib_a-strcmp.o)
 .bss           0x0000000000010d74        0x0 c:/intelfpga/17.1/nios2eds/bin/gnu/h-x86_64-mingw32/bin/../lib/gcc/nios2-elf/5.3.0/../../../../../H-x86_64-mingw32/nios2-elf/lib\libc.a(lib_a-strncmp.o)
 .bss           0x0000000000010d74        0x0 c:/intelfpga/17.1/nios2eds/bin/gnu/h-x86_64-mingw32/bin/../lib/gcc/nios2-elf/5.3.0/../../../../../H-x86_64-mingw32/nios2-elf/lib\libc.a(lib_a-__atexit.o)
 .bss           0x0000000000010d74        0x0 c:/intelfpga/17.1/nios2eds/bin/gnu/h-x86_64-mingw32/bin/../lib/gcc/nios2-elf/5.3.0/../../../../../H-x86_64-mingw32/nios2-elf/lib\libc.a(lib_a-__call_atexit.o)
 .bss           0x0000000000010d74        0x0 ../ChromaKey_bsp/\libhal_bsp.a(alt_exit.o)
 *(COMMON)
 COMMON         0x0000000000010d74      0x100 ../ChromaKey_bsp/\libhal_bsp.a(alt_irq_handler.o)
                0x0000000000010d74                alt_irq
                0x0000000000010e74                . = ALIGN (0x4)
                0x0000000000010e74                __bss_end = ABSOLUTE (.)

.sdram          0x0000000000010e74        0x0
                [!provide]                        PROVIDE (_alt_partition_sdram_start, ABSOLUTE (.))
 *(.sdram .sdram. sdram.*)
                0x0000000000010e74                . = ALIGN (0x4)
                [!provide]                        PROVIDE (_alt_partition_sdram_end, ABSOLUTE (.))
                0x0000000000010e74                _end = ABSOLUTE (.)
                0x0000000000010e74                end = ABSOLUTE (.)
                0x0000000000010e74                __alt_stack_base = ABSOLUTE (.)
                [!provide]                        PROVIDE (_alt_partition_sdram_load_addr, LOADADDR (.sdram))

.flash_controller
                0x0000000008000000        0x0 load address 0x0000000000010e74
                [!provide]                        PROVIDE (_alt_partition_flash_controller_start, ABSOLUTE (.))
 *(.flash_controller .flash_controller. flash_controller.*)
                0x0000000008000000                . = ALIGN (0x4)
                [!provide]                        PROVIDE (_alt_partition_flash_controller_end, ABSOLUTE (.))
                [!provide]                        PROVIDE (_alt_partition_flash_controller_load_addr, LOADADDR (.flash_controller))

.onchip_memory  0x0000000008800000        0x0 load address 0x0000000000010e74
                [!provide]                        PROVIDE (_alt_partition_onchip_memory_start, ABSOLUTE (.))
 *(.onchip_memory .onchip_memory. onchip_memory.*)
                0x0000000008800000                . = ALIGN (0x4)
                [!provide]                        PROVIDE (_alt_partition_onchip_memory_end, ABSOLUTE (.))
                [!provide]                        PROVIDE (_alt_partition_onchip_memory_load_addr, LOADADDR (.onchip_memory))

.stab
 *(.stab)

.stabstr
 *(.stabstr)

.stab.excl
 *(.stab.excl)

.stab.exclstr
 *(.stab.exclstr)

.stab.index
 *(.stab.index)

.stab.indexstr
 *(.stab.indexstr)

.comment        0x0000000000000000       0x23
 *(.comment)
 .comment       0x0000000000000000       0x23 obj/default/test_mtl.o
                                         0x24 (size before relaxing)
 .comment       0x0000000000000023       0x24 c:/intelfpga/17.1/nios2eds/bin/gnu/h-x86_64-mingw32/bin/../lib/gcc/nios2-elf/5.3.0/../../../../../H-x86_64-mingw32/nios2-elf/lib\libm.a(lib_a-s_ceil.o)
 .comment       0x0000000000000023       0x24 c:/intelfpga/17.1/nios2eds/bin/gnu/h-x86_64-mingw32/bin/../lib/gcc/nios2-elf/5.3.0\libgcc.a(divsf3.o)
 .comment       0x0000000000000023       0x24 c:/intelfpga/17.1/nios2eds/bin/gnu/h-x86_64-mingw32/bin/../lib/gcc/nios2-elf/5.3.0\libgcc.a(floatunsisf.o)
 .comment       0x0000000000000023       0x24 c:/intelfpga/17.1/nios2eds/bin/gnu/h-x86_64-mingw32/bin/../lib/gcc/nios2-elf/5.3.0\libgcc.a(adddf3.o)
 .comment       0x0000000000000023       0x24 c:/intelfpga/17.1/nios2eds/bin/gnu/h-x86_64-mingw32/bin/../lib/gcc/nios2-elf/5.3.0\libgcc.a(gedf2.o)
 .comment       0x0000000000000023       0x24 c:/intelfpga/17.1/nios2eds/bin/gnu/h-x86_64-mingw32/bin/../lib/gcc/nios2-elf/5.3.0\libgcc.a(muldf3.o)
 .comment       0x0000000000000023       0x24 c:/intelfpga/17.1/nios2eds/bin/gnu/h-x86_64-mingw32/bin/../lib/gcc/nios2-elf/5.3.0\libgcc.a(fixdfsi.o)
 .comment       0x0000000000000023       0x24 c:/intelfpga/17.1/nios2eds/bin/gnu/h-x86_64-mingw32/bin/../lib/gcc/nios2-elf/5.3.0\libgcc.a(extendsfdf2.o)